 NTDirect32

 Timestamp is 5bd6db12 (Mon Oct 29 11:04:02 2018)

 Preferred load address is 10000000

 Start         Length     Name                   Class
 0001:00000000 000000d0H .text$di                CODE
 0001:000000d0 0001f922H .text$mn                CODE
 0001:0001f9f2 000001efH .text$x                 CODE
 0001:0001fbe1 00000050H .text$yd                CODE
 0002:00000000 000001a4H .idata$5                DATA
 0002:000001a4 00000004H .00cfg                  DATA
 0002:000001a8 00000004H .CRT$XCA                DATA
 0002:000001ac 0000001cH .CRT$XCC                DATA
 0002:000001c8 00000008H .CRT$XCL                DATA
 0002:000001d0 00000004H .CRT$XCU                DATA
 0002:000001d4 00000004H .CRT$XCZ                DATA
 0002:000001d8 00000004H .CRT$XIA                DATA
 0002:000001dc 00000014H .CRT$XIC                DATA
 0002:000001f0 00000004H .CRT$XIZ                DATA
 0002:000001f4 00000004H .CRT$XPA                DATA
 0002:000001f8 00000008H .CRT$XPX                DATA
 0002:00000200 00000004H .CRT$XPXA               DATA
 0002:00000204 00000004H .CRT$XPZ                DATA
 0002:00000208 00000004H .CRT$XTA                DATA
 0002:0000020c 00000004H .CRT$XTZ                DATA
 0002:00000210 00000000H .gfids$y                DATA
 0002:00000210 0000d070H .rdata                  DATA
 0002:0000d280 00000920H .rdata$r                DATA
 0002:0000dba0 0000004cH .rdata$sxdata           DATA
 0002:0000dbec 000003e8H .rdata$zzzdbg           DATA
 0002:0000dfd4 00000004H .rtc$IAA                DATA
 0002:0000dfd8 00000004H .rtc$IZZ                DATA
 0002:0000dfdc 00000004H .rtc$TAA                DATA
 0002:0000dfe0 00000008H .rtc$TZZ                DATA
 0002:0000dfe8 00000a14H .xdata$x                DATA
 0002:0000e9fc 00000020H .didat$2                DATA
 0002:0000ea1c 00000020H .didat$3                DATA
 0002:0000ea3c 00000080H .didat$4                DATA
 0002:0000eabc 000002f0H .didat$6                DATA
 0002:0000edac 00000084H .didat$7                DATA
 0002:0000ee30 00000058H .edata                  DATA
 0002:0000ee88 00000028H .idata$2                DATA
 0002:0000eeb0 00000014H .idata$3                DATA
 0002:0000eec4 000001a4H .idata$4                DATA
 0002:0000f068 000005a0H .idata$6                DATA
 0003:00000000 000009d8H .data                   DATA
 0003:000009d8 00000448H .data$r                 DATA
 0003:00000e20 00000080H .didat$5                DATA
 0003:00000ea0 00000e94H .bss                    DATA
 0004:00000000 00000060H .rsrc$01                DATA
 0004:00000060 00000180H .rsrc$02                DATA

  Address         Publics by Value              Rva+Base       Lib:Object

 0000:00000000       ___guard_iat_count         00000000     <absolute>
 0000:00000000       ___guard_longjmp_count     00000000     <absolute>
 0000:00000000       ___guard_fids_count        00000000     <absolute>
 0000:00000000       ___guard_longjmp_table     00000000     <absolute>
 0000:00000000       __except_list              00000000     <absolute>
 0000:00000000       ___hybrid_code_map_count   00000000     <absolute>
 0000:00000000       ___hybrid_auxiliary_iat    00000000     <absolute>
 0000:00000000       ___dynamic_value_reloc_table 00000000     <absolute>
 0000:00000000       ___guard_fids_table        00000000     <absolute>
 0000:00000000       ___guard_iat_table         00000000     <absolute>
 0000:00000000       ___volatile_metadata       00000000     <absolute>
 0000:00000000       ___enclave_config          00000000     <absolute>
 0000:00000000       ___hybrid_code_map         00000000     <absolute>
 0000:00000013       ___safe_se_handler_count   00000013     <absolute>
 0000:00000100       ___guard_flags             00000100     <absolute>
 0000:00000000       ___ImageBase               10000000     <linker-defined>
 0001:000000d0       ?Initialize@@YA?AVObject@Napi@@VEnv@2@V12@@Z 100010d0 f   main.obj
 0001:00000100       ?__napi_Initialize@@YAPAUnapi_value__@@PAUnapi_env__@@PAU1@@Z 10001100 f   main.obj
 0001:00000140       ___local_stdio_printf_options 10001140 f i api.obj
 0001:00000150       ?what@exception@stdext@@UBEPBDXZ 10001150 f i api.obj
 0001:00000160       ?_Raise@exception@stdext@@QBEXXZ 10001160 f i api.obj
 0001:00000190       ?_Doraise@exception@stdext@@MBEXXZ 10001190 f i api.obj
 0001:00000190       ?_Lock@?$basic_streambuf@DU?$char_traits@D@std@@@std@@UAEXXZ 10001190 f i libcpmt:cout.obj
 0001:00000190       @_guard_check_icall_nop@4  10001190 f i LIBCMT:guard_support.obj
 0001:00000190       ?_Unlock@?$basic_streambuf@DU?$char_traits@D@std@@@std@@UAEXXZ 10001190 f i libcpmt:cout.obj
 0001:000001a0       ??_Eexception@stdext@@UAEPAXI@Z 100011a0 f i * CIL library *:* CIL module *
 0001:000001a0       ??_Gruntime_error@std@@UAEPAXI@Z 100011a0 f i api.obj
 0001:000001a0       ??_Eruntime_error@std@@UAEPAXI@Z 100011a0 f i * CIL library *:* CIL module *
 0001:000001a0       ??_Gexception@stdext@@UAEPAXI@Z 100011a0 f i api.obj
 0001:000001d0       ??0runtime_error@std@@QAE@PBD@Z 100011d0 f i api.obj
 0001:000001f0       ??0_Locinfo@std@@QAE@PBD@Z 100011f0 f i api.obj
 0001:00000270       ??1_Locinfo@std@@QAE@XZ    10001270 f i api.obj
 0001:00000310       ??_G_Facet_base@std@@UAEPAXI@Z 10001310 f i api.obj
 0001:00000310       ??_E_Facet_base@std@@UAEPAXI@Z 10001310 f i * CIL library *:* CIL module *
 0001:00000340       ??Bid@locale@std@@QAEIXZ   10001340 f i api.obj
 0001:00000380       ?_Incref@facet@locale@std@@UAEXXZ 10001380 f i api.obj
 0001:00000390       ?_Decref@facet@locale@std@@UAEPAV_Facet_base@3@XZ 10001390 f i api.obj
 0001:000003b0       ??0locale@std@@QAE@ABV01@@Z 100013b0 f i api.obj
 0001:000003d0       ??1locale@std@@QAE@XZ      100013d0 f i api.obj
 0001:000003f0       ?c_str@locale@std@@QBEPBDXZ 100013f0 f i api.obj
 0001:00000410       ?_Getfacet@locale@std@@QBEPBVfacet@12@I@Z 10001410 f i api.obj
 0001:00000450       ?do_tolower@?$ctype@D@std@@MBEDD@Z 10001450 f i api.obj
 0001:00000470       ?do_tolower@?$ctype@D@std@@MBEPBDPADPBD@Z 10001470 f i api.obj
 0001:000004b0       ?do_toupper@?$ctype@D@std@@MBEDD@Z 100014b0 f i api.obj
 0001:000004d0       ?do_toupper@?$ctype@D@std@@MBEPBDPADPBD@Z 100014d0 f i api.obj
 0001:00000510       ?do_widen@?$ctype@D@std@@MBEDD@Z 10001510 f i api.obj
 0001:00000520       ?do_widen@?$ctype@D@std@@MBEPBDPBD0PAD@Z 10001520 f i api.obj
 0001:00000540       ?do_narrow@?$ctype@D@std@@MBEDDD@Z 10001540 f i api.obj
 0001:00000550       ?do_narrow@?$ctype@D@std@@MBEPBDPBD0DPAD@Z 10001550 f i api.obj
 0001:00000570       ??_E?$ctype@D@std@@MAEPAXI@Z 10001570 f i * CIL library *:* CIL module *
 0001:00000570       ??_G?$ctype@D@std@@MAEPAXI@Z 10001570 f i api.obj
 0001:000005c0       ?default_error_condition@error_category@std@@UBE?AVerror_condition@2@H@Z 100015c0 f i api.obj
 0001:000005d0       ?equivalent@error_category@std@@UBE_NHABVerror_condition@2@@Z 100015d0 f i api.obj
 0001:00000610       ?equivalent@error_category@std@@UBE_NABVerror_code@2@H@Z 10001610 f i api.obj
 0001:00000640       ?make_error_code@std@@YA?AVerror_code@1@W4io_errc@1@@Z 10001640 f i api.obj
 0001:00000670       ??0_System_error@std@@IAE@Verror_code@1@ABV?$basic_string@DU?$char_traits@D@std@@V?$allocator@D@2@@1@@Z 10001670 f i api.obj
 0001:000008e0       ??_G_System_error@std@@UAEPAXI@Z 100018e0 f i api.obj
 0001:000008e0       ??_E_System_error@std@@UAEPAXI@Z 100018e0 f i * CIL library *:* CIL module *
 0001:000008e0       ??_Efailure@ios_base@std@@UAEPAXI@Z 100018e0 f i * CIL library *:* CIL module *
 0001:000008e0       ??_Gfailure@ios_base@std@@UAEPAXI@Z 100018e0 f i api.obj
 0001:00000910       ?name@_Iostream_error_category@std@@UBEPBDXZ 10001910 f i api.obj
 0001:00000920       ?message@_Iostream_error_category@std@@UBE?AV?$basic_string@DU?$char_traits@D@std@@V?$allocator@D@2@@2@H@Z 10001920 f i api.obj
 0001:00000960       ??_E_Iostream_error_category@std@@UAEPAXI@Z 10001960 f i * CIL library *:* CIL module *
 0001:00000960       ??_G_Iostream_error_category@std@@UAEPAXI@Z 10001960 f i api.obj
 0001:00000980       ??0failure@ios_base@std@@QAE@PBDABVerror_code@2@@Z 10001980 f i api.obj
 0001:00000a10       ?clear@ios_base@std@@QAEXH_N@Z 10001a10 f i api.obj
 0001:00000a70       ??1Error@Napi@@QAE@XZ      10001a70 f i api.obj
 0001:00000ae0       ?Undefined@Env@Napi@@QBE?AVValue@2@XZ 10001ae0 f i api.obj
 0001:00000b70       ?ToNumber@Value@Napi@@QBE?AVNumber@2@XZ 10001b70 f i api.obj
 0001:00000c00       ?ToString@Value@Napi@@QBE?AVString@2@XZ 10001c00 f i api.obj
 0001:00000c90       ?New@Number@Napi@@SA?AV12@PAUnapi_env__@@N@Z 10001c90 f i api.obj
 0001:00000d20       ?Int32Value@Number@Napi@@QBEHXZ 10001d20 f i api.obj
 0001:00000d90       ?New@String@Napi@@SA?AV12@PAUnapi_env__@@ABV?$basic_string@DU?$char_traits@D@std@@V?$allocator@D@2@@std@@@Z 10001d90 f i api.obj
 0001:00000e20       ?New@String@Napi@@SA?AV12@PAUnapi_env__@@PBD@Z 10001e20 f i api.obj
 0001:00000ec0       ?Utf8Value@String@Napi@@QBE?AV?$basic_string@DU?$char_traits@D@std@@V?$allocator@D@2@@std@@XZ 10001ec0 f i api.obj
 0001:00001030       ?Get@Object@Napi@@QBE?AVValue@2@PBD@Z 10002030 f i api.obj
 0001:000010c0       ?New@Error@Napi@@SA?AV12@PAUnapi_env__@@@Z 100020c0 f i api.obj
 0001:00001280       ?ThrowAsJavaScriptException@Error@Napi@@QBEXXZ 10002280 f i api.obj
 0001:00001360       ?New@TypeError@Napi@@SA?AV12@PAUnapi_env__@@PBD@Z 10002360 f i api.obj
 0001:00001470       ??ACallbackInfo@Napi@@QBE?BVValue@1@I@Z 10002470 f i api.obj
 0001:000014d0       ?getCharFromString@@YAPADV?$basic_string@DU?$char_traits@D@std@@V?$allocator@D@2@@std@@@Z 100024d0 f   api.obj
 0001:00001540       ?AskWrapper@api@@YA?AVValue@Napi@@ABVCallbackInfo@3@@Z 10002540 f   api.obj
 0001:00001900       ?AskPlaybackWrapper@api@@YA?AVValue@Napi@@ABVCallbackInfo@3@@Z 10002900 f   api.obj
 0001:00001d80       ?AvgEntryPriceWrapper@api@@YA?AVValue@Napi@@ABVCallbackInfo@3@@Z 10002d80 f   api.obj
 0001:00001ff0       ?AvgFillPriceWrapper@api@@YA?AVValue@Napi@@ABVCallbackInfo@3@@Z 10002ff0 f   api.obj
 0001:000021b0       ?BidWrapper@api@@YA?AVValue@Napi@@ABVCallbackInfo@3@@Z 100031b0 f   api.obj
 0001:00002570       ?BidPlaybackWrapper@api@@YA?AVValue@Napi@@ABVCallbackInfo@3@@Z 10003570 f   api.obj
 0001:000029f0       ?BuyingPowerWrapper@api@@YA?AVValue@Napi@@ABVCallbackInfo@3@@Z 100039f0 f   api.obj
 0001:00002b60       ?CashValueWrapper@api@@YA?AVValue@Napi@@ABVCallbackInfo@3@@Z 10003b60 f   api.obj
 0001:00002cd0       ?ConfirmOrdersWrapper@api@@YA?AVValue@Napi@@ABVCallbackInfo@3@@Z 10003cd0 f   api.obj
 0001:00002e00       ?ConnectedWrapper@api@@YA?AVValue@Napi@@ABVCallbackInfo@3@@Z 10003e00 f   api.obj
 0001:00002f30       ?FilledWrapper@api@@YA?AVValue@Napi@@ABVCallbackInfo@3@@Z 10003f30 f   api.obj
 0001:000030f0       ?LastWrapper@api@@YA?AVValue@Napi@@ABVCallbackInfo@3@@Z 100040f0 f   api.obj
 0001:000034b0       ?LastPlaybackWrapper@api@@YA?AVValue@Napi@@ABVCallbackInfo@3@@Z 100044b0 f   api.obj
 0001:00003930       ?MarketDataWrapper@api@@YA?AVValue@Napi@@ABVCallbackInfo@3@@Z 10004930 f   api.obj
 0001:00003c20       ?MarketPositionWrapper@api@@YA?AVValue@Napi@@ABVCallbackInfo@3@@Z 10004c20 f   api.obj
 0001:00003f10       ?NewOrderIdWrapper@api@@YA?AVValue@Napi@@ABVCallbackInfo@3@@Z 10004f10 f   api.obj
 0001:00003fb0       ?OrderStatusWrapper@api@@YA?AVValue@Napi@@ABVCallbackInfo@3@@Z 10004fb0 f   api.obj
 0001:00004170       ?RealizedPnLWrapper@api@@YA?AVValue@Napi@@ABVCallbackInfo@3@@Z 10005170 f   api.obj
 0001:000042e0       ?SetUpWrapper@api@@YA?AVValue@Napi@@ABVCallbackInfo@3@@Z 100052e0 f   api.obj
 0001:00004560       ?StopOrdersWrapper@api@@YA?AVValue@Napi@@ABVCallbackInfo@3@@Z 10005560 f   api.obj
 0001:00004720       ?StrategiesWrapper@api@@YA?AVValue@Napi@@ABVCallbackInfo@3@@Z 10005720 f   api.obj
 0001:000048b0       ?StrategyPositionWrapper@api@@YA?AVValue@Napi@@ABVCallbackInfo@3@@Z 100058b0 f   api.obj
 0001:00004ad0       ?SubscribeMarketDataWrapper@api@@YA?AVValue@Napi@@ABVCallbackInfo@3@@Z 10005ad0 f   api.obj
 0001:00004c40       ?TargetOrdersWrapper@api@@YA?AVValue@Napi@@ABVCallbackInfo@3@@Z 10005c40 f   api.obj
 0001:00004e00       ?TearDownWrapper@api@@YA?AVValue@Napi@@ABVCallbackInfo@3@@Z 10005e00 f   api.obj
 0001:00004e90       ?UnsubscribeMarketDataWrapper@api@@YA?AVValue@Napi@@ABVCallbackInfo@3@@Z 10005e90 f   api.obj
 0001:00005000       ?Config@api@@YA?AVValue@Napi@@ABVCallbackInfo@3@@Z 10006000 f   api.obj
 0001:00005380       ?Host@api@@YA?AVValue@Napi@@ABVCallbackInfo@3@@Z 10006380 f   api.obj
 0001:000054b0       ?Port@api@@YA?AVValue@Napi@@ABVCallbackInfo@3@@Z 100064b0 f   api.obj
 0001:00005640       ?Account@api@@YA?AVValue@Napi@@ABVCallbackInfo@3@@Z 10006640 f   api.obj
 0001:00005770       ?Instrument@api@@YA?AVValue@Napi@@ABVCallbackInfo@3@@Z 10006770 f   api.obj
 0001:000058a0       ?Init@api@@YA?AVObject@Napi@@VEnv@3@V23@@Z 100068a0 f   api.obj
 0001:00006250       ?reserve@?$basic_string@DU?$char_traits@D@std@@V?$allocator@D@2@@std@@QAEXI@Z 10007250 f i api.obj
 0001:000063d0       ?resize@?$basic_string@DU?$char_traits@D@std@@V?$allocator@D@2@@std@@QAEXID@Z 100073d0 f i api.obj
 0001:00006440       ??1?$basic_string@DU?$char_traits@D@std@@V?$allocator@D@2@@std@@QAE@XZ 10007440 f i api.obj
 0001:00006440       ?_Tidy_deallocate@?$basic_string@DU?$char_traits@D@std@@V?$allocator@D@2@@std@@QAEXXZ 10007440 f i api.obj
 0001:00006490       ??0?$basic_string@DU?$char_traits@D@std@@V?$allocator@D@2@@std@@QAE@QBD@Z 10007490 f i api.obj
 0001:000065d0       ?_Xran@?$_String_val@U?$_Simple_types@D@std@@@std@@SAXXZ 100075d0 f i api.obj
 0001:000065e0       ??$use_facet@V?$ctype@D@std@@@std@@YAABV?$ctype@D@0@ABVlocale@0@@Z 100075e0 f i api.obj
 0001:00006710       ??$New@P6A?AVValue@Napi@@ABVCallbackInfo@2@@Z@Function@Napi@@SA?AV01@PAUnapi_env__@@P6A?AVValue@1@ABVCallbackInfo@1@@ZPBDPAX@Z 10007710 f i api.obj
 0001:00006850       ??$_Reallocate_grow_by@V<lambda_c1b8c41cb4019640539cfd828748c4d4>@@ID@?$basic_string@DU?$char_traits@D@std@@V?$allocator@D@2@@std@@QAEAAV01@IV<lambda_c1b8c41cb4019640539cfd828748c4d4>@@ID@Z 10007850 f i api.obj
 0001:000069a0       ??$_Reallocate_grow_by@V<lambda_ab246b20b9526e2ef7792587e4298a77>@@PBDI@?$basic_string@DU?$char_traits@D@std@@V?$allocator@D@2@@std@@QAEAAV01@IV<lambda_ab246b20b9526e2ef7792587e4298a77>@@PBDI@Z 100079a0 f i api.obj
 0001:00006af0       ??$_Allocate@$07U_Default_allocate_traits@std@@$0A@@std@@YAPAXI@Z 10007af0 f i api.obj
 0001:00006b40       ??$_Deallocate@$07$0A@@std@@YAXPAXI@Z 10007b40 f i api.obj
 0001:00006b80       ?Wrapper@?$CallbackData@P6A?AVValue@Napi@@ABVCallbackInfo@2@@ZV12@@details@Napi@@SAPAUnapi_value__@@PAUnapi_env__@@PAUnapi_callback_info__@@@Z 10007b80 f i api.obj
 0001:00006cc0       ??1?$unique_ptr@V_Facet_base@std@@U?$default_delete@V_Facet_base@std@@@2@@std@@QAE@XZ 10007cc0 f i api.obj
 0001:00006cd0       ?_Xlen@?$basic_string@DU?$char_traits@D@std@@V?$allocator@D@2@@std@@SAXXZ 10007cd0 f i api.obj
 0001:00006ce0       ?_Calculate_growth@?$basic_string@DU?$char_traits@D@std@@V?$allocator@D@2@@std@@QBEII@Z 10007ce0 f i api.obj
 0001:00006d20       ??$_Immortalize_impl@V_Iostream_error_category@std@@@std@@YGHPAX0PAPAX@Z 10007d20 f i api.obj
 0001:00006d96       __imp_load__napi_module_register 10007d96 f   node:node.exe
 0001:00006da0       __tailMerge_node_exe       10007da0     node:node.exe
 0001:00006db1       __imp_load__napi_create_function 10007db1 f   node:node.exe
 0001:00006dbb       __imp_load__napi_open_handle_scope 10007dbb f   node:node.exe
 0001:00006dc5       __imp_load__napi_coerce_to_number 10007dc5 f   node:node.exe
 0001:00006dcf       __imp_load__napi_get_last_error_info 10007dcf f   node:node.exe
 0001:00006dd9       __imp_load__napi_create_error 10007dd9 f   node:node.exe
 0001:00006de3       __imp_load__napi_coerce_to_object 10007de3 f   node:node.exe
 0001:00006ded       __imp_load__napi_delete_reference 10007ded f   node:node.exe
 0001:00006df7       __imp_load__napi_fatal_error 10007df7 f   node:node.exe
 0001:00006e01       __imp_load__napi_is_exception_pending 10007e01 f   node:node.exe
 0001:00006e0b       __imp_load__napi_create_symbol 10007e0b f   node:node.exe
 0001:00006e15       __imp_load__napi_get_value_string_utf8 10007e15 f   node:node.exe
 0001:00006e1f       __imp_load__napi_coerce_to_string 10007e1f f   node:node.exe
 0001:00006e29       __imp_load__napi_create_type_error 10007e29 f   node:node.exe
 0001:00006e33       __imp_load__napi_create_external 10007e33 f   node:node.exe
 0001:00006e3d       __imp_load__napi_create_string_utf8 10007e3d f   node:node.exe
 0001:00006e47       __imp_load__napi_set_named_property 10007e47 f   node:node.exe
 0001:00006e51       __imp_load__napi_has_named_property 10007e51 f   node:node.exe
 0001:00006e5b       __imp_load__napi_get_named_property 10007e5b f   node:node.exe
 0001:00006e65       __imp_load__napi_define_properties 10007e65 f   node:node.exe
 0001:00006e6f       __imp_load__napi_typeof    10007e6f f   node:node.exe
 0001:00006e79       __imp_load__napi_throw     10007e79 f   node:node.exe
 0001:00006e83       __imp_load__napi_get_value_int32 10007e83 f   node:node.exe
 0001:00006e8d       __imp_load__napi_get_and_clear_last_exception 10007e8d f   node:node.exe
 0001:00006e97       __imp_load__napi_get_undefined 10007e97 f   node:node.exe
 0001:00006ea1       __imp_load__napi_get_cb_info 10007ea1 f   node:node.exe
 0001:00006eab       __imp_load__napi_get_value_double 10007eab f   node:node.exe
 0001:00006eb5       __imp_load__napi_create_reference 10007eb5 f   node:node.exe
 0001:00006ebf       __imp_load__napi_close_handle_scope 10007ebf f   node:node.exe
 0001:00006ec9       __imp_load__napi_create_double 10007ec9 f   node:node.exe
 0001:00006ed3       __imp_load__napi_get_reference_value 10007ed3 f   node:node.exe
 0001:00006edd       ??0_Init_locks@std@@QAE@XZ 10007edd f   libcpmt:xlock.obj
 0001:00006f0a       ??0_Lockit@std@@QAE@H@Z    10007f0a f   libcpmt:xlock.obj
 0001:00006f3b       ??1_Init_locks@std@@QAE@XZ 10007f3b f   libcpmt:xlock.obj
 0001:00006f62       ??1_Lockit@std@@QAE@XZ     10007f62 f   libcpmt:xlock.obj
 0001:00006f81       ??0exception@std@@QAE@ABV01@@Z 10007f81 f i libcpmt:xonce.obj
 0001:00006fad       ??0exception@std@@QAE@QBD@Z 10007fad f i libcpmt:xonce.obj
 0001:00006fe2       ??_Eout_of_range@std@@UAEPAXI@Z 10007fe2 f i libcpmt:xthrow.obj
 0001:00006fe2       ??_Gbad_array_new_length@std@@UAEPAXI@Z 10007fe2 f i LIBCMT:throw_bad_alloc.obj
 0001:00006fe2       ??_Gexception@std@@UAEPAXI@Z 10007fe2 f i libcpmt:xonce.obj
 0001:00006fe2       ??_Elength_error@std@@UAEPAXI@Z 10007fe2 f i libcpmt:xthrow.obj
 0001:00006fe2       ??_Eexception@std@@UAEPAXI@Z 10007fe2 f i libcpmt:xonce.obj
 0001:00006fe2       ??_Gbad_alloc@std@@UAEPAXI@Z 10007fe2 f i libcpmt:xthrow.obj
 0001:00006fe2       ??_Gbad_cast@std@@UAEPAXI@Z 10007fe2 f i libcpmt:cout.obj
 0001:00006fe2       ??_Elogic_error@std@@UAEPAXI@Z 10007fe2 f i libcpmt:xthrow.obj
 0001:00006fe2       ??_Ebad_array_new_length@std@@UAEPAXI@Z 10007fe2 f i LIBCMT:throw_bad_alloc.obj
 0001:00006fe2       ??_Glogic_error@std@@UAEPAXI@Z 10007fe2 f i libcpmt:xthrow.obj
 0001:00006fe2       ??_Ebad_cast@std@@UAEPAXI@Z 10007fe2 f i libcpmt:cout.obj
 0001:00006fe2       ??_Ebad_alloc@std@@UAEPAXI@Z 10007fe2 f i libcpmt:xthrow.obj
 0001:00006fe2       ??_Gout_of_range@std@@UAEPAXI@Z 10007fe2 f i libcpmt:xthrow.obj
 0001:00006fe2       ??_Glength_error@std@@UAEPAXI@Z 10007fe2 f i libcpmt:xthrow.obj
 0001:00006fe2       ??_Ebad_exception@std@@UAEPAXI@Z 10007fe2 f i libvcruntime:frame.obj
 0001:00006fe2       ??_Gbad_exception@std@@UAEPAXI@Z 10007fe2 f i libvcruntime:frame.obj
 0001:0000700f       ?_Execute_once@std@@YAHAAUonce_flag@1@P6GHPAX1PAPAX@Z1@Z 1000800f f   libcpmt:xonce.obj
 0001:00007027       ?what@exception@std@@UBEPBDXZ 10008027 f i libcpmt:xonce.obj
 0001:00007034       ??$_Fgetc@D@std@@YA_NAADPAU_iobuf@@@Z 10008034 f i libcpmt:cout.obj
 0001:00007054       ??$_Fputc@D@std@@YA_NDPAU_iobuf@@@Z 10008054 f i libcpmt:cout.obj
 0001:00007112       ??$use_facet@V?$codecvt@DDU_Mbstatet@@@std@@@std@@YAABV?$codecvt@DDU_Mbstatet@@@0@ABVlocale@0@@Z 10008112 f i libcpmt:cout.obj
 0001:000071b8       ??0?$basic_ostream@DU?$char_traits@D@std@@@std@@QAE@PAV?$basic_streambuf@DU?$char_traits@D@std@@@1@_N@Z 100081b8 f i libcpmt:cout.obj
 0001:0000721f       ??0?$basic_streambuf@DU?$char_traits@D@std@@@std@@IAE@XZ 1000821f f i libcpmt:cout.obj
 0001:00007266       ??0?$fpos@U_Mbstatet@@@std@@QAE@U_Mbstatet@@_J@Z 10008266 f i libcpmt:cout.obj
 0001:0000728e       ??0_Init_cout@std@@QAE@XZ  1000828e f i libcpmt:cout.obj
 0001:000072e7       ??0bad_cast@std@@QAE@ABV01@@Z 100082e7 f i libcpmt:cout.obj
 0001:00007302       ??0bad_cast@std@@QAE@XZ    10008302 f i libcpmt:cout.obj
 0001:0000731a       ??1?$basic_filebuf@DU?$char_traits@D@std@@@std@@UAE@XZ 1000831a f i libcpmt:cout.obj
 0001:00007372       ??1?$basic_ios@DU?$char_traits@D@std@@@std@@UAE@XZ 10008372 f i libcpmt:cout.obj
 0001:000073b2       ??1?$basic_streambuf@DU?$char_traits@D@std@@@std@@UAE@XZ 100083b2 f i libcpmt:cout.obj
 0001:000073d3       ??1bad_exception@std@@UAE@XZ 100083d3 f i libvcruntime:frame.obj
 0001:000073d3       ??1bad_cast@std@@UAE@XZ    100083d3 f i libcpmt:cout.obj
 0001:000073d3       ??1out_of_range@std@@UAE@XZ 100083d3 f i libcpmt:xthrow.obj
 0001:000073d3       ??1bad_alloc@std@@UAE@XZ   100083d3 f i libcpmt:xthrow.obj
 0001:000073d3       ??1bad_array_new_length@std@@UAE@XZ 100083d3 f i LIBCMT:throw_bad_alloc.obj
 0001:000073d3       ??1length_error@std@@UAE@XZ 100083d3 f i libcpmt:xthrow.obj
 0001:000073e4       ??_D?$basic_ostream@DU?$char_traits@D@std@@@std@@QAEXXZ 100083e4 f i libcpmt:cout.obj
 0001:00007442       ??_E?$basic_ostream@DU?$char_traits@D@std@@@std@@$4PPPPPPPM@A@AEPAXI@Z 10008442 f i libcpmt:cout.obj
 0001:0000744a       ??_E?$basic_filebuf@DU?$char_traits@D@std@@@std@@UAEPAXI@Z 1000844a f i libcpmt:cout.obj
 0001:0000744a       ??_G?$basic_filebuf@DU?$char_traits@D@std@@@std@@UAEPAXI@Z 1000844a f i libcpmt:cout.obj
 0001:0000746c       ??_E?$basic_ios@DU?$char_traits@D@std@@@std@@UAEPAXI@Z 1000846c f i libcpmt:cout.obj
 0001:0000746c       ??_G?$basic_ios@DU?$char_traits@D@std@@@std@@UAEPAXI@Z 1000846c f i libcpmt:cout.obj
 0001:000074c4       ??_E?$basic_ostream@DU?$char_traits@D@std@@@std@@UAEPAXI@Z 100084c4 f i libcpmt:cout.obj
 0001:000074c4       ??_G?$basic_ostream@DU?$char_traits@D@std@@@std@@UAEPAXI@Z 100084c4 f i libcpmt:cout.obj
 0001:000074e9       ??_E?$basic_streambuf@DU?$char_traits@D@std@@@std@@UAEPAXI@Z 100084e9 f i libcpmt:cout.obj
 0001:000074e9       ??_G?$basic_streambuf@DU?$char_traits@D@std@@@std@@UAEPAXI@Z 100084e9 f i libcpmt:cout.obj
 0001:0000750b       ??_G?$codecvt@DDU_Mbstatet@@@std@@MAEPAXI@Z 1000850b f i libcpmt:cout.obj
 0001:0000750b       ??_E?$codecvt@DDU_Mbstatet@@@std@@MAEPAXI@Z 1000850b f i libcpmt:cout.obj
 0001:0000752e       ??_Eios_base@std@@UAEPAXI@Z 1000852e f i libcpmt:cout.obj
 0001:0000752e       ??_Gios_base@std@@UAEPAXI@Z 1000852e f i libcpmt:cout.obj
 0001:00007586       ?_Endwrite@?$basic_filebuf@DU?$char_traits@D@std@@@std@@IAE_NXZ 10008586 f i libcpmt:cout.obj
 0001:00007636       ?_Getcat@?$codecvt@DDU_Mbstatet@@@std@@SAIPAPBVfacet@locale@2@PBV42@@Z 10008636 f i libcpmt:cout.obj
 0001:0000769e       ?_Init@?$basic_filebuf@DU?$char_traits@D@std@@@std@@IAEXPAU_iobuf@@W4_Initfl@12@@Z 1000869e f i libcpmt:cout.obj
 0001:0000771a       ?_Init@?$basic_streambuf@DU?$char_traits@D@std@@@std@@IAEXXZ 1000871a f i libcpmt:cout.obj
 0001:0000775e       ?_Init@ios_base@std@@IAEXXZ 1000875e f i libcpmt:cout.obj
 0001:000077c4       ?_Initcvt@?$basic_filebuf@DU?$char_traits@D@std@@@std@@IAEXABV?$codecvt@DDU_Mbstatet@@@2@@Z 100087c4 f i libcpmt:cout.obj
 0001:000077ef       ?_Lock@?$basic_filebuf@DU?$char_traits@D@std@@@std@@UAEXXZ 100087ef f i libcpmt:cout.obj
 0001:000077ff       ?_Reset_back@?$basic_filebuf@DU?$char_traits@D@std@@@std@@AAEXXZ 100087ff f i libcpmt:cout.obj
 0001:00007822       ?_Set_back@?$basic_filebuf@DU?$char_traits@D@std@@@std@@AAEXXZ 10008822 f i libcpmt:cout.obj
 0001:00007858       ?_Unlock@?$basic_filebuf@DU?$char_traits@D@std@@@std@@UAEXXZ 10008858 f i libcpmt:cout.obj
 0001:00007868       ?always_noconv@codecvt_base@std@@QBE_NXZ 10008868 f i libcpmt:cout.obj
 0001:00007880       ?close@?$basic_filebuf@DU?$char_traits@D@std@@@std@@QAEPAV12@XZ 10008880 f i libcpmt:cout.obj
 0001:000078df       ___acrt_uninitialize_command_line 100088df f i libucrt:argv_data.obj
 0001:000078df       ?do_always_noconv@?$codecvt@DDU_Mbstatet@@@std@@MBE_NXZ 100088df f i libcpmt:cout.obj
 0001:000078e2       ?do_encoding@codecvt_base@std@@MBEHXZ 100088e2 f i libcpmt:cout.obj
 0001:000078e2       __get_startup_argv_mode    100088e2 f i LIBCMT:argv_mode.obj
 0001:000078e2       ?do_max_length@codecvt_base@std@@MBEHXZ 100088e2 f i libcpmt:cout.obj
 0001:000078e6       ?do_in@?$codecvt@DDU_Mbstatet@@@std@@MBEHAAU_Mbstatet@@PBD1AAPBDPAD3AAPAD@Z 100088e6 f i libcpmt:cout.obj
 0001:000078e6       ?do_out@?$codecvt@DDU_Mbstatet@@@std@@MBEHAAU_Mbstatet@@PBD1AAPBDPAD3AAPAD@Z 100088e6 f i libcpmt:cout.obj
 0001:00007900       ?do_length@?$codecvt@DDU_Mbstatet@@@std@@MBEHAAU_Mbstatet@@PBD1I@Z 10008900 f i libcpmt:cout.obj
 0001:00007918       ?do_unshift@?$codecvt@DDU_Mbstatet@@@std@@MBEHAAU_Mbstatet@@PAD1AAPAD@Z 10008918 f i libcpmt:cout.obj
 0001:00007929       ?erase@?$basic_string@DU?$char_traits@D@std@@V?$allocator@D@2@@std@@QAEAAV12@II@Z 10008929 f i libcpmt:cout.obj
 0001:00007974       ?imbue@?$basic_filebuf@DU?$char_traits@D@std@@@std@@MAEXABVlocale@2@@Z 10008974 f i libcpmt:cout.obj
 0001:00007990       ?imbue@?$basic_streambuf@DU?$char_traits@D@std@@@std@@MAEXABVlocale@2@@Z 10008990 f i libcpmt:cout.obj
 0001:00007993       ?init@?$basic_ios@DU?$char_traits@D@std@@@std@@IAEXPAV?$basic_streambuf@DU?$char_traits@D@std@@@2@_N@Z 10008993 f i libcpmt:cout.obj
 0001:000079dc       ?overflow@?$basic_filebuf@DU?$char_traits@D@std@@@std@@MAEHH@Z 100089dc f i libcpmt:cout.obj
 0001:00007ae4       ?pbackfail@?$basic_streambuf@DU?$char_traits@D@std@@@std@@MAEHH@Z 10008ae4 f i libcpmt:cout.obj
 0001:00007ae4       ?overflow@?$basic_streambuf@DU?$char_traits@D@std@@@std@@MAEHH@Z 10008ae4 f i libcpmt:cout.obj
 0001:00007aea       ?pbackfail@?$basic_filebuf@DU?$char_traits@D@std@@@std@@MAEHH@Z 10008aea f i libcpmt:cout.obj
 0001:00007b6c       ?push_back@?$basic_string@DU?$char_traits@D@std@@V?$allocator@D@2@@std@@QAEXD@Z 10008b6c f i libcpmt:cout.obj
 0001:00007ba8       ?seekoff@?$basic_filebuf@DU?$char_traits@D@std@@@std@@MAE?AV?$fpos@U_Mbstatet@@@2@_JHH@Z 10008ba8 f i libcpmt:cout.obj
 0001:00007c5e       ?seekoff@?$basic_streambuf@DU?$char_traits@D@std@@@std@@MAE?AV?$fpos@U_Mbstatet@@@2@_JHH@Z 10008c5e f i libcpmt:cout.obj
 0001:00007c7d       ?seekpos@?$basic_filebuf@DU?$char_traits@D@std@@@std@@MAE?AV?$fpos@U_Mbstatet@@@2@V32@H@Z 10008c7d f i libcpmt:cout.obj
 0001:00007d02       ?seekpos@?$basic_streambuf@DU?$char_traits@D@std@@@std@@MAE?AV?$fpos@U_Mbstatet@@@2@V32@H@Z 10008d02 f i libcpmt:cout.obj
 0001:00007d21       ?setbuf@?$basic_filebuf@DU?$char_traits@D@std@@@std@@MAEPAV?$basic_streambuf@DU?$char_traits@D@std@@@2@PAD_J@Z 10008d21 f i libcpmt:cout.obj
 0001:00007d6f       ?setbuf@?$basic_streambuf@DU?$char_traits@D@std@@@std@@MAEPAV12@PAD_J@Z 10008d6f f i libcpmt:cout.obj
 0001:00007d74       ?showmanyc@?$basic_streambuf@DU?$char_traits@D@std@@@std@@MAE_JXZ 10008d74 f i libcpmt:cout.obj
 0001:00007d79       ?sync@?$basic_filebuf@DU?$char_traits@D@std@@@std@@MAEHXZ 10008d79 f i libcpmt:cout.obj
 0001:00007db2       ?sync@?$basic_streambuf@DU?$char_traits@D@std@@@std@@MAEHXZ 10008db2 f i libcpmt:cout.obj
 0001:00007db5       ?uflow@?$basic_filebuf@DU?$char_traits@D@std@@@std@@MAEHXZ 10008db5 f i libcpmt:cout.obj
 0001:00007f33       ?uflow@?$basic_streambuf@DU?$char_traits@D@std@@@std@@MAEHXZ 10008f33 f i libcpmt:cout.obj
 0001:00007f66       ?underflow@?$basic_filebuf@DU?$char_traits@D@std@@@std@@MAEHXZ 10008f66 f i libcpmt:cout.obj
 0001:00007fb6       ?underflow@?$basic_streambuf@DU?$char_traits@D@std@@@std@@MAEHXZ 10008fb6 f i libcpmt:cout.obj
 0001:00007fba       ?widen@?$basic_ios@DU?$char_traits@D@std@@@std@@QBEDD@Z 10008fba f i libcpmt:cout.obj
 0001:00008009       ?xsgetn@?$basic_filebuf@DU?$char_traits@D@std@@@std@@MAE_JPAD_J@Z 10009009 f i libcpmt:cout.obj
 0001:000080f0       ?xsgetn@?$basic_streambuf@DU?$char_traits@D@std@@@std@@MAE_JPAD_J@Z 100090f0 f i libcpmt:cout.obj
 0001:000081cc       ?xsputn@?$basic_filebuf@DU?$char_traits@D@std@@@std@@MAE_JPBD_J@Z 100091cc f i libcpmt:cout.obj
 0001:000082a0       ?xsputn@?$basic_streambuf@DU?$char_traits@D@std@@@std@@MAE_JPBD_J@Z 100092a0 f i libcpmt:cout.obj
 0001:00008378       ??0_Locimp@locale@std@@AAE@_N@Z 10009378 f i libcpmt:locale0.obj
 0001:000083b9       ??1_Fac_node@std@@QAE@XZ   100093b9 f i libcpmt:locale0.obj
 0001:00008418       ??1_Fac_tidy_reg_t@std@@QAE@XZ 10009418 f i libcpmt:locale0.obj
 0001:0000843f       ??1_Locimp@locale@std@@MAE@XZ 1000943f f i libcpmt:locale0.obj
 0001:00008498       ??4?$_Yarn@D@std@@QAEAAV01@PBD@Z 10009498 f i libcpmt:locale0.obj
 0001:000084ec       ??_E_Locimp@locale@std@@MAEPAXI@Z 100094ec f i libcpmt:locale0.obj
 0001:000084ec       ??_G_Locimp@locale@std@@MAEPAXI@Z 100094ec f i libcpmt:locale0.obj
 0001:0000850e       ?_Facet_Register@std@@YAXPAV_Facet_base@1@@Z 1000950e f   libcpmt:locale0.obj
 0001:0000853a       ?_Getgloballocale@locale@std@@CAPAV_Locimp@12@XZ 1000953a f   libcpmt:locale0.obj
 0001:00008540       ?_Init@locale@std@@CAPAV_Locimp@12@_N@Z 10009540 f   libcpmt:locale0.obj
 0001:000085d0       ?_Locimp_dtor@_Locimp@locale@std@@CAXPAV123@@Z 100095d0 f   libcpmt:locale0.obj
 0001:00008647       ?_Locinfo_ctor@_Locinfo@std@@SAXPAV12@PBD@Z 10009647 f   libcpmt:locale0.obj
 0001:00008692       ?_Locinfo_dtor@_Locinfo@std@@SAXPAV12@@Z 10009692 f   libcpmt:locale0.obj
 0001:000086ac       ?_New_Locimp@_Locimp@locale@std@@CAPAV123@_N@Z 100096ac f   libcpmt:locale0.obj
 0001:000086cf       ?_Setgloballocale@locale@std@@CAXPAX@Z 100096cf f   libcpmt:locale0.obj
 0001:000086f7       __Deletegloballocale       100096f7 f   libcpmt:locale0.obj
 0001:0000875c       ??0bad_alloc@std@@QAE@ABV01@@Z 1000975c f i libcpmt:xthrow.obj
 0001:00008777       ??0bad_alloc@std@@QAE@XZ   10009777 f i libcpmt:xthrow.obj
 0001:0000878f       ??0length_error@std@@QAE@ABV01@@Z 1000978f f i libcpmt:xthrow.obj
 0001:000087aa       ??0length_error@std@@QAE@PBD@Z 100097aa f i libcpmt:xthrow.obj
 0001:000087c9       ??0logic_error@std@@QAE@ABV01@@Z 100097c9 f i libcpmt:xthrow.obj
 0001:000087e4       ??0out_of_range@std@@QAE@ABV01@@Z 100097e4 f i libcpmt:xthrow.obj
 0001:000087ff       ??0out_of_range@std@@QAE@PBD@Z 100097ff f i libcpmt:xthrow.obj
 0001:0000881e       ?_Xlength_error@std@@YAXPBD@Z 1000981e f   libcpmt:xthrow.obj
 0001:0000883e       ?_Xout_of_range@std@@YAXPBD@Z 1000983e f   libcpmt:xthrow.obj
 0001:0000885e       ?_Syserror_map@std@@YAPBDH@Z 1000985e f   libcpmt:syserror.obj
 0001:00008883       __Getctype                 10009883 f   libcpmt:_tolower.obj
 0001:000088eb       __Tolower                  100098eb f   libcpmt:_tolower.obj
 0001:000089e9       __Toupper                  100099e9 f   libcpmt:_toupper.obj
 0001:00008ae7       __Mtxdst                   10009ae7 f   libcpmt:xmtx.obj
 0001:00008af5       __Mtxinit                  10009af5 f   libcpmt:xmtx.obj
 0001:00008b0c       __Mtxlock                  10009b0c f   libcpmt:xmtx.obj
 0001:00008b1a       __Mtxunlock                10009b1a f   libcpmt:xmtx.obj
 0001:00008ed2       ___crtInitOnceExecuteOnce  10009ed2 f   libcpmt:winapisupp.obj
 0001:00008f60       ___crtInitializeCriticalSectionEx 10009f60 f   libcpmt:winapisupp.obj
 0001:00008f99       ?_Addstd@ios_base@std@@SAXPAV12@@Z 10009f99 f   libcpmt:ios.obj
 0001:00008fe5       ?_Callfns@ios_base@std@@AAEXW4event@12@@Z 10009fe5 f i libcpmt:ios.obj
 0001:00009018       ?_Ios_base_dtor@ios_base@std@@CAXPAV12@@Z 1000a018 f   libcpmt:ios.obj
 0001:00009058       ?_Tidy@ios_base@std@@AAEXXZ 1000a058 f i libcpmt:ios.obj
 0001:000090a0       ??1_Init_atexit@@QAE@XZ    1000a0a0 f i libcpmt:iosptrs.obj
 0001:00009103       ?_Atexit@@YAXP6AXXZ@Z      1000a103 f   libcpmt:iosptrs.obj
 0001:00009131       ___crtLCMapStringA         1000a131 f   libcpmt:StlLCMapStringA.obj
 0001:00009306       __freea_crt                1000a306 f i libcpmt:StlLCMapStringA.obj
 0001:00009324       _GetTableIndexFromLocaleName 1000a324 f   libcpmt:winapinls.obj
 0001:00009372       ___crtDownlevelLocaleNameToLCID 1000a372 f   libcpmt:winapinls.obj
 0001:0000939c       ___crtLCMapStringEx        1000a39c f   libcpmt:winapinls.obj
 0001:000093f3       ___wcsnicmp_ascii          1000a3f3 f   libcpmt:winapinls.obj
 0001:0000945b       @__security_check_cookie@4 1000a45b f   LIBCMT:_secchk_.obj
 0001:0000946c       ??_V@YAXPAX@Z              1000a46c f   LIBCMT:delete_array.obj
 0001:00009471       ??2@YAPAXI@Z               1000a471 f   LIBCMT:new_scalar.obj
 0001:000094a1       ??3@YAXPAXI@Z              1000a4a1 f   LIBCMT:delete_scalar_size.obj
 0001:000094af       ??_U@YAPAXI@Z              1000a4af f   LIBCMT:new_array.obj
 0001:000097d8       __DllMainCRTStartup@12     1000a7d8 f   LIBCMT:dll_dllmain.obj
 0001:000097fb       ??$__crt_fast_encode_pointer@PAP6AXXZ@@YAPAP6AXXZQAP6AXXZ@Z 1000a7fb f i LIBCMT:utility.obj
 0001:000097fb       ??$__crt_fast_encode_pointer@PAX@@YAPAXQAX@Z 1000a7fb f i libvcruntime:winapi_downlevel.obj
 0001:0000985c       ___scrt_acquire_startup_lock 1000a85c f   LIBCMT:utility.obj
 0001:0000988e       ___scrt_dllmain_after_initialize_c 1000a88e f   LIBCMT:utility.obj
 0001:000098b9       ___scrt_dllmain_before_initialize_c 1000a8b9 f   LIBCMT:utility.obj
 0001:000098c7       ___scrt_dllmain_crt_thread_attach 1000a8c7 f   LIBCMT:utility.obj
 0001:000098e6       ___scrt_dllmain_crt_thread_detach 1000a8e6 f   LIBCMT:utility.obj
 0001:000098f3       ___scrt_dllmain_exception_filter 1000a8f3 f   LIBCMT:utility.obj
 0001:00009927       ___scrt_dllmain_uninitialize_c 1000a927 f   LIBCMT:utility.obj
 0001:0000994a       ___scrt_dllmain_uninitialize_critical 1000a94a f   LIBCMT:utility.obj
 0001:00009957       ___scrt_initialize_crt     1000a957 f   LIBCMT:utility.obj
 0001:00009990       ___scrt_initialize_onexit_tables 1000a990 f   LIBCMT:utility.obj
 0001:00009a35       ___scrt_is_nonwritable_in_current_image 1000aa35 f   LIBCMT:utility.obj
 0001:00009ac9       ___scrt_release_startup_lock 1000aac9 f   LIBCMT:utility.obj
 0001:00009ae6       ___scrt_uninitialize_crt   1000aae6 f   LIBCMT:utility.obj
 0001:00009b0e       __onexit                   1000ab0e f   LIBCMT:utility.obj
 0001:00009b49       _atexit                    1000ab49 f   LIBCMT:utility.obj
 0001:00009b5e       __EH_epilog3               1000ab5e f   LIBCMT:ehprolg3.obj
 0001:00009b73       __EH_epilog3_GS            1000ab73 f   LIBCMT:ehprolg3.obj
 0001:00009b84       __EH_prolog3               1000ab84 f   LIBCMT:ehprolg3.obj
 0001:00009bb8       __EH_prolog3_GS            1000abb8 f   LIBCMT:ehprolg3.obj
 0001:00009bef       __EH_prolog3_catch         1000abef f   LIBCMT:ehprolg3.obj
 0001:00009c26       ??_Etype_info@@UAEPAXI@Z   1000ac26 f i LIBCMT:std_type_info_static.obj
 0001:00009c26       ??_Gtype_info@@UAEPAXI@Z   1000ac26 f i LIBCMT:std_type_info_static.obj
 0001:00009c50       __alloca_probe_16          1000ac50 f   LIBCMT:alloca16.obj
 0001:00009c66       __alloca_probe_8           1000ac66     LIBCMT:alloca16.obj
 0001:00009c80       __allmul                   1000ac80 f   LIBCMT:llmul.obj
 0001:00009cc0       __aulldiv                  1000acc0 f   LIBCMT:ulldiv.obj
 0001:00009d28       ___raise_securityfailure   1000ad28 f   LIBCMT:gs_report.obj
 0001:00009d50       ___report_gsfailure        1000ad50 f   LIBCMT:gs_report.obj
 0001:00009e49       ___report_rangecheckfailure 1000ae49 f   LIBCMT:gs_report.obj
 0001:00009e55       ___report_securityfailure  1000ae55 f   LIBCMT:gs_report.obj
 0001:00009f23       ??3@YAXPAX@Z               1000af23 f   LIBCMT:delete_scalar.obj
 0001:00009f28       ??0bad_array_new_length@std@@QAE@ABV01@@Z 1000af28 f i LIBCMT:throw_bad_alloc.obj
 0001:00009f43       ??0bad_array_new_length@std@@QAE@XZ 1000af43 f i LIBCMT:throw_bad_alloc.obj
 0001:00009f5b       ?__scrt_throw_std_bad_alloc@@YAXXZ 1000af5b f   LIBCMT:throw_bad_alloc.obj
 0001:00009f78       ?__scrt_throw_std_bad_array_new_length@@YAXXZ 1000af78 f   LIBCMT:throw_bad_alloc.obj
 0001:00009fe2       ___security_init_cookie    1000afe2 f   LIBCMT:gs_support.obj
 0001:0000a02d       _DllMain@12                1000b02d f   LIBCMT:dll_dllmain_stub.obj
 0001:0000a033       ?__scrt_initialize_type_info@@YAXXZ 1000b033 f   LIBCMT:tncleanup.obj
 0001:0000a03f       ?__scrt_uninitialize_type_info@@YAXXZ 1000b03f f   LIBCMT:tncleanup.obj
 0001:0000a04b       ___local_stdio_scanf_options 1000b04b f i LIBCMT:default_local_stdio_options.obj
 0001:0000a051       ___scrt_initialize_default_local_stdio_options 1000b051 f   LIBCMT:default_local_stdio_options.obj
 0001:0000a06e       ___scrt_get_dyn_tls_init_callback 1000b06e f   LIBCMT:dyn_tls_init.obj
 0001:0000a074       ___scrt_fastfail           1000b074 f   LIBCMT:utility_desktop.obj
 0001:0000a18e       __crt_debugger_hook        1000b18e f   LIBCMT:utility_desktop.obj
 0001:0000a196       __RTC_Initialize           1000b196 f   LIBCMT:_initsect_.obj
 0001:0000a1c2       __RTC_Terminate            1000b1c2 f   LIBCMT:_initsect_.obj
 0001:0000a1f0       __SEH_prolog4              1000b1f0 f   LIBCMT:_sehprolg4_.obj
 0001:0000a236       __SEH_epilog4              1000b236 f   LIBCMT:_sehprolg4_.obj
 0001:0000a24b       ___isa_available_init      1000b24b f   LIBCMT:_cpu_disp_.obj
 0001:0000a3e2       ___scrt_is_ucrt_dll_in_use 1000b3e2 f   LIBCMT:ucrt_detection.obj
 0001:0000a3f0       __chkstk                   1000b3f0 f   LIBCMT:chkstk.obj
 0001:0000a3f0       __alloca_probe             1000b3f0 f   LIBCMT:chkstk.obj
 0001:0000a41d       __get_purecall_handler     1000b41d f   libvcruntime:purevirt.obj
 0001:0000a432       __purecall                 1000b432 f   libvcruntime:purevirt.obj
 0001:0000a44e       ___std_exception_copy      1000b44e f   libvcruntime:std_exception.obj
 0001:0000a4b1       ___std_exception_destroy   1000b4b1 f   libvcruntime:std_exception.obj
 0001:0000a4d0       __CxxThrowException@8      1000b4d0 f   libvcruntime:throw.obj
 0001:0000a53d       ?GetRangeOfTrysToCheck@__FrameHandler3@@SA?AU?$pair@Viterator@TryBlockMap@__FrameHandler3@@V123@@std@@AAVTryBlockMap@1@HH@Z 1000b53d f   libvcruntime:trnsctrl.obj
 0001:0000a5bf       ?_CallCatchBlock2@@YAPAXPAUEHRegistrationNode@@PBU_s_FuncInfo@@PAXHK@Z 1000b5bf f   libvcruntime:trnsctrl.obj
 0001:0000a61d       ?_CallSETranslator@@YAHPAUEHExceptionRecord@@PAUEHRegistrationNode@@PAX2PBU_s_FuncInfo@@H1@Z 1000b61d f   libvcruntime:trnsctrl.obj
 0001:0000a6f8       ?_JumpToContinuation@@YGXPAXPAUEHRegistrationNode@@@Z 1000b6f8 f   libvcruntime:trnsctrl.obj
 0001:0000a728       ?_UnwindNestedFrames@@YGXPAUEHRegistrationNode@@PAUEHExceptionRecord@@@Z 1000b728 f   libvcruntime:trnsctrl.obj
 0001:0000a77b       __CatchGuardHandler        1000b77b f   libvcruntime:trnsctrl.obj
 0001:0000a7ac       __CreateFrameInfo          1000b7ac f   libvcruntime:trnsctrl.obj
 0001:0000a7d0       __FindAndUnlinkFrame       1000b7d0 f   libvcruntime:trnsctrl.obj
 0001:0000a815       __TranslatorGuardHandler   1000b815 f   libvcruntime:trnsctrl.obj
 0001:0000a8b2       ___CxxFrameHandler3        1000b8b2 f   libvcruntime:trnsctrl.obj
 0001:0000a8f0       _memcpy                    1000b8f0 f   libvcruntime:memcpy.obj
 0001:0000ae70       _memmove                   1000be70 f   libvcruntime:memmove.obj
 0001:0000b3f0       _memset                    1000c3f0 f   libvcruntime:memset.obj
 0001:0000b54a       ___DestructExceptionObject 1000c54a f   libvcruntime:ehhelpers.obj
 0001:0000b5ea       ?_CallMemberFunction0@@YGXQAX0@Z 1000c5ea f i libvcruntime:ehhelpers.obj
 0001:0000b5f7       __IsExceptionObjectToBeDestroyed 1000c5f7 f   libvcruntime:ehhelpers.obj
 0001:0000b61d       ___AdjustPointer           1000c61d f   libvcruntime:ehhelpers.obj
 0001:0000b642       ___FrameUnwindFilter       1000c642 f   libvcruntime:ehhelpers.obj
 0001:0000b687       ___std_terminate           1000c687 f   libvcruntime:ehhelpers.obj
 0001:0000b690       _memchr                    1000c690 f   libvcruntime:memchr.obj
 0001:0000b73d       _memcmp                    1000c73d f   libvcruntime:_memcmp_.obj
 0001:0000c730       __except_handler4          1000d730 f   libvcruntime:_chandler4_.obj
 0001:0000c887       ___vcrt_initialize         1000d887 f   libvcruntime:initialization.obj
 0001:0000c8b0       ___vcrt_thread_attach      1000d8b0 f   libvcruntime:initialization.obj
 0001:0000c8bb       ___vcrt_thread_detach      1000d8bb f   libvcruntime:initialization.obj
 0001:0000c8c6       ___vcrt_uninitialize       1000d8c6 f   libvcruntime:initialization.obj
 0001:0000c8e5       ___vcrt_uninitialize_critical 1000d8e5 f   libvcruntime:initialization.obj
 0001:0000c8ed       ___std_type_info_compare   1000d8ed f   libvcruntime:std_type_info.obj
 0001:0000c929       ___std_type_info_destroy_list 1000d929 f   libvcruntime:std_type_info.obj
 0001:0000c94c       ___vcrt_initialize_pure_virtual_call_handler 1000d94c f   libvcruntime:purevirt_data.obj
 0001:0000c957       ___vcrt_freefls@4          1000d957 f   libvcruntime:per_thread_data.obj
 0001:0000c973       ___vcrt_freeptd            1000d973 f   libvcruntime:per_thread_data.obj
 0001:0000c9a9       ___vcrt_getptd             1000d9a9 f   libvcruntime:per_thread_data.obj
 0001:0000c9b7       ___vcrt_getptd_noexit      1000d9b7 f   libvcruntime:per_thread_data.obj
 0001:0000ca49       ___vcrt_initialize_ptd     1000da49 f   libvcruntime:per_thread_data.obj
 0001:0000ca7c       ___vcrt_uninitialize_ptd   1000da7c f   libvcruntime:per_thread_data.obj
 0001:0000d18e       ??$TypeMatchHelper@$$CBU_s_HandlerType@@@@YAHPBU_s_HandlerType@@PBU_s_CatchableType@@PBU_s_ThrowInfo@@@Z 1000e18e f i libvcruntime:frame.obj
 0001:0000d21c       ??$__InternalCxxFrameHandler@V__FrameHandler3@@@@YA?AW4_EXCEPTION_DISPOSITION@@PAUEHExceptionRecord@@PAUEHRegistrationNode@@PAU_CONTEXT@@PAXPBU_s_FuncInfo@@H1E@Z 1000e21c f i libvcruntime:frame.obj
 0001:0000d31e       ??0bad_exception@std@@QAE@ABV01@@Z 1000e31e f i libvcruntime:frame.obj
 0001:0000d339       ??0bad_exception@std@@QAE@XZ 1000e339 f i libvcruntime:frame.obj
 0001:0000d351       ??8type_info@@QBE_NABV0@@Z 1000e351 f i libvcruntime:frame.obj
 0001:0000d5b8       ?FrameUnwindToEmptyState@__FrameHandler3@@SAXPAUEHRegistrationNode@@PAXPBU_s_FuncInfo@@@Z 1000e5b8 f   libvcruntime:frame.obj
 0001:0000d5d0       ?FrameUnwindToState@__FrameHandler3@@SAXPAUEHRegistrationNode@@PAXPBU_s_FuncInfo@@H@Z 1000e5d0 f   libvcruntime:frame.obj
 0001:0000d752       ?_CallMemberFunction1@@YGXQAX00@Z 1000e752 f i libvcruntime:frame.obj
 0001:0000d762       ?_CallMemberFunction2@@YGXQAX00H@Z 1000e762 f i libvcruntime:frame.obj
 0001:0000d775       ?getESTypes@__FrameHandler3@@SAPBU_s_ESTypeList@@PBU_s_FuncInfo@@@Z 1000e775 f i libvcruntime:frame.obj
 0001:0000d780       __CallSettingFrame@12      1000e780 f   libvcruntime:lowhelpr.obj
 0001:0000d7a7       __NLG_Return               1000e7a7     libvcruntime:lowhelpr.obj
 0001:0000d7cc       ___except_validate_context_record 1000e7cc f   libvcruntime:jbcxrval.obj
 0001:0000d7fc       ___except_validate_jump_buffer 1000e7fc f   libvcruntime:jbcxrval.obj
 0001:0000d830       __local_unwind4            1000e830 f   libvcruntime:_exsup4_.obj
 0001:0000d908       __seh_longjmp_unwind4@4    1000e908 f   libvcruntime:_exsup4_.obj
 0001:0000d930       @_EH4_CallFilterFunc@8     1000e930 f   libvcruntime:_exsup4_.obj
 0001:0000d948       @_EH4_TransferToHandler@8  1000e948 f   libvcruntime:_exsup4_.obj
 0001:0000d964       @_EH4_GlobalUnwind2@8      1000e964 f   libvcruntime:_exsup4_.obj
 0001:0000d980       @_EH4_LocalUnwind@16       1000e980 f   libvcruntime:_exsup4_.obj
 0001:0000d997       ___vcrt_initialize_locks   1000e997 f   libvcruntime:locks.obj
 0001:0000d9d3       ___vcrt_uninitialize_locks 1000e9d3 f   libvcruntime:locks.obj
 0001:0000db35       ___vcrt_FlsAlloc           1000eb35 f   libvcruntime:winapi_downlevel.obj
 0001:0000db70       ___vcrt_FlsFree            1000eb70 f   libvcruntime:winapi_downlevel.obj
 0001:0000dbab       ___vcrt_FlsGetValue        1000ebab f   libvcruntime:winapi_downlevel.obj
 0001:0000dbe6       ___vcrt_FlsSetValue        1000ebe6 f   libvcruntime:winapi_downlevel.obj
 0001:0000dc24       ___vcrt_InitializeCriticalSectionEx 1000ec24 f   libvcruntime:winapi_downlevel.obj
 0001:0000dc6b       ___vcrt_initialize_winapi_thunks 1000ec6b f   libvcruntime:winapi_downlevel.obj
 0001:0000dc94       ___vcrt_uninitialize_winapi_thunks 1000ec94 f   libvcruntime:winapi_downlevel.obj
 0001:0000dcc6       _unexpected                1000ecc6 f   libvcruntime:unexpected.obj
 0001:0000dce3       ?GetCurrentState@__FrameHandler3@@SAHPAUEHRegistrationNode@@PAXPBU_s_FuncInfo@@@Z 1000ece3 f   libvcruntime:ehstate.obj
 0001:0000dd00       ?SetState@__FrameHandler3@@SAXPAUEHRegistrationNode@@PBU_s_FuncInfo@@H@Z 1000ed00 f   libvcruntime:ehstate.obj
 0001:0000dd10       __global_unwind2           1000ed10 f   libvcruntime:_exsup_.obj
 0001:0000dd76       __local_unwind2            1000ed76 f   libvcruntime:_exsup_.obj
 0001:0000ddfa       __abnormal_termination     1000edfa f   libvcruntime:_exsup_.obj
 0001:0000de20       __NLG_Notify1              1000ee20 f   libvcruntime:_exsup_.obj
 0001:0000de2c       __NLG_Notify               1000ee2c f   libvcruntime:_exsup_.obj
 0001:0000de43       __NLG_Dispatch             1000ee43     libvcruntime:_exsup_.obj
 0001:0000de43       __NLG_Dispatch2            1000ee43     libvcruntime:_exsup_.obj
 0001:0000de4b       __NLG_Call                 1000ee4b f   libvcruntime:_exsup_.obj
 0001:0000de4d       __NLG_Return2              1000ee4d     libvcruntime:_exsup_.obj
 0001:0000de4e       _abort                     1000ee4e f   libucrt:abort.obj
 0001:0000de92       _calloc                    1000ee92 f   libucrt:calloc.obj
 0001:0000de9d       ___acrt_call_reportfault   1000ee9d f   libucrt:invalid_parameter.obj
 0001:0000dfd8       ___acrt_initialize_invalid_parameter_handler 1000efd8 f   libucrt:invalid_parameter.obj
 0001:0000dfe7       __invalid_parameter        1000efe7 f   libucrt:invalid_parameter.obj
 0001:0000e062       __invalid_parameter_noinfo 1000f062 f   libucrt:invalid_parameter.obj
 0001:0000e072       __invalid_parameter_noinfo_noreturn 1000f072 f   libucrt:invalid_parameter.obj
 0001:0000e08f       __invoke_watson            1000f08f f   libucrt:invalid_parameter.obj
 0001:0000e0d0       _strcspn                   1000f0d0 f   libucrt:strcspn.obj
 0001:0000e116       ??0_LocaleUpdate@@QAE@QAU__crt_locale_pointers@@@Z 1000f116 f i libucrt:output.obj
 0001:0000e199       ??1_LocaleUpdate@@QAE@XZ   1000f199 f i libucrt:output.obj
 0001:0000e1a9       _free                      1000f1a9 f   libucrt:free.obj
 0001:0000e1c6       ___ascii_stricmp           1000f1c6 f   libucrt:stricmp.obj
 0001:0000e201       __stricmp                  1000f201 f   libucrt:stricmp.obj
 0001:0000e24a       __stricmp_l                1000f24a f   libucrt:stricmp.obj
 0001:0000e2e4       ___acrt_initialize_locks   1000f2e4 f   libucrt:locks.obj
 0001:0000e325       ___acrt_lock               1000f325 f   libucrt:locks.obj
 0001:0000e33c       ___acrt_uninitialize_locks 1000f33c f   libucrt:locks.obj
 0001:0000e36d       ___acrt_unlock             1000f36d f   libucrt:locks.obj
 0001:0000e384       __lock_locales             1000f384 f   libucrt:locks.obj
 0001:0000e392       __unlock_locales           1000f392 f   libucrt:locks.obj
 0001:0000e39b       _terminate                 1000f39b f   libucrt:terminate.obj
 0001:0000e3d7       ___acrt_initialize_stdio   1000f3d7 f   libucrt:_file.obj
 0001:0000e49f       ___acrt_iob_func           1000f49f f   libucrt:_file.obj
 0001:0000e4af       ___acrt_uninitialize_stdio 1000f4af f   libucrt:_file.obj
 0001:0000e4fb       __get_stream_buffer_pointers 1000f4fb f   libucrt:_file.obj
 0001:0000e541       __lock_file                1000f541 f   libucrt:_file.obj
 0001:0000e555       __unlock_file              1000f555 f   libucrt:_file.obj
 0001:0000e569       __fclose_nolock            1000f569 f   libucrt:fclose.obj
 0001:0000e5df       _fclose                    1000f5df f   libucrt:fclose.obj
 0001:0000e875       ___acrt_stdio_flush_nolock 1000f875 f   libucrt:fflush.obj
 0001:0000e8d8       __fflush_nolock            1000f8d8 f   libucrt:fflush.obj
 0001:0000e91f       __flushall                 1000f91f f   libucrt:fflush.obj
 0001:0000e928       _fflush                    1000f928 f   libucrt:fflush.obj
 0001:0000e97c       __fgetc_nolock             1000f97c f   libucrt:fgetc.obj
 0001:0000e9b8       _fgetc                     1000f9b8 f   libucrt:fgetc.obj
 0001:0000eab5       _fgetpos                   1000fab5 f   libucrt:fgetpos.obj
 0001:0000eb10       __fputc_nolock             1000fb10 f   libucrt:fputc.obj
 0001:0000eb39       _fputc                     1000fb39 f   libucrt:fputc.obj
 0001:0000ec38       __fread_nolock_s           1000fc38 f   libucrt:fread.obj
 0001:0000ee11       _fread                     1000fe11 f   libucrt:fread.obj
 0001:0000ee2e       _fread_s                   1000fe2e f   libucrt:fread.obj
 0001:0000ef42       _fsetpos                   1000ff42 f   libucrt:fsetpos.obj
 0001:0000ef7d       ?LongLongSub@@YAJ_J0PA_J@Z 1000ff7d f i libucrt:fseek.obj
 0001:0000f23f       __fseeki64                 1001023f f   libucrt:fseek.obj
 0001:0000f2f0       __fwrite_nolock            100102f0 f   libucrt:fwrite.obj
 0001:0000f46b       _fwrite                    1001046b f   libucrt:fwrite.obj
 0001:0000f5ee       _setvbuf                   100105ee f   libucrt:setvbuf.obj
 0001:0000f672       __ungetc_nolock            10010672 f   libucrt:ungetc.obj
 0001:0000f768       _ungetc                    10010768 f   libucrt:ungetc.obj
 0001:0000f7d1       _malloc                    100107d1 f   libucrt:malloc.obj
 0001:0000fa35       _setlocale                 10010a35 f   libucrt:setlocale.obj
 0001:0000fa6f       ___pctype_func             10010a6f f   libucrt:ctype.obj
 0001:0000fa95       __chvalidchk_l             10010a95 f i libucrt:_ctype.obj
 0001:0000fabb       __ischartype_l             10010abb f i libucrt:_ctype.obj
 0001:0000faee       __islower_l                10010aee f i libucrt:_ctype.obj
 0001:0000fb26       __isupper_l                10010b26 f i libucrt:_ctype.obj
 0001:0000fb5e       _islower                   10010b5e f i libucrt:_ctype.obj
 0001:0000fb8c       _isupper                   10010b8c f i libucrt:_ctype.obj
 0001:0000fbba       __wcsdup                   10010bba f   libucrt:wcsdup.obj
 0001:0000fc1b       ____lc_codepage_func       10010c1b f   libucrt:initctype.obj
 0001:0000fc42       ____lc_locale_name_func    10010c42 f   libucrt:initctype.obj
 0001:0000fc6b       ___acrt_locale_initialize_ctype 10010c6b f   libucrt:initctype.obj
 0001:0001009f       ___acrt_errno_from_os_error 1001109f f   libucrt:errno.obj
 0001:000100e2       ___acrt_errno_map_os_error 100110e2 f   libucrt:errno.obj
 0001:00010105       ___doserrno                10011105 f   libucrt:errno.obj
 0001:00010118       __errno                    10011118 f   libucrt:errno.obj
 0001:0001012b       ?unget@?$c_string_character_source@_W@__crt_strtox@@QAEX_W@Z 1001112b f i libucrt:strtod.obj
 0001:00010159       ?validate@?$c_string_character_source@_W@__crt_strtox@@QBE_NXZ 10011159 f i libucrt:strtod.obj
 0001:00010180       __CIpow                    10011180 f   libucrt:pow_impl.obj
 0001:000101bb       __CIpow_default            100111bb f   libucrt:pow_impl.obj
 0001:000101d4       __pow_default              100111d4     libucrt:pow_impl.obj
 0001:000103c9       ___strncnt                 100113c9 f   libucrt:strncnt.obj
 0001:000103e5       ?_deallocate@?$__crt_win32_buffer@_WU__crt_win32_buffer_internal_dynamic_resizing@@@@AAEXXZ 100113e5 f i libucrt:strftime.obj
 0001:000103ff       ?allocate@?$__crt_win32_buffer@DU__crt_win32_buffer_no_resizing@@@@QAEHI@Z 100113ff f i libucrt:strftime.obj
 0001:00010426       ?allocate@?$__crt_win32_buffer@_WU__crt_win32_buffer_internal_dynamic_resizing@@@@QAEHI@Z 10011426 f i libucrt:strftime.obj
 0001:00010465       ?allocate@__crt_win32_buffer_internal_dynamic_resizing@@SAHQAPAXIABV__crt_win32_buffer_empty_debug_info@@@Z 10011465 f i libucrt:strftime.obj
 0001:000105ea       __tolower_l                100115ea f   libucrt:tolower_toupper.obj
 0001:00010604       _wcscpy_s                  10011604 f   libucrt:wcscpy_s.obj
 0001:00010668       _wcsnlen                   10011668 f   libucrt:strnlen.obj
 0001:00010818       ___acrt_initialize_new_handler 10011818 f   libucrt:new_handler.obj
 0001:00010827       __callnewh                 10011827 f   libucrt:new_handler.obj
 0001:0001086b       __query_new_handler        1001186b f   libucrt:new_handler.obj
 0001:000108bd       __initterm                 100118bd f   libucrt:initterm.obj
 0001:00010919       __initterm_e               10011919 f   libucrt:initterm.obj
 0001:0001095e       __seh_filter_dll           1001195e f   libucrt:exception_filter.obj
 0001:0001097e       __seh_filter_exe           1001197e f   libucrt:exception_filter.obj
 0001:00010d6c       ___acrt_initialize_thread_local_exit_callback 10011d6c f   libucrt:exit.obj
 0001:00010d7b       __cexit                    10011d7b f   libucrt:exit.obj
 0001:00010d8a       __exit                     10011d8a f   libucrt:exit.obj
 0001:00010da0       __is_c_termination_complete 10011da0 f   libucrt:exit.obj
 0001:00011057       ___acrt_allocate_buffer_for_argv 10012057 f   libucrt:argv_parsing.obj
 0001:000110a6       __configure_narrow_argv    100120a6 f   libucrt:argv_parsing.obj
 0001:00011205       ??$uninitialize@A6AXAAPAPA_W@Z@?$dual_state_global@PAPA_W@__crt_state_management@@QAEXA6AXAAPAPA_W@Z@Z 10012205 f i libucrt:environment_initialization.obj
 0001:00011205       ??$uninitialize@A6AXAAPAPAD@Z@?$dual_state_global@PAPAD@__crt_state_management@@QAEXA6AXAAPAPAD@Z@Z 10012205 f i libucrt:environment_initialization.obj
 0001:0001127b       ___dcrt_uninitialize_environments_nolock 1001227b f   libucrt:environment_initialization.obj
 0001:000112b2       __initialize_narrow_environment 100122b2 f   libucrt:environment_initialization.obj
 0001:00011359       ??$__crt_fast_encode_pointer@P6AHXZ@@YAP6AHXZQ6AHXZ@Z 10012359 f i libucrt:onexit.obj
 0001:00011359       ??$__crt_fast_encode_pointer@P6GHPA_WKJ@Z@@YAP6GHPA_WKJ@ZQ6GH0KJ@Z@Z 10012359 f i libucrt:winapi_thunks.obj
 0001:000115dd       __crt_atexit               100125dd f   libucrt:onexit.obj
 0001:000115f3       __execute_onexit_table     100125f3 f   libucrt:onexit.obj
 0001:00011622       __initialize_onexit_table  10012622 f   libucrt:onexit.obj
 0001:0001165f       __register_onexit_function 1001265f f   libucrt:onexit.obj
 0001:000117a0       ___acrt_initialize         100127a0 f   libucrt:initialization.obj
 0001:000117b2       ___acrt_thread_attach      100127b2 f   libucrt:initialization.obj
 0001:000117bd       ___acrt_thread_detach      100127bd f   libucrt:initialization.obj
 0001:000117c5       ___acrt_uninitialize       100127c5 f   libucrt:initialization.obj
 0001:000117f5       ___acrt_uninitialize_critical 100127f5 f   libucrt:initialization.obj
 0001:00011807       _strcpy_s                  10012807 f   libucrt:strcpy_s.obj
 0001:00011861       _wcsncmp                   10012861 f   libucrt:wcsncmp.obj
 0001:0001189b       ??$is_overflow_condition@K@__crt_strtox@@YA_NIK@Z 1001289b f i libucrt:atox.obj
 0001:000118cc       ??$parse_integer@KV?$c_string_character_source@_W@__crt_strtox@@@__crt_strtox@@YAKQAU__crt_locale_pointers@@V?$c_string_character_source@_W@0@H_N@Z 100128cc f i libucrt:atox.obj
 0001:00011f0d       __wtol                     10012f0d f   libucrt:atox.obj
 0001:00011f40       _strncmp                   10012f40 f   libucrt:strncmp.obj
 0001:0001207c       ___acrt_get_sigabrt_handler 1001307c f   libucrt:signal.obj
 0001:000120a5       ___acrt_initialize_signal_handlers 100130a5 f   libucrt:signal.obj
 0001:000120c3       ___fpecode                 100130c3 f   libucrt:signal.obj
 0001:000120cc       _raise                     100130cc f   libucrt:signal.obj
 0001:000122ce       __calloc_base              100132ce f   libucrt:calloc_base.obj
 0001:00012645       ___acrt_freeptd            10013645 f   libucrt:per_thread_data.obj
 0001:00012671       ___acrt_getptd             10013671 f   libucrt:per_thread_data.obj
 0001:00012728       ___acrt_getptd_head        10013728 f   libucrt:per_thread_data.obj
 0001:000127c2       ___acrt_getptd_noexit      100137c2 f   libucrt:per_thread_data.obj
 0001:0001286f       ___acrt_initialize_ptd     1001386f f   libucrt:per_thread_data.obj
 0001:0001289b       ___acrt_uninitialize_ptd   1001389b f   libucrt:per_thread_data.obj
 0001:000128b5       __free_base                100138b5 f   libucrt:free_base.obj
 0001:000128ef       __malloc_base              100138ef f   libucrt:malloc_base.obj
 0001:0001293d       __mbtowc_l                 1001393d f   libucrt:mbtowc.obj
 0001:00012a81       _mbtowc                    10013a81 f   libucrt:mbtowc.obj
 0001:00012a9b       ___acrt_update_locale_info 10013a9b f   libucrt:locale_update.obj
 0001:00012ac8       ___acrt_update_multibyte_info 10013ac8 f   libucrt:locale_update.obj
 0001:00012af5       __fileno                   10013af5 f   libucrt:fileno.obj
 0001:00012b1b       ___acrt_stdio_begin_temporary_buffering_nolock 10013b1b f   libucrt:_sftbuf.obj
 0001:00012bd0       ___acrt_stdio_end_temporary_buffering_nolock 10013bd0 f   libucrt:_sftbuf.obj
 0001:00012e55       ___acrt_copy_locale_name   10013e55 f   libucrt:wsetlocale.obj
 0001:00012ebb       ___acrt_set_locale_changed 10013ebb f   libucrt:wsetlocale.obj
 0001:00012ec6       ___acrt_uninitialize_locale 10013ec6 f   libucrt:wsetlocale.obj
 0001:00012eef       ___lc_lctowcs              10013eef f   libucrt:wsetlocale.obj
 0001:00012f5f       ___lc_wcstolc              10013f5f f   libucrt:wsetlocale.obj
 0001:000130db       __expandlocale             100140db f   libucrt:wsetlocale.obj
 0001:000134b8       __wcscats                  100144b8 f   libucrt:wsetlocale.obj
 0001:000134f9       __wsetlocale               100144f9 f   libucrt:wsetlocale.obj
 0001:00013f3d       ___acrt_initialize_lowio   10014f3d f   libucrt:ioinit.obj
 0001:00013f93       ___acrt_uninitialize_lowio 10014f93 f   libucrt:ioinit.obj
 0001:00013fbf       __errcode                  10014fbf f   libucrt:fpexcept.obj
 0001:00013ff3       __except1                  10014ff3 f   libucrt:fpexcept.obj
 0001:000140c1       __handle_exc               100150c1 f   libucrt:fpexcept.obj
 0001:000142ae       __raise_exc                100152ae f   libucrt:fpexcept.obj
 0001:000142d1       __raise_exc_ex             100152d1 f   libucrt:fpexcept.obj
 0001:000145c7       __set_errno_from_matherr   100155c7 f   libucrt:fpexcept.obj
 0001:000145f6       __umatherr                 100155f6 f   libucrt:fpexcept.obj
 0001:00014698       __decomp                   10015698 f   libucrt:util.obj
 0001:00014776       __set_exp                  10015776 f   libucrt:util.obj
 0001:000147a5       __sptype                   100157a5 f   libucrt:util.obj
 0001:00014803       __clrfp                    10015803 f   libucrt:fpctrl.obj
 0001:00014816       __ctrlfp                   10015816 f   libucrt:fpctrl.obj
 0001:00014842       __set_statfp               10015842 f   libucrt:fpctrl.obj
 0001:0001489d       __statfp                   1001589d f   libucrt:fpctrl.obj
 0001:00014bf8       ___acrt_AppPolicyGetProcessTerminationMethodInternal@4 10015bf8 f   libucrt:winapi_thunks.obj
 0001:00014c4f       ___acrt_EnumSystemLocalesEx@16 10015c4f f   libucrt:winapi_thunks.obj
 0001:00014cb9       ___acrt_FlsAlloc@4         10015cb9 f   libucrt:winapi_thunks.obj
 0001:00014d0f       ___acrt_FlsFree@4          10015d0f f   libucrt:winapi_thunks.obj
 0001:00014d65       ___acrt_FlsGetValue@4      10015d65 f   libucrt:winapi_thunks.obj
 0001:00014dbb       ___acrt_FlsSetValue@8      10015dbb f   libucrt:winapi_thunks.obj
 0001:00014e14       ___acrt_GetLocaleInfoEx@16 10015e14 f   libucrt:winapi_thunks.obj
 0001:00014e6a       ___acrt_GetUserDefaultLocaleName@8 10015e6a f   libucrt:winapi_thunks.obj
 0001:00014ebd       ___acrt_InitializeCriticalSectionEx@12 10015ebd f   libucrt:winapi_thunks.obj
 0001:00014f1f       ___acrt_IsValidLocaleName@4 10015f1f f   libucrt:winapi_thunks.obj
 0001:00014f6e       ___acrt_LCIDToLocaleName@16 10015f6e f   libucrt:winapi_thunks.obj
 0001:00014fc5       ___acrt_LCMapStringEx@36   10015fc5 f   libucrt:winapi_thunks.obj
 0001:00015039       ___acrt_LocaleNameToLCID@8 10016039 f   libucrt:winapi_thunks.obj
 0001:00015081       ___acrt_can_use_vista_locale_apis 10016081 f   libucrt:winapi_thunks.obj
 0001:0001508c       ___acrt_eagerly_load_locale_apis 1001608c f   libucrt:winapi_thunks.obj
 0001:000150c3       ___acrt_initialize_winapi_thunks 100160c3 f   libucrt:winapi_thunks.obj
 0001:000150ff       ___acrt_uninitialize_winapi_thunks 100160ff f   libucrt:winapi_thunks.obj
 0001:00015135       __fcloseall                10016135 f   libucrt:closeall.obj
 0001:000151d5       ___acrt_stdio_free_buffer_nolock 100161d5 f   libucrt:_freebuf.obj
 0001:00015295       __close                    10016295 f   libucrt:close.obj
 0001:00015324       __close_nolock             10016324 f   libucrt:close.obj
 0001:000153c0       ?__acrt_stdio_free_stream@@YAXV__crt_stdio_stream@@@Z 100163c0 f   libucrt:stream.obj
 0001:00015493       __commit                   10016493 f   libucrt:commit.obj
 0001:00015abd       __write                    10016abd f   libucrt:write.obj
 0001:00015ba5       __write_nolock             10016ba5 f   libucrt:write.obj
 0001:00015f3a       ___acrt_stdio_refill_and_read_narrow_nolock 10016f3a f   libucrt:_filbuf.obj
 0001:0001651b       __ftelli64                 1001751b f   libucrt:ftell.obj
 0001:00016526       __ftelli64_nolock          10017526 f   libucrt:ftell.obj
 0001:0001670d       ___acrt_stdio_flush_and_write_narrow_nolock 1001770d f   libucrt:_flsbuf.obj
 0001:00016c22       __read                     10017c22 f   libucrt:read.obj
 0001:00016d2c       __read_nolock              10017d2c f   libucrt:read.obj
 0001:0001725e       __lseeki64                 1001825e f   libucrt:lseek.obj
 0001:00017279       __lseeki64_nolock          10018279 f   libucrt:lseek.obj
 0001:00017294       ___acrt_stdio_allocate_buffer_nolock 10018294 f   libucrt:_getbuf.obj
 0001:00017492       __mbstowcs_l               10018492 f   libucrt:mbstowcs.obj
 0001:0001749d       __mbstowcs_s_l             1001849d f   libucrt:mbstowcs.obj
 0001:0001757f       _mbstowcs                  1001857f f   libucrt:mbstowcs.obj
 0001:000175a9       _mbstowcs_s                100185a9 f   libucrt:mbstowcs.obj
 0001:00017872       __wcstombs_l               10018872 f   libucrt:wcstombs.obj
 0001:0001787d       __wcstombs_s_l             1001887d f   libucrt:wcstombs.obj
 0001:0001794a       __isctype_l                1001894a f   libucrt:isctype.obj
 0001:00017b03       ___acrt_GetLocaleInfoA     10018b03 f   libucrt:getlocaleinfoa.obj
 0001:00017cb5       ___acrt_GetStringTypeA     10018cb5 f   libucrt:getstringtypea.obj
 0001:00017fa6       ___acrt_LCMapStringA       10018fa6 f   libucrt:lcmapstringa.obj
 0001:00017ff1       __realloc_base             10018ff1 f   libucrt:realloc_base.obj
 0001:0001805a       _iswctype                  1001905a f   libucrt:iswctype.obj
 0001:000180c5       __fpclass                  100190c5 f   libucrt:ieeemisc.obj
 0001:00018169       ___acrt_initialize_sse2    10019169 f   libucrt:mathfcns.obj
 0001:00018180       __CIpow_pentium4           10019180 f   libucrt:pow_pentium4.obj
 0001:00018199       __pow_pentium4             10019199     libucrt:pow_pentium4.obj
 0001:00018cc0       __fFEXP                    10019cc0 f   libucrt:87tran.obj
 0001:00018d17       __rtinfpopse               10019d17     libucrt:87tran.obj
 0001:00018d19       __rtinfnpopse              10019d19     libucrt:87tran.obj
 0001:00018d29       __fFLN                     10019d29     libucrt:87tran.obj
 0001:00018dde       __rtinfpop                 10019dde     libucrt:87tran.obj
 0001:00018de0       __rtinfnpop                10019de0     libucrt:87tran.obj
 0001:00018df0       __rtforexpinf              10019df0 f   libucrt:87tran.obj
 0001:00018dfd       __ffexpm1                  10019dfd     libucrt:87tran.obj
 0001:00018eb0       __trandisp1                10019eb0 f   libucrt:87disp.obj
 0001:00018f25       __trandisp2                10019f25 f   libucrt:87disp.obj
 0001:00018fbf       __rttospopde               10019fbf     libucrt:87disp.obj
 0001:00018fc4       __rttospop                 10019fc4     libucrt:87disp.obj
 0001:00018fd0       __rtnospop                 10019fd0 f   libucrt:87disp.obj
 0001:00018fe0       __rttosnpop                10019fe0 f   libucrt:87disp.obj
 0001:00018fe1       __rtnospopde               10019fe1     libucrt:87disp.obj
 0001:00018fe8       __rtzeropop                10019fe8     libucrt:87disp.obj
 0001:00018fea       __rtzeronpop               10019fea     libucrt:87disp.obj
 0001:00018ff0       __rtzerospop               10019ff0 f   libucrt:87disp.obj
 0001:00018ffd       __rtonepop                 10019ffd     libucrt:87disp.obj
 0001:00019000       __rtonenpop                1001a000 f   libucrt:87disp.obj
 0001:00019010       __tosnan1                  1001a010 f   libucrt:87disp.obj
 0001:00019040       __nosnan2                  1001a040 f   libucrt:87disp.obj
 0001:00019050       __tosnan2                  1001a050 f   libucrt:87disp.obj
 0001:00019080       __nan2                     1001a080 f   libucrt:87disp.obj
 0001:000190c0       __rtindfpop                1001a0c0 f   libucrt:87disp.obj
 0001:000190c2       __rtindfnpop               1001a0c2     libucrt:87disp.obj
 0001:000190d3       __rttosnpopde              1001a0d3     libucrt:87disp.obj
 0001:000190e0       __rtatan2inf               1001a0e0 f   libucrt:87disp.obj
 0001:000190fd       __rtchsifneg               1001a0fd     libucrt:87disp.obj
 0001:00019110       __startTwoArgErrorHandling 1001a110 f   libucrt:genexcep.obj
 0001:00019127       __startOneArgErrorHandling 1001a127 f   libucrt:genexcep.obj
 0001:00019170       __twoToTOS                 1001a170 f   libucrt:common.obj
 0001:00019185       __load_CW                  1001a185 f   libucrt:common.obj
 0001:0001919c       __convertTOStoQNaN         1001a19c f   libucrt:common.obj
 0001:000191b5       __fload_withFB             1001a1b5 f   libucrt:common.obj
 0001:000191f8       __checkTOS_withFB          1001a1f8 f   libucrt:common.obj
 0001:0001920e       __fast_exit                1001a20e f   libucrt:common.obj
 0001:0001921b       __math_exit                1001a21b f   libucrt:common.obj
 0001:00019245       __check_overflow_exit      1001a245 f   libucrt:common.obj
 0001:00019259       __check_range_exit         1001a259 f   libucrt:common.obj
 0001:000192fc       __d_inttype                1001a2fc f   libucrt:powhlp.obj
 0001:00019366       __powhlp                   1001a366 f   libucrt:powhlp.obj
 0001:00019491       ___acrt_MultiByteToWideChar 1001a491 f   libucrt:multibytetowidechar.obj
 0001:0001950d       ___acrt_WideCharToMultiByte 1001a50d f   libucrt:widechartomultibyte.obj
 0001:000195ba       __wcsicmp                  1001a5ba f   libucrt:wcsicmp.obj
 0001:00019648       __wcsicmp_l                1001a648 f   libucrt:wcsicmp.obj
 0001:00019725       ___acrt_initialize_timeset 1001a725 f   libucrt:timeset.obj
 0001:00019750       __isleadbyte_l             1001a750 f i libucrt:_wctype.obj
 0001:00019789       ___acrt_get_process_end_policy 1001a789 f   libucrt:win_policies.obj
 0001:00019c7f       ___acrt_expand_narrow_argv_wildcards 1001ac7f f   libucrt:argv_wildcards.obj
 0001:00019c8a       ___acrt_GetModuleFileNameA 1001ac8a f   libucrt:getmodulefilenamea.obj
 0001:0001a235       ___acrt_initialize_multibyte 1001b235 f   libucrt:mbctype.obj
 0001:0001a27d       ___acrt_update_thread_multibyte_data 1001b27d f   libucrt:mbctype.obj
 0001:0001a290       __setmbcp_nolock           1001b290 f   libucrt:mbctype.obj
 0001:0001a4e4       __ismbblead                1001b4e4 f   libucrt:ismbbyte.obj
 0001:0001a4fc       ___acrt_initialize_command_line 1001b4fc f   libucrt:argv_data.obj
 0001:0001a54c       ___dcrt_get_narrow_environment_from_os 1001b54c f   libucrt:get_environment_from_os.obj
 0001:0001a5d2       __recalloc                 1001b5d2 f   libucrt:recalloc.obj
 0001:0001a5dd       __recalloc_base            1001b5dd f   libucrt:recalloc.obj
 0001:0001a64a       ___acrt_initialize_heap    1001b64a f   libucrt:heap_handle.obj
 0001:0001a65b       ___acrt_uninitialize_heap  1001b65b f   libucrt:heap_handle.obj
 0001:0001a665       ___acrt_execute_initializers 1001b665 f   libucrt:shared_initialization.obj
 0001:0001a6e8       ___acrt_execute_uninitializers 1001b6e8 f   libucrt:shared_initialization.obj
 0001:0001a730       ___acrt_has_user_matherr   1001b730 f   libucrt:matherr.obj
 0001:0001a748       ___acrt_initialize_user_matherr 1001b748 f   libucrt:matherr.obj
 0001:0001a757       ___acrt_invoke_user_matherr 1001b757 f   libucrt:matherr.obj
 0001:0001a7a0       __query_new_mode           1001b7a0 f   libucrt:new_mode.obj
 0001:0001a7a6       ___acrt_add_locale_ref     1001b7a6 f   libucrt:locale_refcounting.obj
 0001:0001a823       ___acrt_free_locale        1001b823 f   libucrt:locale_refcounting.obj
 0001:0001a96d       ___acrt_locale_add_lc_time_reference 1001b96d f   libucrt:locale_refcounting.obj
 0001:0001a996       ___acrt_locale_free_lc_time_if_unreferenced 1001b996 f   libucrt:locale_refcounting.obj
 0001:0001a9c6       ___acrt_locale_release_lc_time_reference 1001b9c6 f   libucrt:locale_refcounting.obj
 0001:0001a9ef       ___acrt_release_locale_ref 1001b9ef f   libucrt:locale_refcounting.obj
 0001:0001aa70       ___acrt_update_thread_locale_data 1001ba70 f   libucrt:locale_refcounting.obj
 0001:0001aae7       __updatetlocinfoEx_nolock  1001bae7 f   libucrt:locale_refcounting.obj
 0001:0001ab63       ?__mbrtowc_utf8@__crt_mbstring@@YAIPA_WPBDIPAU_Mbstatet@@@Z 1001bb63 f   libucrt:mbrtowc.obj
 0001:0001aba5       ?__mbsrtowcs_utf8@__crt_mbstring@@YAIPA_WPAPBDIPAU_Mbstatet@@@Z 1001bba5 f   libucrt:mbrtowc.obj
 0001:0001aca2       __isatty                   1001bca2 f   libucrt:isatty.obj
 0001:0001acf8       ___acrt_locale_free_monetary 1001bcf8 f   libucrt:initmon.obj
 0001:0001adf6       ___acrt_locale_initialize_monetary 1001bdf6 f   libucrt:initmon.obj
 0001:0001b1af       ___acrt_locale_free_numeric 1001c1af f   libucrt:initnum.obj
 0001:0001b218       ___acrt_locale_initialize_numeric 1001c218 f   libucrt:initnum.obj
 0001:0001b6df       ___acrt_locale_free_time   1001c6df f   libucrt:inittime.obj
 0001:0001b7c3       ___acrt_locale_initialize_time 1001c7c3 f   libucrt:inittime.obj
 0001:0001b83e       _wcscat_s                  1001c83e f   libucrt:wcscat_s.obj
 0001:0001b97f       _wcsncpy_s                 1001c97f f   libucrt:wcsncpy_s.obj
 0001:0001b98a       _wcscspn                   1001c98a f   libucrt:wcscspn.obj
 0001:0001b9e5       _wcspbrk                   1001c9e5 f   libucrt:wcspbrk.obj
 0001:0001c149       ___acrt_get_qualified_locale 1001d149 f   libucrt:get_qualified_locale.obj
 0001:0001cabb       ___acrt_get_qualified_locale_downlevel 1001dabb f   libucrt:getqloc_downlevel.obj
 0001:0001ccb2       ___acrt_lowio_create_handle_array 1001dcb2 f   libucrt:osfinfo.obj
 0001:0001cd2c       ___acrt_lowio_destroy_handle_array 1001dd2c f   libucrt:osfinfo.obj
 0001:0001cd61       ___acrt_lowio_ensure_fh_exists 1001dd61 f   libucrt:osfinfo.obj
 0001:0001cdf5       ___acrt_lowio_lock_fh      1001ddf5 f   libucrt:osfinfo.obj
 0001:0001ce18       ___acrt_lowio_unlock_fh    1001de18 f   libucrt:osfinfo.obj
 0001:0001ce3b       __free_osfhnd              1001de3b f   libucrt:osfinfo.obj
 0001:0001cecc       __get_osfhandle            1001decc f   libucrt:osfinfo.obj
 0001:0001cfea       ___acrt_DownlevelLCIDToLocaleName 1001dfea f   libucrt:lcidtoname_downlevel.obj
 0001:0001d094       ___acrt_DownlevelLocaleNameToLCID 1001e094 f   libucrt:lcidtoname_downlevel.obj
 0001:0001d0c0       __putwch_nolock            1001e0c0 f   libucrt:putwch.obj
 0001:0001d0f4       ?__wcsrtombs_utf8@__crt_mbstring@@YAIPADPAPB_WIPAU_Mbstatet@@@Z 1001e0f4 f   libucrt:wcrtomb.obj
 0001:0001d2a4       _strncpy_s                 1001e2a4 f   libucrt:strncpy_s.obj
 0001:0001d2af       ___acrt_GetStringTypeW     1001e2af f   libucrt:getstringtypew.obj
 0001:0001d2c8       ___libm_error_support      1001e2c8 f   libucrt:libm_error.obj
 0001:0001d4e0       __87except                 1001e4e0 f   libucrt:87except.obj
 0001:0001d5ea       __frnd                     1001e5ea f   libucrt:frnd.obj
 0001:0001d600       __towlower_l               1001e600 f   libucrt:towlower.obj
 0001:0001d710       _qsort                     1001e710 f   libucrt:qsort.obj
 0001:0001db60       _strpbrk                   1001eb60 f   libucrt:strpbrk.obj
 0001:0001dba0       ??$__acrt_convert_wcs_mbs@D_W$$A6AIPA_WPBDIPAU__crt_locale_pointers@@@ZU__crt_win32_buffer_internal_dynamic_resizing@@@@YAHQBDAAV?$__crt_win32_buffer@_WU__crt_win32_buffer_internal_dynamic_resizing@@@@A6AIPA_WPBDIPAU__crt_locale_pointers@@@Z4@Z 1001eba0 f i libucrt:findfirstfileexa.obj
 0001:0001dc41       ??$__acrt_mbs_to_wcs@U__crt_win32_buffer_internal_dynamic_resizing@@@@YAHQBDAAV?$__crt_win32_buffer@_WU__crt_win32_buffer_internal_dynamic_resizing@@@@PAU__crt_locale_pointers@@@Z 1001ec41 f i libucrt:findfirstfileexa.obj
 0001:0001dc5e       ___acrt_FindFirstFileExA   1001ec5e f   libucrt:findfirstfileexa.obj
 0001:0001dcc4       ??$__acrt_convert_wcs_mbs@_WD$$A6AIPADPB_WIPAU__crt_locale_pointers@@@ZU__crt_win32_buffer_no_resizing@@@@YAHQB_WAAV?$__crt_win32_buffer@DU__crt_win32_buffer_no_resizing@@@@A6AIPADPB_WIPAU__crt_locale_pointers@@@Z4@Z 1001ecc4 f i libucrt:findnextfilea.obj
 0001:0001dd66       ?set_to_nullptr@?$__crt_win32_buffer@DU__crt_win32_buffer_no_resizing@@@@QAEXXZ 1001ed66 f i libucrt:findnextfilea.obj
 0001:0001dd7a       ___acrt_FindNextFileA      1001ed7a f   libucrt:findnextfilea.obj
 0001:0001debb       __mbsdec                   1001eebb f   libucrt:mbsdec.obj
 0001:0001ded2       __mbsdec_l                 1001eed2 f   libucrt:mbsdec.obj
 0001:0001df70       __msize                    1001ef70 f   libucrt:msize.obj
 0001:0001df7b       __msize_base               1001ef7b f   libucrt:msize.obj
 0001:0001dfae       ?__mbrtoc32_utf8@__crt_mbstring@@YAIPA_UPBDIPAU_Mbstatet@@@Z 1001efae f   libucrt:mbrtoc32.obj
 0001:0001e162       ?return_illegal_sequence@__crt_mbstring@@YAIPAU_Mbstatet@@@Z 1001f162 f i libucrt:mbrtoc32.obj
 0001:0001e190       __CIlog10                  1001f190 f   libucrt:log10_impl.obj
 0001:0001e1cb       __CIlog10_default          1001f1cb f   libucrt:log10_impl.obj
 0001:0001e1df       __log10_default            1001f1df     libucrt:log10_impl.obj
 0001:0001e2a0       _ceil                      1001f2a0 f   libucrt:ceil_pentium4.obj
 0001:0001e2e0       __ceil_pentium4            1001f2e0 f   libucrt:ceil_pentium4.obj
 0001:0001e4db       __itow_s                   1001f4db f   libucrt:xtoa.obj
 0001:0001e510       __wcsnicmp                 1001f510 f   libucrt:wcsnicmp.obj
 0001:0001e5c1       __wcsnicmp_l               1001f5c1 f   libucrt:wcsnicmp.obj
 0001:0001e6be       __query_app_type           1001f6be f   libucrt:report_runtime_error.obj
 0001:0001e6e3       ___dcrt_lowio_ensure_console_output_initialized 1001f6e3 f   libucrt:initcon.obj
 0001:0001e702       ___dcrt_terminate_console_output 1001f702 f   libucrt:initcon.obj
 0001:0001e719       ___dcrt_write_console      1001f719 f   libucrt:initcon.obj
 0001:0001e76e       ?__c16rtomb_utf8@__crt_mbstring@@YAIPAD_SPAU_Mbstatet@@@Z 1001f76e f   libucrt:c16rtomb.obj
 0001:0001e80c       ___acrt_LCMapStringW       1001f80c f   libucrt:lcmapstringw.obj
 0001:0001e850       __CIlog10_pentium4         1001f850 f   libucrt:log10_pentium4.obj
 0001:0001e868       __log10_pentium4           1001f868     libucrt:log10_pentium4.obj
 0001:0001eae0       __ceil_default             1001fae0 f   libucrt:ceil.obj
 0001:0001eb99       ?__c32rtomb_utf8@__crt_mbstring@@YAIPAD_UPAU_Mbstatet@@@Z 1001fb99 f   libucrt:c32rtomb.obj
 0001:0001ec48       _c32rtomb                  1001fc48 f   libucrt:c32rtomb.obj
 0001:0001ec60       ___ascii_strnicmp          1001fc60 f   libucrt:_strnicm.obj
 0001:0001ecc1       _IsProcessorFeaturePresent@4 1001fcc1 f   kernel32:KERNEL32.dll
 0001:0001ecc7       ?DloadAcquireSectionWriteAccess@@YGXXZ 1001fcc7 f i DelayImp:delayhlp.obj
 0001:0001ecfa       ?DloadGetSRWLockFunctionPointers@@YGEXZ 1001fcfa f i DelayImp:delayhlp.obj
 0001:0001ed6d       ?DloadLock@@YGXXZ          1001fd6d f i DelayImp:delayhlp.obj
 0001:0001edac       ?DloadMakePermanentImageCommit@@YGXPAXK@Z 1001fdac f i DelayImp:delayhlp.obj
 0001:0001ee1b       ?DloadObtainSection@@YGPAXPAK0@Z 1001fe1b f i DelayImp:delayhlp.obj
 0001:0001ee96       ?DloadProtectSection@@YGXKPAK@Z 1001fe96 f i DelayImp:delayhlp.obj
 0001:0001ef04       ?DloadReleaseSectionWriteAccess@@YGXXZ 1001ff04 f i DelayImp:delayhlp.obj
 0001:0001ef3a       ?DloadUnlock@@YGXXZ        1001ff3a f i DelayImp:delayhlp.obj
 0001:0001ef66       ___delayLoadHelper2@8      1001ff66 f   DelayImp:delayhlp.obj
 0001:0001f1e0       __FindPESection            100201e0 f   LIBCMT:pesect.obj
 0001:0001f230       __IsNonwritableInCurrentImage 10020230 f   LIBCMT:pesect.obj
 0001:0001f2f0       __ValidateImageBase        100202f0 f   LIBCMT:pesect.obj
 0001:0001f330       __aulldvrm                 10020330 f   LIBCMT:ulldvrm.obj
 0001:0001f3d0       __SEH_prolog4_GS           100203d0 f   LIBCMT:_sehprolg4gs_.obj
 0001:0001f419       __SEH_epilog4_GS           10020419 f   LIBCMT:_sehprolg4gs_.obj
 0001:0001f430       __allshl                   10020430 f   LIBCMT:llshl.obj
 0001:0001f450       __aullshr                  10020450 f   LIBCMT:ullshr.obj
 0001:0001f470       __alldvrm                  10020470 f   LIBCMT:lldvrm.obj
 0001:0001f550       __alldiv                   10020550 f   LIBCMT:lldiv.obj
 0001:0001f600       __ftol2_sse                10020600 f   LIBCMT:_ftol2_.obj
 0001:0001f609       __ftol2_pentium4           10020609 f   LIBCMT:_ftol2_.obj
 0001:0001f61c       __ftol2_sse_excpt          1002061c f   LIBCMT:_ftol2_.obj
 0001:0001f640       __ftol2                    10020640 f   LIBCMT:_ftol2_.obj
 0001:0001f6c0       _strrchr                   100206c0 f   libvcruntime:strrchr.obj
 0001:0001f800       _strchr                    10020800 f   libvcruntime:strchr.obj
 0001:0001f86e       ___from_strstr_to_strchr   1002086e     libvcruntime:strchr.obj
 0001:0001f92b       _wcschr                    1002092b f   libvcruntime:wcschr.obj
 0002:00000000       __imp__GetModuleHandleA@4  10021000     kernel32:KERNEL32.dll
 0002:00000004       __imp__VirtualQuery@12     10021004     kernel32:KERNEL32.dll
 0002:00000008       __imp__VirtualProtect@16   10021008     kernel32:KERNEL32.dll
 0002:0000000c       __imp__GetSystemInfo@4     1002100c     kernel32:KERNEL32.dll
 0002:00000010       __imp__WriteConsoleW@20    10021010     kernel32:KERNEL32.dll
 0002:00000014       __imp__CreateFileW@28      10021014     kernel32:KERNEL32.dll
[...]
 0002:0000e19c       __unwindtable$?_Locimp_dtor@_Locimp@locale@std@@CAXPAV123@@Z 1002f19c     libcpmt:locale0.obj
 0002:0000e1a4       __ehfuncinfo$?_Locimp_dtor@_Locimp@locale@std@@CAXPAV123@@Z 1002f1a4     libcpmt:locale0.obj
 0002:0000e1c8       __unwindtable$?_Init@locale@std@@CAPAV_Locimp@12@_N@Z 1002f1c8     libcpmt:locale0.obj
 0002:0000e1d0       __ehfuncinfo$?_Init@locale@std@@CAPAV_Locimp@12@_N@Z 1002f1d0     libcpmt:locale0.obj
 0002:0000e2c0       __sehtable$?dllmain_crt_process_attach@@YAHQAUHINSTANCE__@@QAX@Z 1002f2c0     LIBCMT:dll_dllmain.obj
 0002:0000e2e0       __sehtable$?dllmain_crt_process_detach@@YAH_N@Z 1002f2e0     LIBCMT:dll_dllmain.obj
 0002:0000e300       __sehtable$?dllmain_dispatch@@YAHQAUHINSTANCE__@@KQAX@Z 1002f300     LIBCMT:dll_dllmain.obj
 0002:0000e320       __sehtable$___scrt_is_nonwritable_in_current_image 1002f320     LIBCMT:utility.obj
 0002:0000e378       __sehtable$___DestructExceptionObject 1002f378     libvcruntime:ehhelpers.obj
 0002:0000e398       __sehtable$?FrameUnwindToState@__FrameHandler3@@SAXPAUEHRegistrationNode@@PAXPBU_s_FuncInfo@@H@Z 1002f398     libvcruntime:frame.obj
 0002:0000e3c0       __sehtable$?CallCatchBlock@@YAPAXPAUEHExceptionRecord@@PAUEHRegistrationNode@@PAU_CONTEXT@@PBU_s_FuncInfo@@PAXHK@Z 1002f3c0     libvcruntime:frame.obj
 0002:0000e3e8       __catchsym$?CallUnexpected@@YAXPBU_s_ESTypeList@@@Z$2 1002f3e8     libvcruntime:frame.obj
 0002:0000e3f8       __unwindtable$?CallUnexpected@@YAXPBU_s_ESTypeList@@@Z 1002f3f8     libvcruntime:frame.obj
 0002:0000e408       __tryblocktable$?CallUnexpected@@YAXPBU_s_ESTypeList@@@Z 1002f408     libvcruntime:frame.obj
 0002:0000e41c       __ehfuncinfo$?CallUnexpected@@YAXPBU_s_ESTypeList@@@Z 1002f41c     libvcruntime:frame.obj
 0002:0000e440       __sehtable$??$BuildCatchObjectHelperInternal@$$CBU_s_HandlerType@@@@YAHPAUEHExceptionRecord@@PAXPBU_s_HandlerType@@PBU_s_CatchableType@@@Z 1002f440     libvcruntime:frame.obj
 0002:0000e460       __sehtable$??$BuildCatchObjectInternal@$$CBU_s_HandlerType@@@@YAXPAUEHExceptionRecord@@PAXPBU_s_HandlerType@@PBU_s_CatchableType@@@Z 1002f460     libvcruntime:frame.obj
 0002:0000e4b8       __sehtable$_terminate      1002f4b8     libucrt:terminate.obj
 0002:0000e4d8       __sehtable$_fclose         1002f4d8     libucrt:fclose.obj
 0002:0000e4f8       __sehtable$??$?RV<lambda_2866be3712abc81a800a822484c830d8>@@AAV<lambda_39ca0ed439415581b5b15c265174cece>@@V<lambda_2b24c74d71094a6cd0cb82e44167d71b>@@@?$__crt_seh_guarded_call@X@@QAEX$$QAV<lambda_2866be3712abc81a800a822484c830d8>@@AAV<lambda_39ca0ed439415581b5b15c265174cece>@@$$QAV<lambda_2b24c74d71094a6cd0cb82e44167d71b>@@@Z 1002f4f8     libucrt:fflush.obj
 0002:0000e518       __sehtable$??$?RV<lambda_2cc53f568c5a2bb6f192f930a45d44ea>@@AAV<lambda_ab61a845afdef5b7c387490eaf3616ee>@@V<lambda_c2ffc0b7726aa6be21d5f0026187e748>@@@?$__crt_seh_guarded_call@X@@QAEX$$QAV<lambda_2cc53f568c5a2bb6f192f930a45d44ea>@@AAV<lambda_ab61a845afdef5b7c387490eaf3616ee>@@$$QAV<lambda_c2ffc0b7726aa6be21d5f0026187e748>@@@Z 1002f518     libucrt:fflush.obj
 0002:0000e538       __sehtable$??$?RV<lambda_6d20deecaf4856105ebacbad442d1079>@@AAV<lambda_9a32fed5bf61b6b509b2d3f6003082a1>@@V<lambda_63ea2239ed67c638ddbae41947fdf875>@@@?$__crt_seh_guarded_call@H@@QAEH$$QAV<lambda_6d20deecaf4856105ebacbad442d1079>@@AAV<lambda_9a32fed5bf61b6b509b2d3f6003082a1>@@$$QAV<lambda_63ea2239ed67c638ddbae41947fdf875>@@@Z 1002f538     libucrt:fflush.obj
 0002:0000e558       __sehtable$_fgetc          1002f558     libucrt:fgetc.obj
 0002:0000e578       __sehtable$_fputc          1002f578     libucrt:fputc.obj
 0002:0000e598       __sehtable$_fread_s        1002f598     libucrt:fread.obj
 0002:0000e5b8       __sehtable$?common_fseek@@YAHV__crt_stdio_stream@@_JH@Z 1002f5b8     libucrt:fseek.obj
 0002:0000e5d8       __sehtable$??$?RV<lambda_cd3bfd923e8d1349099e544c97b1bd8e>@@AAV<lambda_54dcfcba6f8e0c549fa430f4d53fb7dd>@@V<lambda_5e1d0fa2aa2b73b187bf8b7e1d30c7f8>@@@?$__crt_seh_guarded_call@I@@QAEI$$QAV<lambda_cd3bfd923e8d1349099e544c97b1bd8e>@@AAV<lambda_54dcfcba6f8e0c549fa430f4d53fb7dd>@@$$QAV<lambda_5e1d0fa2aa2b73b187bf8b7e1d30c7f8>@@@Z 1002f5d8     libucrt:fwrite.obj
 0002:0000e5f8       __sehtable$??$?RV<lambda_70c0770dcc4f6ec6272bb01dc82d3c91>@@AAV<lambda_ca71763b3c0644891230e4f79ea54fa6>@@V<lambda_ca266f0f09348b8765c113e3a39a2bc1>@@@?$__crt_seh_guarded_call@H@@QAEH$$QAV<lambda_70c0770dcc4f6ec6272bb01dc82d3c91>@@AAV<lambda_ca71763b3c0644891230e4f79ea54fa6>@@$$QAV<lambda_ca266f0f09348b8765c113e3a39a2bc1>@@@Z 1002f5f8     libucrt:setvbuf.obj
 0002:0000e618       __sehtable$_ungetc         1002f618     libucrt:ungetc.obj
 0002:0000e638       __sehtable$??$?RV<lambda_0fef6fff2b5e6b53303c9058db11ae1f>@@AAV<lambda_082c17da81b0962e08c0587ee0fac50c>@@V<lambda_fa6e051aed0a38726081083cc7c328e9>@@@?$__crt_seh_guarded_call@PAD@@QAEPAD$$QAV<lambda_0fef6fff2b5e6b53303c9058db11ae1f>@@AAV<lambda_082c17da81b0962e08c0587ee0fac50c>@@$$QAV<lambda_fa6e051aed0a38726081083cc7c328e9>@@@Z 1002f638     libucrt:setlocale.obj
 0002:0000e658       __sehtable$__query_new_handler 1002f658     libucrt:new_handler.obj
 0002:0000e678       __sehtable$??R<lambda_6e4b09c48022b2350581041d5f6b0c4c>@@QBE@XZ 1002f678     libucrt:exit.obj
 0002:0000e698       __sehtable$??$?RV<lambda_03b1d95aef87969028cfba75ccab2455>@@AAV<lambda_6e4b09c48022b2350581041d5f6b0c4c>@@V<lambda_22bdf7517842c4b3e53723af5aa32b9e>@@@?$__crt_seh_guarded_call@X@@QAEX$$QAV<lambda_03b1d95aef87969028cfba75ccab2455>@@AAV<lambda_6e4b09c48022b2350581041d5f6b0c4c>@@$$QAV<lambda_22bdf7517842c4b3e53723af5aa32b9e>@@@Z 1002f698     libucrt:exit.obj
 0002:0000e6b8       __sehtable$??$?RV<lambda_7ac4055421038abea736e08bd20712a4>@@AAV<lambda_a10e4b102d4a2c3aac6f4f48bbdf488f>@@V<lambda_1da61822885009acd1bf848af4f9644b>@@@?$__crt_seh_guarded_call@H@@QAEH$$QAV<lambda_7ac4055421038abea736e08bd20712a4>@@AAV<lambda_a10e4b102d4a2c3aac6f4f48bbdf488f>@@$$QAV<lambda_1da61822885009acd1bf848af4f9644b>@@@Z 1002f6b8     libucrt:onexit.obj
 0002:0000e6d8       __sehtable$??$?RV<lambda_69a2805e680e0e292e8ba93315fe43a8>@@AAV<lambda_f03950bc5685219e0bcd2087efbe011e>@@V<lambda_03fcd07e894ec930e3f35da366ca99d6>@@@?$__crt_seh_guarded_call@H@@QAEH$$QAV<lambda_69a2805e680e0e292e8ba93315fe43a8>@@AAV<lambda_f03950bc5685219e0bcd2087efbe011e>@@$$QAV<lambda_03fcd07e894ec930e3f35da366ca99d6>@@@Z 1002f6d8     libucrt:onexit.obj
 0002:0000e6f8       __sehtable$_raise          1002f6f8     libucrt:signal.obj
 0002:0000e718       __sehtable$??$?RV<lambda_cbab9ec6f41b0180b23cc171c22676b0>@@AAV<lambda_44731a7d0e6d81c3e6aa82d741081786>@@V<lambda_4b292cb8dd18144e164572427af410ab>@@@?$__crt_seh_guarded_call@P6AXH@Z@@QAEP6AXH@Z$$QAV<lambda_cbab9ec6f41b0180b23cc171c22676b0>@@AAV<lambda_44731a7d0e6d81c3e6aa82d741081786>@@$$QAV<lambda_4b292cb8dd18144e164572427af410ab>@@@Z 1002f718     libucrt:signal.obj
 0002:0000e738       __sehtable$??$?RV<lambda_15ade71b0218206bbe3333a0c9b79046>@@AAV<lambda_da44e0f8b0f19ba52fefafb335991732>@@V<lambda_207f2d024fc103971653565357d6cd41>@@@?$__crt_seh_guarded_call@X@@QAEX$$QAV<lambda_15ade71b0218206bbe3333a0c9b79046>@@AAV<lambda_da44e0f8b0f19ba52fefafb335991732>@@$$QAV<lambda_207f2d024fc103971653565357d6cd41>@@@Z 1002f738     libucrt:per_thread_data.obj
 0002:0000e758       __sehtable$??$?RV<lambda_a7e850c220f1c8d1e6efeecdedd162c6>@@AAV<lambda_46720907175c18b6c9d2717bc0d2d362>@@V<lambda_9048902d66e8d99359bc9897bbb930a8>@@@?$__crt_seh_guarded_call@X@@QAEX$$QAV<lambda_a7e850c220f1c8d1e6efeecdedd162c6>@@AAV<lambda_46720907175c18b6c9d2717bc0d2d362>@@$$QAV<lambda_9048902d66e8d99359bc9897bbb930a8>@@@Z 1002f758     libucrt:per_thread_data.obj
 0002:0000e778       __sehtable$??$?RV<lambda_38edbb1296d33220d7e4dd0ed76b244a>@@AAV<lambda_5ce1d447e08cb34b2473517608e21441>@@V<lambda_fb385d3da700c9147fc39e65dd577a8c>@@@?$__crt_seh_guarded_call@X@@QAEX$$QAV<lambda_38edbb1296d33220d7e4dd0ed76b244a>@@AAV<lambda_5ce1d447e08cb34b2473517608e21441>@@$$QAV<lambda_fb385d3da700c9147fc39e65dd577a8c>@@@Z 1002f778     libucrt:per_thread_data.obj
 0002:0000e798       __sehtable$??$?RV<lambda_6affb1475c98b40b75cdec977db92e3c>@@AAV<lambda_b8d4b9c228a6ecc3f80208dbb4b4a104>@@V<lambda_608742c3c92a14382c1684fc64f96c88>@@@?$__crt_seh_guarded_call@X@@QAEX$$QAV<lambda_6affb1475c98b40b75cdec977db92e3c>@@AAV<lambda_b8d4b9c228a6ecc3f80208dbb4b4a104>@@$$QAV<lambda_608742c3c92a14382c1684fc64f96c88>@@@Z 1002f798     libucrt:per_thread_data.obj
 0002:0000e7b8       __sehtable$??$?RV<lambda_e5124f882df8998aaf41531e079ba474>@@AAV<lambda_3e16ef9562a7dcce91392c22ab16ea36>@@V<lambda_e25ca0880e6ef98be67edffd8c599615>@@@?$__crt_seh_guarded_call@X@@QAEX$$QAV<lambda_e5124f882df8998aaf41531e079ba474>@@AAV<lambda_3e16ef9562a7dcce91392c22ab16ea36>@@$$QAV<lambda_e25ca0880e6ef98be67edffd8c599615>@@@Z 1002f7b8     libucrt:wsetlocale.obj
 0002:0000e7d8       __sehtable$??$?RV<lambda_4fdada1b837b2abbf20876fac97688ad>@@AAV<lambda_b57350f2640456a0859d250846f69caf>@@V<lambda_eed5e4f92b5b7d55fa22c48c484aaa54>@@@?$__crt_seh_guarded_call@X@@QAEX$$QAV<lambda_4fdada1b837b2abbf20876fac97688ad>@@AAV<lambda_b57350f2640456a0859d250846f69caf>@@$$QAV<lambda_eed5e4f92b5b7d55fa22c48c484aaa54>@@@Z 1002f7d8     libucrt:wsetlocale.obj
 0002:0000e7f8       __sehtable$??$?RV<lambda_135d2772fca65dc1248eeaa1b56e886a>@@AAV<lambda_2a444430fde8c29194d880d93eed5e8f>@@AAV<lambda_8dff2cf36a5417162780cd64fa2883ef>@@@?$__crt_seh_guarded_call@X@@QAEX$$QAV<lambda_135d2772fca65dc1248eeaa1b56e886a>@@AAV<lambda_2a444430fde8c29194d880d93eed5e8f>@@AAV<lambda_8dff2cf36a5417162780cd64fa2883ef>@@@Z 1002f7f8     libucrt:wsetlocale.obj
 0002:0000e818       __sehtable$___acrt_initialize_lowio 1002f818     libucrt:ioinit.obj
 0002:0000e838       __sehtable$??$?RV<lambda_93797fb4802c957ba6a7f08e1250235b>@@AAV<lambda_1f3ce6bd48e0aa2e72a71c02eee379d3>@@V<lambda_56cae30c9364c9b6c15aeaac05d0418e>@@@?$__crt_seh_guarded_call@H@@QAEH$$QAV<lambda_93797fb4802c957ba6a7f08e1250235b>@@AAV<lambda_1f3ce6bd48e0aa2e72a71c02eee379d3>@@$$QAV<lambda_56cae30c9364c9b6c15aeaac05d0418e>@@@Z 1002f838     libucrt:winapi_thunks.obj
 0002:0000e858       __sehtable$__fcloseall     1002f858     libucrt:closeall.obj
 0002:0000e878       __sehtable$??$?RV<lambda_218ce3db14220d0be481dae8ef3383b6>@@AAV<lambda_628dfdc04ba53c8bfc02c9951375f3f5>@@V<lambda_57dc472bd5c9d5f3b2cbca59b8a843ae>@@@?$__crt_seh_guarded_call@H@@QAEH$$QAV<lambda_218ce3db14220d0be481dae8ef3383b6>@@AAV<lambda_628dfdc04ba53c8bfc02c9951375f3f5>@@$$QAV<lambda_57dc472bd5c9d5f3b2cbca59b8a843ae>@@@Z 1002f878     libucrt:close.obj
 0002:0000e898       __sehtable$??$?RV<lambda_9e9de3de5fa147e2223d7db92bc10aa6>@@AAV<lambda_38ce7e780aa69e748d6df282ebc68efe>@@V<lambda_8ca6da459f0f6780f1cff60fdc3d00e5>@@@?$__crt_seh_guarded_call@H@@QAEH$$QAV<lambda_9e9de3de5fa147e2223d7db92bc10aa6>@@AAV<lambda_38ce7e780aa69e748d6df282ebc68efe>@@$$QAV<lambda_8ca6da459f0f6780f1cff60fdc3d00e5>@@@Z 1002f898     libucrt:commit.obj
 0002:0000e8b8       __sehtable$__write         1002f8b8     libucrt:write.obj
 0002:0000e8d8       __sehtable$??$common_ftell@_J@@YA_JV__crt_stdio_stream@@@Z 1002f8d8     libucrt:ftell.obj
 0002:0000e8f8       __sehtable$__read          1002f8f8     libucrt:read.obj
 0002:0000e918       __sehtable$??$common_lseek@_J@@YA_JH_JH@Z 1002f918     libucrt:lseek.obj
 0002:0000e934       __unwindtable$?_wcstombs_l_helper@@YAIPADPB_WIPAU__crt_locale_pointers@@@Z 1002f934     libucrt:wcstombs.obj
 0002:0000e93c       __ehfuncinfo$?_wcstombs_l_helper@@YAIPADPB_WIPAU__crt_locale_pointers@@@Z 1002f93c     libucrt:wcstombs.obj
 0002:0000e960       __sehtable$?update_thread_multibyte_data_internal@@YAPAU__crt_multibyte_data@@QAU__acrt_ptd@@QAPAU1@@Z 1002f960     libucrt:mbctype.obj
 0002:0000e980       __sehtable$??$?RV<lambda_ceb1ee4838e85a9d631eb091e2fbe199>@@AAV<lambda_ae742caa10f662c28703da3d2ea5e57e>@@V<lambda_cd08b5d6af4937fe54fc07d0c9bf6b37>@@@?$__crt_seh_guarded_call@X@@QAEX$$QAV<lambda_ceb1ee4838e85a9d631eb091e2fbe199>@@AAV<lambda_ae742caa10f662c28703da3d2ea5e57e>@@$$QAV<lambda_cd08b5d6af4937fe54fc07d0c9bf6b37>@@@Z 1002f980     libucrt:mbctype.obj
 0002:0000e9a0       __sehtable$___acrt_update_thread_locale_data 1002f9a0     libucrt:locale_refcounting.obj
 0002:0000e9c0       __sehtable$___acrt_lowio_ensure_fh_exists 1002f9c0     libucrt:osfinfo.obj
 0002:0000e9e0       __sehtable$__IsNonwritableInCurrentImage 1002f9e0     LIBCMT:pesect.obj
 0002:0000ee30       .edata                     1002fe30     NTDirect32.exp
 0002:0000ee58       rgpv                       1002fe58     NTDirect32.exp
 0002:0000ee5c       rgszName                   1002fe5c     NTDirect32.exp
 0002:0000ee60       rgwOrd                     1002fe60     NTDirect32.exp
 0002:0000ee62       szName                     1002fe62     NTDirect32.exp
 0002:0000ee72       $N00001                    1002fe72     NTDirect32.exp
 0002:0000f07c       .idata$6                   1003007c     kernel32:KERNEL32.dll
 0002:0000f08a       .idata$6                   1003008a     NtDirect:NtDirect.dll
 0003:00000000       ?init@std@@3JA             10031000     libcpmt:xlock.obj
 0003:0000005c       ?atcount_cdecl@@3IA        1003105c     libcpmt:iosptrs.obj
 0003:00000080       ?__vcrt_flsindex@@3KA      10031080     libvcruntime:per_thread_data.obj
 0003:000001c0       ?errno_no_memory@@3HA      100311c0     libucrt:errno.obj
 0003:000001c4       ?doserrno_no_memory@@3KA   100311c4     libucrt:errno.obj
 0003:000001d0       ?__acrt_flsindex@@3KA      100311d0     libucrt:per_thread_data.obj
 0003:000001d4       __ctype_loc_style          100311d4     libucrt:wsetlocale.obj
 0003:000003e0       ?tzstd_program@@3PADA      100313e0     libucrt:timeset.obj
 0003:00000420       ?tzdst_program@@3PADA      10031420     libucrt:timeset.obj
 0003:00000460       ?tzname_states@@3PAY01PADA 10031460     libucrt:timeset.obj
 0003:00000688       __mbctypes                 10031688     libucrt:mbctype.obj
 0003:00000790       __mbcasemaps               10031790     libucrt:mbctype.obj
 0003:00000890       ?__rgctypeflag@@3PADA      10031890     libucrt:mbctype.obj
 0003:00000898       ?__rgcode_page_info@@3PAUcode_page_info@@A 10031898     libucrt:mbctype.obj
 0003:00000990       ?__dcrt_lowio_console_output_handle@@3PAXA 10031990     libucrt:initcon.obj
 0003:000009b0       __module                   100319b0     main.obj
 0003:00000ea8       ?initlocks@std@@3V_Init_locks@1@A 10031ea8     libcpmt:xlock.obj
 0003:00000eb0       ?mtx@std@@3PAU_RTL_CRITICAL_SECTION@@A 10031eb0     libcpmt:xlock.obj
 0003:00000f70       ?initlocks@@3V_Init_locks@std@@A 10031f70     libcpmt:cout.obj
 0003:00000f71       ?init_cout@std@@3U_Init_cout@1@A 10031f71     libcpmt:cout.obj
 0003:00000fc8       ?fout@std@@3V?$basic_filebuf@DU?$char_traits@D@std@@@1@A 10031fc8     libcpmt:cout.obj
 0003:0000104c       ?classic_locale@std@@3Vlocale@1@A 1003204c     libcpmt:locale0.obj
 0003:00001054       ?_Fac_tidy_reg@std@@3U_Fac_tidy_reg_t@1@B 10032054     libcpmt:locale0.obj
 0003:00001058       ?_Fac_head@std@@3PAU_Fac_node@1@A 10032058     libcpmt:locale0.obj
 0003:0000105c       _global_locale             1003205c     libcpmt:locale0.obj
 0003:00001060       ?registered@?1??_Setgloballocale@locale@std@@CAXPAX@Z@4_NA 10032060     libcpmt:locale0.obj
 0003:0000110c       ?stdstr@std@@3PAPAVios_base@1@A 1003210c     libcpmt:ios.obj
 0003:00001134       ?stdopens@std@@3PADA       10032134     libcpmt:ios.obj
 0003:00001160       ?initlocks@std@@3V_Init_locks@1@A 10032160     libcpmt:iosptrs.obj
 0003:00001161       ?init_atexit@@3U_Init_atexit@@A 10032161     libcpmt:iosptrs.obj
 0003:00001164       ?atfuns_cdecl@@3PAP6AXXZA  10032164     libcpmt:iosptrs.obj
 0003:00001208       ?__proc_attached@@3HA      10032208     LIBCMT:dll_dllmain.obj
 0003:00001214       ?is_initialized_as_dll@@3_NA 10032214     LIBCMT:utility.obj
 0003:00001215       ?module_local_atexit_table_initialized@@3_NA 10032215     LIBCMT:utility.obj
 0003:00001218       ?module_local_atexit_table@@3U_onexit_table_t@@A 10032218     LIBCMT:utility.obj
 0003:00001224       ?module_local_at_quick_exit_table@@3U_onexit_table_t@@A 10032224     LIBCMT:utility.obj
 0003:00001230       _GS_ExceptionRecord        10032230     LIBCMT:gs_report.obj
 0003:00001280       _GS_ContextRecord          10032280     LIBCMT:gs_report.obj
 0003:00001574       ?__vcrt_startup_thread_ptd@@3U__vcrt_ptd@@A 10032574     libvcruntime:per_thread_data.obj
 0003:0000159c       ___vcrt_lock_table         1003259c     libvcruntime:locks.obj
 0003:000015b4       ___vcrt_locks_initialized  100325b4     libvcruntime:locks.obj
 0003:000015b8       ?module_handles@@3PAPAUHINSTANCE__@@A 100325b8     libvcruntime:winapi_downlevel.obj
 0003:000015c4       ?encoded_function_pointers@@3PAPAXA 100325c4     libvcruntime:winapi_downlevel.obj
 0003:00001600       ?heap@@3V_HeapManager@@A   10032600     libvcruntime:undname.obj
 0003:00001614       ?__acrt_invalid_parameter_handler@@3V?$dual_state_global@P6AXPB_W00II@Z@__crt_state_management@@A 10032614     libucrt:invalid_parameter.obj
 0003:00001620       ?__acrt_lock_table@@3PAU_RTL_CRITICAL_SECTION@@A 10032620     libucrt:locks.obj
 0003:00001770       ?__acrt_locks_initialized@@3IA 10032770     libucrt:locks.obj
 0003:00001780       ?__acrt_new_handler@@3V?$dual_state_global@P6AHI@Z@__crt_state_management@@A 10032780     libucrt:new_handler.obj
 0003:00001784       ?c_termination_complete@@3JA 10032784     libucrt:exit.obj
 0003:00001788       ?thread_local_exit_callback_func@@3P6GXPAXK0@ZA 10032788     libucrt:exit.obj
 0003:00001790       ?program_name@?1???$common_configure_argv@D@@YAHW4_crt_argv_mode@@@Z@4PADA 10032790     libucrt:argv_parsing.obj
 0003:000018c0       ?ctrlc_action@@3V?$dual_state_global@P6AXH@Z@__crt_state_management@@A 100328c0     libucrt:signal.obj
 0003:000018c4       ?ctrlbreak_action@@3V?$dual_state_global@P6AXH@Z@__crt_state_management@@A 100328c4     libucrt:signal.obj
 0003:000018c8       ?abort_action@@3V?$dual_state_global@P6AXH@Z@__crt_state_management@@A 100328c8     libucrt:signal.obj
 0003:000018cc       ?term_action@@3V?$dual_state_global@P6AXH@Z@__crt_state_management@@A 100328cc     libucrt:signal.obj
 0003:000018d0       ?internal_state@?1??_mbtowc_l@@9@4U_Mbstatet@@A 100328d0     libucrt:mbtowc.obj
 0003:00001af0       ?module_handles@@3PAPAUHINSTANCE__@@A 10032af0     libucrt:winapi_thunks.obj
 0003:00001b40       ?encoded_function_pointers@@3PAPAXA 10032b40     libucrt:winapi_thunks.obj
 0003:00001bc8       ?static_enum_proc@?1??enum_system_locales_ex_nolock@@YAHQ6GHPA_WKJ@Z@Z@4P6GH0KJ@ZA 10032bc8     libucrt:winapi_thunks.obj
 0003:00001bdc       ?_tzname@@3V?$dual_state_global@PAPAD@__crt_state_management@@A 10032bdc     libucrt:timeset.obj
 0003:00001be0       ?tz_api_used@@3HA          10032be0     libucrt:tzset.obj
 0003:00001be8       ?tz_info@@3U_TIME_ZONE_INFORMATION@@A 10032be8     libucrt:tzset.obj
 0003:00001ca0       ?fSystemSet@@3HA           10032ca0     libucrt:mbctype.obj
 0003:00001ca4       ?initialized@?1??__acrt_initialize_multibyte@@9@4_NA 10032ca4     libucrt:mbctype.obj
 0003:00001cc4       ?user_matherr@@3V?$dual_state_global@P6AHPAU_exception@@@Z@__crt_state_management@@A 10032cc4     libucrt:matherr.obj
 0003:00001cc8       ?__acrt_global_new_mode@@3V?$dual_state_global@J@__crt_state_management@@A 10032cc8     libucrt:new_mode.obj
 0003:00001ccc       __pmatherr_set             10032ccc     libucrt:libm_error.obj
 0003:00001cd0       ?internal_pst@?1??__mbrtoc32_utf8@__crt_mbstring@@YAIPA_UPBDIPAU_Mbstatet@@@Z@4U3@A 10032cd0     libucrt:mbrtoc32.obj
 0003:00001cd8       ?__acrt_app_type@@3W4_crt_app_type@@A 10032cd8     libucrt:report_runtime_error.obj
 0003:00001cdc       ?internal_pst@?1??__c16rtomb_utf8@__crt_mbstring@@YAIPAD_SPAU_Mbstatet@@@Z@4U3@A 10032cdc     libucrt:c16rtomb.obj
 0004:00000060       $R000000                   10033060     * linker generated manifest res *

 Exports

  ordinal    name

        1    __register_NTDirect32_
               exported name: _register_NTDirect32_
