 NTDirect32

 Timestamp is 5bd742d3 (Mon Oct 29 18:26:43 2018)

 Preferred load address is 10000000

 Start         Length     Name                   Class
 0001:00000000 000171e7H .text$mn                CODE
 0001:000171e7 00000048H .text$x                 CODE
 0002:00000000 0000018cH .idata$5                DATA
 0002:0000018c 00000004H .00cfg                  DATA
 0002:00000190 00000004H .CRT$XCA                DATA
 0002:00000194 00000004H .CRT$XCU                DATA
 0002:00000198 00000004H .CRT$XCZ                DATA
 0002:0000019c 00000004H .CRT$XIA                DATA
 0002:000001a0 0000000cH .CRT$XIC                DATA
 0002:000001ac 00000004H .CRT$XIZ                DATA
 0002:000001b0 00000004H .CRT$XPA                DATA
 0002:000001b4 00000008H .CRT$XPX                DATA
 0002:000001bc 00000004H .CRT$XPXA               DATA
 0002:000001c0 00000004H .CRT$XPZ                DATA
 0002:000001c4 00000004H .CRT$XTA                DATA
 0002:000001c8 00000008H .CRT$XTZ                DATA
 0002:000001cc 00000000H .gfids$y                DATA
 0002:000001d0 000056b0H .rdata                  DATA
 0002:00005880 00000220H .rdata$r                DATA
 0002:00005aa0 0000001cH .rdata$sxdata           DATA
 0002:00005abc 00000398H .rdata$zzzdbg           DATA
 0002:00005e54 00000004H .rtc$IAA                DATA
 0002:00005e58 00000004H .rtc$IZZ                DATA
 0002:00005e5c 00000004H .rtc$TAA                DATA
 0002:00005e60 00000008H .rtc$TZZ                DATA
 0002:00005e68 000005ecH .xdata$x                DATA
 0002:00006454 00000020H .didat$2                DATA
 0002:00006474 00000020H .didat$3                DATA
 0002:00006494 00000080H .didat$4                DATA
 0002:00006514 000002f0H .didat$6                DATA
 0002:00006804 0000008cH .didat$7                DATA
 0002:00006890 00000058H .edata                  DATA
 0002:000068e8 00000028H .idata$2                DATA
 0002:00006910 00000014H .idata$3                DATA
 0002:00006924 0000018cH .idata$4                DATA
 0002:00006ab0 00000524H .idata$6                DATA
 0003:00000000 00000798H .data                   DATA
 0003:00000798 000000d8H .data$r                 DATA
 0003:00000870 00000080H .didat$5                DATA
 0003:000008f0 00000a4cH .bss                    DATA
 0004:00000000 00000060H .rsrc$01                DATA
 0004:00000060 00000180H .rsrc$02                DATA

  Address         Publics by Value              Rva+Base       Lib:Object

 0000:00000000       ___guard_iat_count         00000000     <absolute>
 0000:00000000       ___guard_longjmp_count     00000000     <absolute>
 0000:00000000       __except_list              00000000     <absolute>
 0000:00000000       ___guard_fids_count        00000000     <absolute>
 0000:00000000       ___guard_longjmp_table     00000000     <absolute>
 0000:00000000       ___hybrid_code_map_count   00000000     <absolute>
 0000:00000000       ___hybrid_auxiliary_iat    00000000     <absolute>
 0000:00000000       ___dynamic_value_reloc_table 00000000     <absolute>
 0000:00000000       ___guard_fids_table        00000000     <absolute>
 0000:00000000       ___guard_iat_table         00000000     <absolute>
 0000:00000000       ___volatile_metadata       00000000     <absolute>
 0000:00000000       ___enclave_config          00000000     <absolute>
 0000:00000000       ___hybrid_code_map         00000000     <absolute>
 0000:00000007       ___safe_se_handler_count   00000007     <absolute>
 0000:00000100       ___guard_flags             00000100     <absolute>
 0000:00000000       ___ImageBase               10000000     <linker-defined>
 0001:00000000       ?Initialize@@YA?AVObject@Napi@@VEnv@2@V12@@Z 10001000 f   main.obj
 0001:00000030       ?__napi_Initialize@@YAPAUnapi_value__@@PAUnapi_env__@@PAU1@@Z 10001030 f   main.obj
 0001:00000070       ??1Error@Napi@@QAE@XZ      10001070 f i api.obj
 0001:000000e0       ?Undefined@Env@Napi@@QBE?AVValue@2@XZ 100010e0 f i api.obj
 0001:00000170       ?ToNumber@Value@Napi@@QBE?AVNumber@2@XZ 10001170 f i api.obj
 0001:00000200       ?ToString@Value@Napi@@QBE?AVString@2@XZ 10001200 f i api.obj
 0001:00000290       ?New@Number@Napi@@SA?AV12@PAUnapi_env__@@N@Z 10001290 f i api.obj
 0001:00000320       ?Int32Value@Number@Napi@@QBEHXZ 10001320 f i api.obj
 0001:00000390       ?DoubleValue@Number@Napi@@QBENXZ 10001390 f i api.obj
 0001:00000400       ?New@String@Napi@@SA?AV12@PAUnapi_env__@@ABV?$basic_string@DU?$char_traits@D@std@@V?$allocator@D@2@@std@@@Z 10001400 f i api.obj
 0001:00000490       ?New@String@Napi@@SA?AV12@PAUnapi_env__@@PBD@Z 10001490 f i api.obj
 0001:00000530       ?Utf8Value@String@Napi@@QBE?AV?$basic_string@DU?$char_traits@D@std@@V?$allocator@D@2@@std@@XZ 10001530 f i api.obj
 0001:000006e0       ?Get@Object@Napi@@QBE?AVValue@2@PBD@Z 100016e0 f i api.obj
 0001:00000770       ?New@Error@Napi@@SA?AV12@PAUnapi_env__@@@Z 10001770 f i api.obj
 0001:00000930       ?ThrowAsJavaScriptException@Error@Napi@@QBEXXZ 10001930 f i api.obj
 0001:00000a10       ?New@TypeError@Napi@@SA?AV12@PAUnapi_env__@@PBD@Z 10001a10 f i api.obj
 0001:00000b20       ??ACallbackInfo@Napi@@QBE?BVValue@1@I@Z 10001b20 f i api.obj
 0001:00000b80       ?getCharFromString@@YAPADV?$basic_string@DU?$char_traits@D@std@@V?$allocator@D@2@@std@@@Z 10001b80 f   api.obj
 0001:00000bf0       ?AskWrapper@api@@YA?AVValue@Napi@@ABVCallbackInfo@3@@Z 10001bf0 f   api.obj
 0001:000013b0       ?AskPlaybackWrapper@api@@YA?AVValue@Napi@@ABVCallbackInfo@3@@Z 100023b0 f   api.obj
 0001:00001d60       ?AvgEntryPriceWrapper@api@@YA?AVValue@Napi@@ABVCallbackInfo@3@@Z 10002d60 f   api.obj
 0001:00001fd0       ?AvgFillPriceWrapper@api@@YA?AVValue@Napi@@ABVCallbackInfo@3@@Z 10002fd0 f   api.obj
 0001:00002190       ?BidWrapper@api@@YA?AVValue@Napi@@ABVCallbackInfo@3@@Z 10003190 f   api.obj
 0001:00002960       ?BidPlaybackWrapper@api@@YA?AVValue@Napi@@ABVCallbackInfo@3@@Z 10003960 f   api.obj
 0001:00003310       ?BuyingPowerWrapper@api@@YA?AVValue@Napi@@ABVCallbackInfo@3@@Z 10004310 f   api.obj
 0001:00003480       ?CashValueWrapper@api@@YA?AVValue@Napi@@ABVCallbackInfo@3@@Z 10004480 f   api.obj
 0001:000035f0       ?CommmandCANCELLALLORDERSWrapper@api@@YA?AVValue@Napi@@ABVCallbackInfo@3@@Z 100045f0 f   api.obj
 0001:00003950       ?CommmandCLOSESTRATEGYWrapper@api@@YA?AVValue@Napi@@ABVCallbackInfo@3@@Z 10004950 f   api.obj
 0001:00003b30       ?CommmandCLOSEPOSITIONWrapper@api@@YA?AVValue@Napi@@ABVCallbackInfo@3@@Z 10004b30 f   api.obj
 0001:00003dd0       ?CommmandCANCELWrapper@api@@YA?AVValue@Napi@@ABVCallbackInfo@3@@Z 10004dd0 f   api.obj
 0001:000040a0       ?CommmandCHANGEWrapper@api@@YA?AVValue@Napi@@ABVCallbackInfo@3@@Z 100050a0 f   api.obj
 0001:00004860       ?CommmandPLACEWrapper@api@@YA?AVValue@Napi@@ABVCallbackInfo@3@@Z 10005860 f   api.obj
 0001:00005540       ?ConfirmOrdersWrapper@api@@YA?AVValue@Napi@@ABVCallbackInfo@3@@Z 10006540 f   api.obj
 0001:00005670       ?ConnectedWrapper@api@@YA?AVValue@Napi@@ABVCallbackInfo@3@@Z 10006670 f   api.obj
 0001:000057a0       ?FilledWrapper@api@@YA?AVValue@Napi@@ABVCallbackInfo@3@@Z 100067a0 f   api.obj
 0001:00005960       ?LastWrapper@api@@YA?AVValue@Napi@@ABVCallbackInfo@3@@Z 10006960 f   api.obj
 0001:00006120       ?LastPlaybackWrapper@api@@YA?AVValue@Napi@@ABVCallbackInfo@3@@Z 10007120 f   api.obj
 0001:00006ad0       ?MarketDataWrapper@api@@YA?AVValue@Napi@@ABVCallbackInfo@3@@Z 10007ad0 f   api.obj
 0001:00007030       ?MarketPositionWrapper@api@@YA?AVValue@Napi@@ABVCallbackInfo@3@@Z 10008030 f   api.obj
 0001:00007320       ?NewOrderIdWrapper@api@@YA?AVValue@Napi@@ABVCallbackInfo@3@@Z 10008320 f   api.obj
 0001:000073c0       ?OrderStatusWrapper@api@@YA?AVValue@Napi@@ABVCallbackInfo@3@@Z 100083c0 f   api.obj
 0001:00007580       ?RealizedPnLWrapper@api@@YA?AVValue@Napi@@ABVCallbackInfo@3@@Z 10008580 f   api.obj
 0001:000076f0       ?SetUpWrapper@api@@YA?AVValue@Napi@@ABVCallbackInfo@3@@Z 100086f0 f   api.obj
 0001:00007970       ?StopOrdersWrapper@api@@YA?AVValue@Napi@@ABVCallbackInfo@3@@Z 10008970 f   api.obj
 0001:00007b30       ?StrategiesWrapper@api@@YA?AVValue@Napi@@ABVCallbackInfo@3@@Z 10008b30 f   api.obj
 0001:00007cc0       ?StrategyPositionWrapper@api@@YA?AVValue@Napi@@ABVCallbackInfo@3@@Z 10008cc0 f   api.obj
 0001:00007ee0       ?SubscribeMarketDataWrapper@api@@YA?AVValue@Napi@@ABVCallbackInfo@3@@Z 10008ee0 f   api.obj
 0001:00008050       ?TargetOrdersWrapper@api@@YA?AVValue@Napi@@ABVCallbackInfo@3@@Z 10009050 f   api.obj
 0001:00008210       ?TearDownWrapper@api@@YA?AVValue@Napi@@ABVCallbackInfo@3@@Z 10009210 f   api.obj
 0001:000082a0       ?UnsubscribeMarketDataWrapper@api@@YA?AVValue@Napi@@ABVCallbackInfo@3@@Z 100092a0 f   api.obj
 0001:00008410       ?Config@api@@YA?AVValue@Napi@@ABVCallbackInfo@3@@Z 10009410 f   api.obj
 0001:00008790       ?Host@api@@YA?AVValue@Napi@@ABVCallbackInfo@3@@Z 10009790 f   api.obj
 0001:000088c0       ?Port@api@@YA?AVValue@Napi@@ABVCallbackInfo@3@@Z 100098c0 f   api.obj
 0001:00008a50       ?Account@api@@YA?AVValue@Napi@@ABVCallbackInfo@3@@Z 10009a50 f   api.obj
 0001:00008b80       ?Instrument@api@@YA?AVValue@Napi@@ABVCallbackInfo@3@@Z 10009b80 f   api.obj
 0001:00008cb0       ?Init@api@@YA?AVObject@Napi@@VEnv@3@V23@@Z 10009cb0 f   api.obj
 0001:00009970       ?reserve@?$basic_string@DU?$char_traits@D@std@@V?$allocator@D@2@@std@@QAEXI@Z 1000a970 f i api.obj
 0001:00009af0       ??0?$basic_string@DU?$char_traits@D@std@@V?$allocator@D@2@@std@@QAE@QBD@Z 1000aaf0 f i api.obj
 0001:00009c30       ??$New@P6A?AVValue@Napi@@ABVCallbackInfo@2@@Z@Function@Napi@@SA?AV01@PAUnapi_env__@@P6A?AVValue@1@ABVCallbackInfo@1@@ZPBDPAX@Z 1000ac30 f i api.obj
 0001:00009d70       ??$_Reallocate_grow_by@V<lambda_c1b8c41cb4019640539cfd828748c4d4>@@ID@?$basic_string@DU?$char_traits@D@std@@V?$allocator@D@2@@std@@QAEAAV01@IV<lambda_c1b8c41cb4019640539cfd828748c4d4>@@ID@Z 1000ad70 f i api.obj
 0001:00009eb0       ?Wrapper@?$CallbackData@P6A?AVValue@Napi@@ABVCallbackInfo@2@@ZV12@@details@Napi@@SAPAUnapi_value__@@PAUnapi_env__@@PAUnapi_callback_info__@@@Z 1000aeb0 f i api.obj
 0001:00009ff0       ?_Xlen@?$basic_string@DU?$char_traits@D@std@@V?$allocator@D@2@@std@@SAXXZ 1000aff0 f i api.obj
 0001:0000a056       __imp_load__napi_module_register 1000b056 f   node:node.exe
 0001:0000a060       __tailMerge_node_exe       1000b060     node:node.exe
 0001:0000a071       __imp_load__napi_create_function 1000b071 f   node:node.exe
 0001:0000a07b       __imp_load__napi_open_handle_scope 1000b07b f   node:node.exe
 0001:0000a085       __imp_load__napi_coerce_to_number 1000b085 f   node:node.exe
 0001:0000a08f       __imp_load__napi_get_last_error_info 1000b08f f   node:node.exe
 0001:0000a099       __imp_load__napi_create_error 1000b099 f   node:node.exe
 0001:0000a0a3       __imp_load__napi_coerce_to_object 1000b0a3 f   node:node.exe
 0001:0000a0ad       __imp_load__napi_delete_reference 1000b0ad f   node:node.exe
 0001:0000a0b7       __imp_load__napi_fatal_error 1000b0b7 f   node:node.exe
 0001:0000a0c1       __imp_load__napi_is_exception_pending 1000b0c1 f   node:node.exe
 0001:0000a0cb       __imp_load__napi_create_symbol 1000b0cb f   node:node.exe
 0001:0000a0d5       __imp_load__napi_get_value_string_utf8 1000b0d5 f   node:node.exe
 0001:0000a0df       __imp_load__napi_coerce_to_string 1000b0df f   node:node.exe
 0001:0000a0e9       __imp_load__napi_create_type_error 1000b0e9 f   node:node.exe
 0001:0000a0f3       __imp_load__napi_create_external 1000b0f3 f   node:node.exe
 0001:0000a0fd       __imp_load__napi_create_string_utf8 1000b0fd f   node:node.exe
 0001:0000a107       __imp_load__napi_set_named_property 1000b107 f   node:node.exe
 0001:0000a111       __imp_load__napi_has_named_property 1000b111 f   node:node.exe
 0001:0000a11b       __imp_load__napi_get_named_property 1000b11b f   node:node.exe
 0001:0000a125       __imp_load__napi_define_properties 1000b125 f   node:node.exe
 0001:0000a12f       __imp_load__napi_typeof    1000b12f f   node:node.exe
 0001:0000a139       __imp_load__napi_throw     1000b139 f   node:node.exe
 0001:0000a143       __imp_load__napi_get_value_int32 1000b143 f   node:node.exe
 0001:0000a14d       __imp_load__napi_get_and_clear_last_exception 1000b14d f   node:node.exe
 0001:0000a157       __imp_load__napi_get_undefined 1000b157 f   node:node.exe
 0001:0000a161       __imp_load__napi_get_cb_info 1000b161 f   node:node.exe
 0001:0000a16b       __imp_load__napi_get_value_double 1000b16b f   node:node.exe
 0001:0000a175       __imp_load__napi_create_reference 1000b175 f   node:node.exe
 0001:0000a17f       __imp_load__napi_close_handle_scope 1000b17f f   node:node.exe
 0001:0000a189       __imp_load__napi_create_double 1000b189 f   node:node.exe
 0001:0000a193       __imp_load__napi_get_reference_value 1000b193 f   node:node.exe
 0001:0000a19d       ??0bad_alloc@std@@QAE@ABV01@@Z 1000b19d f i libcpmt:xthrow.obj
 0001:0000a1b8       ??0bad_alloc@std@@QAE@XZ   1000b1b8 f i libcpmt:xthrow.obj
 0001:0000a1d0       ??0exception@std@@QAE@ABV01@@Z 1000b1d0 f i libcpmt:xthrow.obj
 0001:0000a1fc       ??0exception@std@@QAE@QBD@Z 1000b1fc f i libcpmt:xthrow.obj
 0001:0000a231       ??0length_error@std@@QAE@ABV01@@Z 1000b231 f i libcpmt:xthrow.obj
 0001:0000a24c       ??0length_error@std@@QAE@PBD@Z 1000b24c f i libcpmt:xthrow.obj
 0001:0000a26b       ??0logic_error@std@@QAE@ABV01@@Z 1000b26b f i libcpmt:xthrow.obj
 0001:0000a286       ??1bad_alloc@std@@UAE@XZ   1000b286 f i libcpmt:xthrow.obj
 0001:0000a286       ??1length_error@std@@UAE@XZ 1000b286 f i libcpmt:xthrow.obj
 0001:0000a286       ??1bad_array_new_length@std@@UAE@XZ 1000b286 f i LIBCMT:throw_bad_alloc.obj
 0001:0000a286       ??1bad_exception@std@@UAE@XZ 1000b286 f i libvcruntime:frame.obj
 0001:0000a297       ??_Gbad_exception@std@@UAEPAXI@Z 1000b297 f i libvcruntime:frame.obj
 0001:0000a297       ??_Glogic_error@std@@UAEPAXI@Z 1000b297 f i libcpmt:xthrow.obj
 0001:0000a297       ??_Eexception@std@@UAEPAXI@Z 1000b297 f i libcpmt:xthrow.obj
 0001:0000a297       ??_Elogic_error@std@@UAEPAXI@Z 1000b297 f i libcpmt:xthrow.obj
 0001:0000a297       ??_Ebad_exception@std@@UAEPAXI@Z 1000b297 f i libvcruntime:frame.obj
 0001:0000a297       ??_Glength_error@std@@UAEPAXI@Z 1000b297 f i libcpmt:xthrow.obj
 0001:0000a297       ??_Ebad_array_new_length@std@@UAEPAXI@Z 1000b297 f i LIBCMT:throw_bad_alloc.obj
 0001:0000a297       ??_Ebad_alloc@std@@UAEPAXI@Z 1000b297 f i libcpmt:xthrow.obj
 0001:0000a297       ??_Gexception@std@@UAEPAXI@Z 1000b297 f i libcpmt:xthrow.obj
 0001:0000a297       ??_Gbad_alloc@std@@UAEPAXI@Z 1000b297 f i libcpmt:xthrow.obj
 0001:0000a297       ??_Elength_error@std@@UAEPAXI@Z 1000b297 f i libcpmt:xthrow.obj
 0001:0000a297       ??_Gbad_array_new_length@std@@UAEPAXI@Z 1000b297 f i LIBCMT:throw_bad_alloc.obj
 0001:0000a2c4       ?_Xlength_error@std@@YAXPBD@Z 1000b2c4 f   libcpmt:xthrow.obj
 0001:0000a2e4       ?what@exception@std@@UBEPBDXZ 1000b2e4 f i libcpmt:xthrow.obj
 0001:0000a2f1       @__security_check_cookie@4 1000b2f1 f   LIBCMT:_secchk_.obj
 0001:0000a302       ??_V@YAXPAX@Z              1000b302 f   LIBCMT:delete_array.obj
 0001:0000a307       ??2@YAPAXI@Z               1000b307 f   LIBCMT:new_scalar.obj
 0001:0000a337       ??3@YAXPAXI@Z              1000b337 f   LIBCMT:delete_scalar_size.obj
 0001:0000a345       ??_U@YAPAXI@Z              1000b345 f   LIBCMT:new_array.obj
 0001:0000a66e       __DllMainCRTStartup@12     1000b66e f   LIBCMT:dll_dllmain.obj
 0001:0000a691       ??_Etype_info@@UAEPAXI@Z   1000b691 f i LIBCMT:std_type_info_static.obj
 0001:0000a691       ??_Gtype_info@@UAEPAXI@Z   1000b691 f i LIBCMT:std_type_info_static.obj
 0001:0000a6b4       ___raise_securityfailure   1000b6b4 f   LIBCMT:gs_report.obj
 0001:0000a6dc       ___report_gsfailure        1000b6dc f   LIBCMT:gs_report.obj
 0001:0000a7d5       ??3@YAXPAX@Z               1000b7d5 f   LIBCMT:delete_scalar.obj
 0001:0000a7da       ??0bad_array_new_length@std@@QAE@ABV01@@Z 1000b7da f i LIBCMT:throw_bad_alloc.obj
 0001:0000a7f5       ??0bad_array_new_length@std@@QAE@XZ 1000b7f5 f i LIBCMT:throw_bad_alloc.obj
 0001:0000a80d       ?__scrt_throw_std_bad_alloc@@YAXXZ 1000b80d f   LIBCMT:throw_bad_alloc.obj
 0001:0000a82a       ?__scrt_throw_std_bad_array_new_length@@YAXXZ 1000b82a f   LIBCMT:throw_bad_alloc.obj
 0001:0000a894       ___security_init_cookie    1000b894 f   LIBCMT:gs_support.obj
 0001:0000a8df       _DllMain@12                1000b8df f   LIBCMT:dll_dllmain_stub.obj
 0001:0000a8e5       ?__scrt_initialize_type_info@@YAXXZ 1000b8e5 f   LIBCMT:tncleanup.obj
 0001:0000a8f1       ?__scrt_uninitialize_type_info@@YAXXZ 1000b8f1 f   LIBCMT:tncleanup.obj
 0001:0000a8fd       ___local_stdio_printf_options 1000b8fd f i LIBCMT:default_local_stdio_options.obj
 0001:0000a903       ___local_stdio_scanf_options 1000b903 f i LIBCMT:default_local_stdio_options.obj
 0001:0000a909       ___scrt_initialize_default_local_stdio_options 1000b909 f   LIBCMT:default_local_stdio_options.obj
 0001:0000a96a       ___scrt_acquire_startup_lock 1000b96a f   LIBCMT:utility.obj
 0001:0000a99c       ___scrt_dllmain_after_initialize_c 1000b99c f   LIBCMT:utility.obj
 0001:0000a9c7       ___scrt_dllmain_before_initialize_c 1000b9c7 f   LIBCMT:utility.obj
 0001:0000a9d5       ___scrt_dllmain_crt_thread_attach 1000b9d5 f   LIBCMT:utility.obj
 0001:0000a9f4       ___scrt_dllmain_crt_thread_detach 1000b9f4 f   LIBCMT:utility.obj
 0001:0000aa01       ___scrt_dllmain_exception_filter 1000ba01 f   LIBCMT:utility.obj
 0001:0000aa35       ___scrt_dllmain_uninitialize_c 1000ba35 f   LIBCMT:utility.obj
 0001:0000aa58       ___scrt_dllmain_uninitialize_critical 1000ba58 f   LIBCMT:utility.obj
 0001:0000aa65       ___scrt_initialize_crt     1000ba65 f   LIBCMT:utility.obj
 0001:0000aa9e       ___scrt_initialize_onexit_tables 1000ba9e f   LIBCMT:utility.obj
 0001:0000ab43       ___scrt_is_nonwritable_in_current_image 1000bb43 f   LIBCMT:utility.obj
 0001:0000abd7       ___scrt_release_startup_lock 1000bbd7 f   LIBCMT:utility.obj
 0001:0000abf4       ___scrt_uninitialize_crt   1000bbf4 f   LIBCMT:utility.obj
 0001:0000ac1c       ___scrt_get_dyn_tls_init_callback 1000bc1c f   LIBCMT:dyn_tls_init.obj
 0001:0000ac22       ___scrt_fastfail           1000bc22 f   LIBCMT:utility_desktop.obj
 0001:0000ad3c       __crt_debugger_hook        1000bd3c f   LIBCMT:utility_desktop.obj
 0001:0000ad44       __RTC_Initialize           1000bd44 f   LIBCMT:_initsect_.obj
 0001:0000ad70       __RTC_Terminate            1000bd70 f   LIBCMT:_initsect_.obj
 0001:0000ada0       __SEH_prolog4              1000bda0 f   LIBCMT:_sehprolg4_.obj
 0001:0000ade6       __SEH_epilog4              1000bde6 f   LIBCMT:_sehprolg4_.obj
 0001:0000adfb       @_guard_check_icall_nop@4  1000bdfb f i LIBCMT:guard_support.obj
 0001:0000adfc       ___isa_available_init      1000bdfc f   LIBCMT:_cpu_disp_.obj
 0001:0000af93       __get_startup_argv_mode    1000bf93 f   LIBCMT:argv_mode.obj
 0001:0000af97       ___scrt_is_ucrt_dll_in_use 1000bf97 f   LIBCMT:ucrt_detection.obj
 0001:0000afa3       ___std_exception_copy      1000bfa3 f   libvcruntime:std_exception.obj
 0001:0000b006       ___std_exception_destroy   1000c006 f   libvcruntime:std_exception.obj
 0001:0000b025       __CxxThrowException@8      1000c025 f   libvcruntime:throw.obj
 0001:0000b0e0       __except_handler4          1000c0e0 f   libvcruntime:_chandler4_.obj
 0001:0000b237       ___std_type_info_compare   1000c237 f   libvcruntime:std_type_info.obj
 0001:0000b273       ___std_type_info_destroy_list 1000c273 f   libvcruntime:std_type_info.obj
 0001:0000b296       ___vcrt_initialize         1000c296 f   libvcruntime:initialization.obj
 0001:0000b2bf       ___vcrt_thread_attach      1000c2bf f   libvcruntime:initialization.obj
 0001:0000b2ca       ___vcrt_thread_detach      1000c2ca f   libvcruntime:initialization.obj
 0001:0000b2d5       ___vcrt_uninitialize       1000c2d5 f   libvcruntime:initialization.obj
 0001:0000b2f4       ___vcrt_uninitialize_critical 1000c2f4 f   libvcruntime:initialization.obj
 0001:0000b300       _memset                    1000c300 f   libvcruntime:memset.obj
 0001:0000b460       __local_unwind4            1000c460 f   libvcruntime:_exsup4_.obj
 0001:0000b538       __seh_longjmp_unwind4@4    1000c538 f   libvcruntime:_exsup4_.obj
 0001:0000b560       @_EH4_CallFilterFunc@8     1000c560 f   libvcruntime:_exsup4_.obj
 0001:0000b578       @_EH4_TransferToHandler@8  1000c578 f   libvcruntime:_exsup4_.obj
 0001:0000b594       @_EH4_GlobalUnwind2@8      1000c594 f   libvcruntime:_exsup4_.obj
 0001:0000b5b0       @_EH4_LocalUnwind@16       1000c5b0 f   libvcruntime:_exsup4_.obj
 0001:0000b5c7       ___except_validate_context_record 1000c5c7 f   libvcruntime:jbcxrval.obj
 0001:0000b5f7       ___except_validate_jump_buffer 1000c5f7 f   libvcruntime:jbcxrval.obj
 0001:0000b624       ___vcrt_freefls@4          1000c624 f   libvcruntime:per_thread_data.obj
 0001:0000b640       ___vcrt_freeptd            1000c640 f   libvcruntime:per_thread_data.obj
 0001:0000b676       ___vcrt_getptd             1000c676 f   libvcruntime:per_thread_data.obj
 0001:0000b684       ___vcrt_getptd_noexit      1000c684 f   libvcruntime:per_thread_data.obj
 0001:0000b716       ___vcrt_initialize_ptd     1000c716 f   libvcruntime:per_thread_data.obj
 0001:0000b749       ___vcrt_uninitialize_ptd   1000c749 f   libvcruntime:per_thread_data.obj
 0001:0000b764       ___vcrt_initialize_locks   1000c764 f   libvcruntime:locks.obj
 0001:0000b7a0       ___vcrt_uninitialize_locks 1000c7a0 f   libvcruntime:locks.obj
 0001:0000b7cf       ??$__crt_fast_encode_pointer@PAX@@YAPAXQAX@Z 1000c7cf f i libvcruntime:winapi_downlevel.obj
 0001:0000b91f       ___vcrt_FlsAlloc           1000c91f f   libvcruntime:winapi_downlevel.obj
 0001:0000b95a       ___vcrt_FlsFree            1000c95a f   libvcruntime:winapi_downlevel.obj
 0001:0000b995       ___vcrt_FlsGetValue        1000c995 f   libvcruntime:winapi_downlevel.obj
 0001:0000b9d0       ___vcrt_FlsSetValue        1000c9d0 f   libvcruntime:winapi_downlevel.obj
 0001:0000ba0e       ___vcrt_InitializeCriticalSectionEx 1000ca0e f   libvcruntime:winapi_downlevel.obj
 0001:0000ba55       ___vcrt_initialize_winapi_thunks 1000ca55 f   libvcruntime:winapi_downlevel.obj
 0001:0000ba7e       ___vcrt_uninitialize_winapi_thunks 1000ca7e f   libvcruntime:winapi_downlevel.obj
 0001:0000bab0       ___vcrt_initialize_pure_virtual_call_handler 1000cab0 f   libvcruntime:purevirt_data.obj
 0001:0000bac0       __global_unwind2           1000cac0 f   libvcruntime:_exsup_.obj
 0001:0000bb26       __local_unwind2            1000cb26 f   libvcruntime:_exsup_.obj
 0001:0000bbaa       __abnormal_termination     1000cbaa f   libvcruntime:_exsup_.obj
 0001:0000bbd0       __NLG_Notify1              1000cbd0 f   libvcruntime:_exsup_.obj
 0001:0000bbdc       __NLG_Notify               1000cbdc f   libvcruntime:_exsup_.obj
 0001:0000bbf3       __NLG_Dispatch             1000cbf3     libvcruntime:_exsup_.obj
 0001:0000bbf3       __NLG_Dispatch2            1000cbf3     libvcruntime:_exsup_.obj
 0001:0000bbfb       __NLG_Call                 1000cbfb f   libvcruntime:_exsup_.obj
 0001:0000bbfd       __NLG_Return2              1000cbfd     libvcruntime:_exsup_.obj
 0001:0000bbfe       ?GetRangeOfTrysToCheck@__FrameHandler3@@SA?AU?$pair@Viterator@TryBlockMap@__FrameHandler3@@V123@@std@@AAVTryBlockMap@1@HH@Z 1000cbfe f   libvcruntime:trnsctrl.obj
 0001:0000bc80       ?_CallCatchBlock2@@YAPAXPAUEHRegistrationNode@@PBU_s_FuncInfo@@PAXHK@Z 1000cc80 f   libvcruntime:trnsctrl.obj
 0001:0000bcde       ?_CallSETranslator@@YAHPAUEHExceptionRecord@@PAUEHRegistrationNode@@PAX2PBU_s_FuncInfo@@H1@Z 1000ccde f   libvcruntime:trnsctrl.obj
 0001:0000bdb9       ?_JumpToContinuation@@YGXPAXPAUEHRegistrationNode@@@Z 1000cdb9 f   libvcruntime:trnsctrl.obj
 0001:0000bde9       ?_UnwindNestedFrames@@YGXPAUEHRegistrationNode@@PAUEHExceptionRecord@@@Z 1000cde9 f   libvcruntime:trnsctrl.obj
 0001:0000be3c       __CatchGuardHandler        1000ce3c f   libvcruntime:trnsctrl.obj
 0001:0000be6d       __CreateFrameInfo          1000ce6d f   libvcruntime:trnsctrl.obj
 0001:0000be91       __FindAndUnlinkFrame       1000ce91 f   libvcruntime:trnsctrl.obj
 0001:0000bed6       __TranslatorGuardHandler   1000ced6 f   libvcruntime:trnsctrl.obj
 0001:0000bf73       ___CxxFrameHandler3        1000cf73 f   libvcruntime:trnsctrl.obj
 0001:0000bfb0       _memcpy                    1000cfb0 f   libvcruntime:memcpy.obj
 0001:0000cc1b       ??$TypeMatchHelper@$$CBU_s_HandlerType@@@@YAHPBU_s_HandlerType@@PBU_s_CatchableType@@PBU_s_ThrowInfo@@@Z 1000dc1b f i libvcruntime:frame.obj
 0001:0000cca9       ??$__InternalCxxFrameHandler@V__FrameHandler3@@@@YA?AW4_EXCEPTION_DISPOSITION@@PAUEHExceptionRecord@@PAUEHRegistrationNode@@PAU_CONTEXT@@PAXPBU_s_FuncInfo@@H1E@Z 1000dca9 f i libvcruntime:frame.obj
 0001:0000cdab       ??0bad_exception@std@@QAE@ABV01@@Z 1000ddab f i libvcruntime:frame.obj
 0001:0000cdc6       ??0bad_exception@std@@QAE@XZ 1000ddc6 f i libvcruntime:frame.obj
 0001:0000cdde       ??8type_info@@QBE_NABV0@@Z 1000ddde f i libvcruntime:frame.obj
 0001:0000d045       ?FrameUnwindToEmptyState@__FrameHandler3@@SAXPAUEHRegistrationNode@@PAXPBU_s_FuncInfo@@@Z 1000e045 f   libvcruntime:frame.obj
 0001:0000d05d       ?FrameUnwindToState@__FrameHandler3@@SAXPAUEHRegistrationNode@@PAXPBU_s_FuncInfo@@H@Z 1000e05d f   libvcruntime:frame.obj
 0001:0000d1df       ?_CallMemberFunction1@@YGXQAX00@Z 1000e1df f i libvcruntime:frame.obj
 0001:0000d1ef       ?_CallMemberFunction2@@YGXQAX00H@Z 1000e1ef f i libvcruntime:frame.obj
 0001:0000d202       ?getESTypes@__FrameHandler3@@SAPBU_s_ESTypeList@@PBU_s_FuncInfo@@@Z 1000e202 f i libvcruntime:frame.obj
 0001:0000d210       __CallSettingFrame@12      1000e210 f   libvcruntime:lowhelpr.obj
 0001:0000d237       __NLG_Return               1000e237     libvcruntime:lowhelpr.obj
 0001:0000d25c       _unexpected                1000e25c f   libvcruntime:unexpected.obj
 0001:0000d279       ?GetCurrentState@__FrameHandler3@@SAHPAUEHRegistrationNode@@PAXPBU_s_FuncInfo@@@Z 1000e279 f   libvcruntime:ehstate.obj
 0001:0000d296       ?SetState@__FrameHandler3@@SAXPAUEHRegistrationNode@@PBU_s_FuncInfo@@H@Z 1000e296 f   libvcruntime:ehstate.obj
 0001:0000d2a4       ___DestructExceptionObject 1000e2a4 f   libvcruntime:ehhelpers.obj
 0001:0000d344       ?_CallMemberFunction0@@YGXQAX0@Z 1000e344 f i libvcruntime:ehhelpers.obj
 0001:0000d351       __IsExceptionObjectToBeDestroyed 1000e351 f   libvcruntime:ehhelpers.obj
 0001:0000d377       ___AdjustPointer           1000e377 f   libvcruntime:ehhelpers.obj
 0001:0000d39c       ___FrameUnwindFilter       1000e39c f   libvcruntime:ehhelpers.obj
 0001:0000d3f0       _memmove                   1000e3f0 f   libvcruntime:memmove.obj
 0001:0000d964       ___acrt_call_reportfault   1000e964 f   libucrt:invalid_parameter.obj
 0001:0000da9f       ___acrt_initialize_invalid_parameter_handler 1000ea9f f   libucrt:invalid_parameter.obj
 0001:0000daae       __invalid_parameter        1000eaae f   libucrt:invalid_parameter.obj
 0001:0000db29       __invalid_parameter_noinfo 1000eb29 f   libucrt:invalid_parameter.obj
 0001:0000db39       __invalid_parameter_noinfo_noreturn 1000eb39 f   libucrt:invalid_parameter.obj
 0001:0000db56       __invoke_watson            1000eb56 f   libucrt:invalid_parameter.obj
 0001:0000db8a       ??0_LocaleUpdate@@QAE@QAU__crt_locale_pointers@@@Z 1000eb8a f i libucrt:stricmp.obj
 0001:0000dc0d       ??1_LocaleUpdate@@QAE@XZ   1000ec0d f i libucrt:stricmp.obj
 0001:0000dc1d       ___ascii_stricmp           1000ec1d f   libucrt:stricmp.obj
 0001:0000dc58       __stricmp                  1000ec58 f   libucrt:stricmp.obj
 0001:0000dca1       __stricmp_l                1000eca1 f   libucrt:stricmp.obj
 0001:0000dd3b       ___acrt_initialize_new_handler 1000ed3b f   libucrt:new_handler.obj
 0001:0000dd4a       __callnewh                 1000ed4a f   libucrt:new_handler.obj
 0001:0000dd8e       __query_new_handler        1000ed8e f   libucrt:new_handler.obj
 0001:0000dde0       _malloc                    1000ede0 f   libucrt:malloc.obj
 0001:0000ddeb       __initterm                 1000edeb f   libucrt:initterm.obj
 0001:0000de47       __initterm_e               1000ee47 f   libucrt:initterm.obj
 0001:0000de8c       _free                      1000ee8c f   libucrt:free.obj
 0001:0000dea9       __seh_filter_dll           1000eea9 f   libucrt:exception_filter.obj
 0001:0000dec9       __seh_filter_exe           1000eec9 f   libucrt:exception_filter.obj
 0001:0000e2b7       ___acrt_initialize_thread_local_exit_callback 1000f2b7 f   libucrt:exit.obj
 0001:0000e2c6       __cexit                    1000f2c6 f   libucrt:exit.obj
 0001:0000e2d5       __exit                     1000f2d5 f   libucrt:exit.obj
 0001:0000e2eb       __is_c_termination_complete 1000f2eb f   libucrt:exit.obj
 0001:0000e5a2       ___acrt_allocate_buffer_for_argv 1000f5a2 f   libucrt:argv_parsing.obj
 0001:0000e5f1       __configure_narrow_argv    1000f5f1 f   libucrt:argv_parsing.obj
 0001:0000e750       ??$uninitialize@A6AXAAPAPAD@Z@?$dual_state_global@PAPAD@__crt_state_management@@QAEXA6AXAAPAPAD@Z@Z 1000f750 f i libucrt:environment_initialization.obj
 0001:0000e750       ??$uninitialize@A6AXAAPAPA_W@Z@?$dual_state_global@PAPA_W@__crt_state_management@@QAEXA6AXAAPAPA_W@Z@Z 1000f750 f i libucrt:environment_initialization.obj
 0001:0000e7c6       ___dcrt_uninitialize_environments_nolock 1000f7c6 f   libucrt:environment_initialization.obj
 0001:0000e7fd       __initialize_narrow_environment 1000f7fd f   libucrt:environment_initialization.obj
 0001:0000e977       __execute_onexit_table     1000f977 f   libucrt:onexit.obj
 0001:0000e9a6       __initialize_onexit_table  1000f9a6 f   libucrt:onexit.obj
 0001:0000ea0a       ___acrt_uninitialize_command_line 1000fa0a f   libucrt:argv_data.obj
 0001:0000eaf2       ___acrt_initialize         1000faf2 f   libucrt:initialization.obj
 0001:0000eb04       ___acrt_thread_attach      1000fb04 f   libucrt:initialization.obj
 0001:0000eb0f       ___acrt_thread_detach      1000fb0f f   libucrt:initialization.obj
 0001:0000eb17       ___acrt_uninitialize       1000fb17 f   libucrt:initialization.obj
 0001:0000eb47       ___acrt_uninitialize_critical 1000fb47 f   libucrt:initialization.obj
 0001:0000eb59       _terminate                 1000fb59 f   libucrt:terminate.obj
 0001:0000eb95       _strcpy_s                  1000fb95 f   libucrt:strcpy_s.obj
 0001:0000ebef       __chvalidchk_l             1000fbef f i libucrt:atox.obj
 0001:0000ec15       __ischartype_l             1000fc15 f i libucrt:atox.obj
 0001:0000ec50       _strncmp                   1000fc50 f   libucrt:strncmp.obj
 0001:0000ecc8       _abort                     1000fcc8 f   libucrt:abort.obj
 0001:0000ed0c       _calloc                    1000fd0c f   libucrt:calloc.obj
 0001:0000ed17       _wcsncmp                   1000fd17 f   libucrt:wcsncmp.obj
 0001:0000f06b       ___acrt_freeptd            1001006b f   libucrt:per_thread_data.obj
 0001:0000f097       ___acrt_getptd             10010097 f   libucrt:per_thread_data.obj
 0001:0000f14e       ___acrt_getptd_head        1001014e f   libucrt:per_thread_data.obj
 0001:0000f1e8       ___acrt_getptd_noexit      100101e8 f   libucrt:per_thread_data.obj
 0001:0000f295       ___acrt_initialize_ptd     10010295 f   libucrt:per_thread_data.obj
 0001:0000f2c1       ___acrt_uninitialize_ptd   100102c1 f   libucrt:per_thread_data.obj
 0001:0000f2db       ___acrt_errno_from_os_error 100102db f   libucrt:errno.obj
 0001:0000f31e       ___acrt_errno_map_os_error 1001031e f   libucrt:errno.obj
 0001:0000f341       ___doserrno                10010341 f   libucrt:errno.obj
 0001:0000f354       __errno                    10010354 f   libucrt:errno.obj
 0001:0000f4cd       __tolower_l                100104cd f   libucrt:tolower_toupper.obj
 0001:0000f4e7       ___acrt_update_locale_info 100104e7 f   libucrt:locale_update.obj
 0001:0000f514       ___acrt_update_multibyte_info 10010514 f   libucrt:locale_update.obj
 0001:0000f5a5       ___acrt_set_locale_changed 100105a5 f   libucrt:wsetlocale.obj
 0001:0000f5b0       ___acrt_uninitialize_locale 100105b0 f   libucrt:wsetlocale.obj
 0001:0000f5d9       ___acrt_initialize_locks   100105d9 f   libucrt:locks.obj
 0001:0000f61a       ___acrt_lock               1001061a f   libucrt:locks.obj
 0001:0000f631       ___acrt_uninitialize_locks 10010631 f   libucrt:locks.obj
 0001:0000f662       ___acrt_unlock             10010662 f   libucrt:locks.obj
 0001:0000f679       __malloc_base              10010679 f   libucrt:malloc_base.obj
 0001:0000f6c7       __free_base                100106c7 f   libucrt:free_base.obj
 0001:0000f701       ___acrt_get_process_end_policy 10010701 f   libucrt:win_policies.obj
 0001:0000f734       __calloc_base              10010734 f   libucrt:calloc_base.obj
 0001:0000fc54       ___acrt_expand_narrow_argv_wildcards 10010c54 f   libucrt:argv_wildcards.obj
 0001:0000fc5f       ___acrt_GetModuleFileNameA 10010c5f f   libucrt:getmodulefilenamea.obj
 0001:0001020a       ___acrt_initialize_multibyte 1001120a f   libucrt:mbctype.obj
 0001:00010252       ___acrt_update_thread_multibyte_data 10011252 f   libucrt:mbctype.obj
 0001:00010265       __setmbcp_nolock           10011265 f   libucrt:mbctype.obj
 0001:0001053a       __ismbblead                1001153a f   libucrt:ismbbyte.obj
 0001:00010552       ___acrt_initialize_command_line 10011552 f   libucrt:argv_data.obj
 0001:0001056b       ___acrt_MultiByteToWideChar 1001156b f   libucrt:multibytetowidechar.obj
 0001:000105e7       ___acrt_WideCharToMultiByte 100115e7 f   libucrt:widechartomultibyte.obj
 0001:000106cb       ___dcrt_get_narrow_environment_from_os 100116cb f   libucrt:get_environment_from_os.obj
 0001:00010751       __recalloc                 10011751 f   libucrt:recalloc.obj
 0001:0001075c       __recalloc_base            1001175c f   libucrt:recalloc.obj
 0001:00010947       ___acrt_AppPolicyGetProcessTerminationMethodInternal@4 10011947 f   libucrt:winapi_thunks.obj
 0001:0001099e       ___acrt_FlsAlloc@4         1001199e f   libucrt:winapi_thunks.obj
 0001:000109f4       ___acrt_FlsFree@4          100119f4 f   libucrt:winapi_thunks.obj
 0001:00010a4a       ___acrt_FlsGetValue@4      10011a4a f   libucrt:winapi_thunks.obj
 0001:00010aa0       ___acrt_FlsSetValue@8      10011aa0 f   libucrt:winapi_thunks.obj
 0001:00010af9       ___acrt_InitializeCriticalSectionEx@12 10011af9 f   libucrt:winapi_thunks.obj
 0001:00010b5b       ___acrt_LCMapStringEx@36   10011b5b f   libucrt:winapi_thunks.obj
 0001:00010bcf       ___acrt_LocaleNameToLCID@8 10011bcf f   libucrt:winapi_thunks.obj
 0001:00010c17       ___acrt_initialize_winapi_thunks 10011c17 f   libucrt:winapi_thunks.obj
 0001:00010c53       ___acrt_uninitialize_winapi_thunks 10011c53 f   libucrt:winapi_thunks.obj
 0001:00010c89       ___acrt_initialize_heap    10011c89 f   libucrt:heap_handle.obj
 0001:00010c9a       ___acrt_uninitialize_heap  10011c9a f   libucrt:heap_handle.obj
 0001:00010e10       ___acrt_initialize_lowio   10011e10 f   libucrt:ioinit.obj
 0001:00010e66       ___acrt_uninitialize_lowio 10011e66 f   libucrt:ioinit.obj
 0001:00010e92       ___acrt_execute_initializers 10011e92 f   libucrt:shared_initialization.obj
 0001:00010f15       ___acrt_execute_uninitializers 10011f15 f   libucrt:shared_initialization.obj
 0001:00011021       ___acrt_get_sigabrt_handler 10012021 f   libucrt:signal.obj
 0001:0001104a       ___acrt_initialize_signal_handlers 1001204a f   libucrt:signal.obj
 0001:00011068       ___fpecode                 10012068 f   libucrt:signal.obj
 0001:00011071       _raise                     10012071 f   libucrt:signal.obj
 0001:00011273       ___acrt_has_user_matherr   10012273 f   libucrt:matherr.obj
 0001:0001128b       ___acrt_initialize_user_matherr 1001228b f   libucrt:matherr.obj
 0001:0001129a       ___acrt_invoke_user_matherr 1001229a f   libucrt:matherr.obj
 0001:000114aa       ___acrt_stdio_flush_nolock 100124aa f   libucrt:fflush.obj
 0001:0001150d       __fflush_nolock            1001250d f   libucrt:fflush.obj
 0001:00011554       __flushall                 10012554 f   libucrt:fflush.obj
 0001:0001155d       ___acrt_initialize_stdio   1001255d f   libucrt:_file.obj
 0001:00011625       ___acrt_uninitialize_stdio 10012625 f   libucrt:_file.obj
 0001:00011671       __lock_file                10012671 f   libucrt:_file.obj
 0001:00011685       __unlock_file              10012685 f   libucrt:_file.obj
 0001:00011699       __mbtowc_l                 10012699 f   libucrt:mbtowc.obj
 0001:000117dd       _mbtowc                    100127dd f   libucrt:mbtowc.obj
 0001:000117f7       __fileno                   100127f7 f   libucrt:fileno.obj
 0001:0001181d       ___pctype_func             1001281d f   libucrt:ctype.obj
 0001:00011843       __isctype_l                10012843 f   libucrt:isctype.obj
 0001:0001191b       ___acrt_add_locale_ref     1001291b f   libucrt:locale_refcounting.obj
 0001:00011998       ___acrt_free_locale        10012998 f   libucrt:locale_refcounting.obj
 0001:00011ae2       ___acrt_locale_add_lc_time_reference 10012ae2 f   libucrt:locale_refcounting.obj
 0001:00011b0b       ___acrt_locale_free_lc_time_if_unreferenced 10012b0b f   libucrt:locale_refcounting.obj
 0001:00011b3b       ___acrt_locale_release_lc_time_reference 10012b3b f   libucrt:locale_refcounting.obj
 0001:00011b64       ___acrt_release_locale_ref 10012b64 f   libucrt:locale_refcounting.obj
 0001:00011be5       ___acrt_update_thread_locale_data 10012be5 f   libucrt:locale_refcounting.obj
 0001:00011c5c       __updatetlocinfoEx_nolock  10012c5c f   libucrt:locale_refcounting.obj
 0001:00011cac       __isleadbyte_l             10012cac f i libucrt:_wctype.obj
 0001:00011ed1       ___acrt_LCMapStringA       10012ed1 f   libucrt:lcmapstringa.obj
 0001:00011f1c       __freea_crt                10012f1c f i libucrt:lcmapstringa.obj
 0001:00011f3c       ___acrt_locale_free_monetary 10012f3c f   libucrt:initmon.obj
 0001:0001203a       ___acrt_locale_free_numeric 1001303a f   libucrt:initnum.obj
 0001:000120db       ___acrt_locale_free_time   100130db f   libucrt:inittime.obj
 0001:000121bf       ___acrt_GetStringTypeA     100131bf f   libucrt:getstringtypea.obj
 0001:000122c4       __query_new_mode           100132c4 f   libucrt:new_mode.obj
 0001:00012310       _qsort                     10013310 f   libucrt:qsort.obj
 0001:00012804       _strncpy_s                 10013804 f   libucrt:strncpy_s.obj
 0001:00012810       _strpbrk                   10013810 f   libucrt:strpbrk.obj
 0001:00012850       ??$__acrt_convert_wcs_mbs@D_W$$A6AIPA_WPBDIPAU__crt_locale_pointers@@@ZU__crt_win32_buffer_internal_dynamic_resizing@@@@YAHQBDAAV?$__crt_win32_buffer@_WU__crt_win32_buffer_internal_dynamic_resizing@@@@A6AIPA_WPBDIPAU__crt_locale_pointers@@@Z4@Z 10013850 f i libucrt:findfirstfileexa.obj
 0001:000128f1       ??$__acrt_mbs_to_wcs@U__crt_win32_buffer_internal_dynamic_resizing@@@@YAHQBDAAV?$__crt_win32_buffer@_WU__crt_win32_buffer_internal_dynamic_resizing@@@@PAU__crt_locale_pointers@@@Z 100138f1 f i libucrt:findfirstfileexa.obj
 0001:0001290e       ?_deallocate@?$__crt_win32_buffer@_WU__crt_win32_buffer_internal_dynamic_resizing@@@@AAEXXZ 1001390e f i libucrt:findfirstfileexa.obj
 0001:00012928       ?allocate@?$__crt_win32_buffer@_WU__crt_win32_buffer_internal_dynamic_resizing@@@@QAEHI@Z 10013928 f i libucrt:findfirstfileexa.obj
 0001:00012967       ?allocate@__crt_win32_buffer_internal_dynamic_resizing@@SAHQAPAXIABV__crt_win32_buffer_empty_debug_info@@@Z 10013967 f i libucrt:findfirstfileexa.obj
 0001:00012986       ___acrt_FindFirstFileExA   10013986 f   libucrt:findfirstfileexa.obj
 0001:000129ec       ??$__acrt_convert_wcs_mbs@_WD$$A6AIPADPB_WIPAU__crt_locale_pointers@@@ZU__crt_win32_buffer_no_resizing@@@@YAHQB_WAAV?$__crt_win32_buffer@DU__crt_win32_buffer_no_resizing@@@@A6AIPADPB_WIPAU__crt_locale_pointers@@@Z4@Z 100139ec f i libucrt:findnextfilea.obj
 0001:00012a8e       ?allocate@?$__crt_win32_buffer@DU__crt_win32_buffer_no_resizing@@@@QAEHI@Z 10013a8e f i libucrt:findnextfilea.obj
 0001:00012ab5       ?set_to_nullptr@?$__crt_win32_buffer@DU__crt_win32_buffer_no_resizing@@@@QAEXXZ 10013ab5 f i libucrt:findnextfilea.obj
 0001:00012ac9       ___acrt_FindNextFileA      10013ac9 f   libucrt:findnextfilea.obj
 0001:00012c0a       __mbsdec                   10013c0a f   libucrt:mbsdec.obj
 0001:00012c21       __mbsdec_l                 10013c21 f   libucrt:mbsdec.obj
 0001:00012e55       __mbstowcs_l               10013e55 f   libucrt:mbstowcs.obj
 0001:00012e60       _mbstowcs                  10013e60 f   libucrt:mbstowcs.obj
 0001:00012e99       __msize                    10013e99 f   libucrt:msize.obj
 0001:00012ea4       __msize_base               10013ea4 f   libucrt:msize.obj
 0001:00012ed7       __realloc_base             10013ed7 f   libucrt:realloc_base.obj
 0001:00012ff4       ___acrt_DownlevelLocaleNameToLCID 10013ff4 f   libucrt:lcidtoname_downlevel.obj
 0001:00013020       ___acrt_lowio_create_handle_array 10014020 f   libucrt:osfinfo.obj
 0001:0001309a       ___acrt_lowio_destroy_handle_array 1001409a f   libucrt:osfinfo.obj
 0001:000130cf       ___acrt_lowio_ensure_fh_exists 100140cf f   libucrt:osfinfo.obj
 0001:00013163       ___acrt_lowio_lock_fh      10014163 f   libucrt:osfinfo.obj
 0001:00013186       ___acrt_lowio_unlock_fh    10014186 f   libucrt:osfinfo.obj
 0001:000131a9       __free_osfhnd              100141a9 f   libucrt:osfinfo.obj
 0001:0001323a       __get_osfhandle            1001423a f   libucrt:osfinfo.obj
 0001:0001333c       __commit                   1001433c f   libucrt:commit.obj
 0001:00013966       __write                    10014966 f   libucrt:write.obj
 0001:00013a4e       __write_nolock             10014a4e f   libucrt:write.obj
 0001:00013c60       __fcloseall                10014c60 f   libucrt:closeall.obj
 0001:00013d00       ___acrt_stdio_free_buffer_nolock 10014d00 f   libucrt:_freebuf.obj
 0001:00013d3e       __isatty                   10014d3e f   libucrt:isatty.obj
 0001:00013dc0       ?__mbrtowc_utf8@__crt_mbstring@@YAIPA_WPBDIPAU_Mbstatet@@@Z 10014dc0 f   libucrt:mbrtowc.obj
 0001:00013e02       ?__mbsrtowcs_utf8@__crt_mbstring@@YAIPA_WPAPBDIPAU_Mbstatet@@@Z 10014e02 f   libucrt:mbrtowc.obj
 0001:00013eff       ___strncnt                 10014eff f   libucrt:strncnt.obj
 0001:000141c4       __wcstombs_l               100151c4 f   libucrt:wcstombs.obj
 0001:000141cf       __query_app_type           100151cf f   libucrt:report_runtime_error.obj
 0001:00014253       __lseeki64_nolock          10015253 f   libucrt:lseek.obj
 0001:0001426e       __putwch_nolock            1001526e f   libucrt:putwch.obj
 0001:000142a2       __fclose_nolock            100152a2 f   libucrt:fclose.obj
 0001:00014318       _fclose                    10015318 f   libucrt:fclose.obj
 0001:00014391       ?__mbrtoc32_utf8@__crt_mbstring@@YAIPA_UPBDIPAU_Mbstatet@@@Z 10015391 f   libucrt:mbrtoc32.obj
 0001:00014545       ?return_illegal_sequence@__crt_mbstring@@YAIPAU_Mbstatet@@@Z 10015545 f i libucrt:mbrtoc32.obj
 0001:00014570       __CIlog10                  10015570 f   libucrt:log10_impl.obj
 0001:000145ab       __CIlog10_default          100155ab f   libucrt:log10_impl.obj
 0001:000145bf       __log10_default            100155bf     libucrt:log10_impl.obj
 0001:00014680       _ceil                      10015680 f   libucrt:ceil_pentium4.obj
 0001:000146c0       __ceil_pentium4            100156c0 f   libucrt:ceil_pentium4.obj
 0001:0001479d       ?__wcsrtombs_utf8@__crt_mbstring@@YAIPADPAPB_WIPAU_Mbstatet@@@Z 1001579d f   libucrt:wcrtomb.obj
 0001:000148a0       ___ascii_strnicmp          100158a0 f   libucrt:_strnicm.obj
 0001:00014920       ___dcrt_lowio_ensure_console_output_initialized 10015920 f   libucrt:initcon.obj
 0001:0001493f       ___dcrt_terminate_console_output 1001593f f   libucrt:initcon.obj
 0001:00014956       ___dcrt_write_console      10015956 f   libucrt:initcon.obj
 0001:00014a2d       __close                    10015a2d f   libucrt:close.obj
 0001:00014abc       __close_nolock             10015abc f   libucrt:close.obj
 0001:00014b58       ?__acrt_stdio_free_stream@@YAXV__crt_stdio_stream@@@Z 10015b58 f   libucrt:stream.obj
 0001:00014b93       ___acrt_initialize_sse2    10015b93 f   libucrt:mathfcns.obj
 0001:00014bb0       __CIlog10_pentium4         10015bb0 f   libucrt:log10_pentium4.obj
 0001:00014bc8       __log10_pentium4           10015bc8     libucrt:log10_pentium4.obj
 0001:00014e60       __fFEXP                    10015e60 f   libucrt:87tran.obj
 0001:00014eb7       __rtinfpopse               10015eb7     libucrt:87tran.obj
 0001:00014eb9       __rtinfnpopse              10015eb9     libucrt:87tran.obj
 0001:00014ec9       __fFLN                     10015ec9     libucrt:87tran.obj
 0001:00014f7e       __rtinfpop                 10015f7e     libucrt:87tran.obj
 0001:00014f80       __rtinfnpop                10015f80     libucrt:87tran.obj
 0001:00014f90       __rtforexpinf              10015f90 f   libucrt:87tran.obj
 0001:00014f9d       __ffexpm1                  10015f9d     libucrt:87tran.obj
 0001:00015050       __trandisp1                10016050 f   libucrt:87disp.obj
 0001:000150c5       __trandisp2                100160c5 f   libucrt:87disp.obj
 0001:0001515f       __rttospopde               1001615f     libucrt:87disp.obj
 0001:00015164       __rttospop                 10016164     libucrt:87disp.obj
 0001:00015170       __rtnospop                 10016170 f   libucrt:87disp.obj
 0001:00015180       __rttosnpop                10016180 f   libucrt:87disp.obj
 0001:00015181       __rtnospopde               10016181     libucrt:87disp.obj
 0001:00015188       __rtzeropop                10016188     libucrt:87disp.obj
 0001:0001518a       __rtzeronpop               1001618a     libucrt:87disp.obj
 0001:00015190       __rtzerospop               10016190 f   libucrt:87disp.obj
 0001:0001519d       __rtonepop                 1001619d     libucrt:87disp.obj
 0001:000151a0       __rtonenpop                100161a0 f   libucrt:87disp.obj
 0001:000151b0       __tosnan1                  100161b0 f   libucrt:87disp.obj
 0001:000151e0       __nosnan2                  100161e0 f   libucrt:87disp.obj
 0001:000151f0       __tosnan2                  100161f0 f   libucrt:87disp.obj
 0001:00015220       __nan2                     10016220 f   libucrt:87disp.obj
 0001:00015260       __rtindfpop                10016260 f   libucrt:87disp.obj
 0001:00015262       __rtindfnpop               10016262     libucrt:87disp.obj
 0001:00015273       __rttosnpopde              10016273     libucrt:87disp.obj
 0001:00015280       __rtatan2inf               10016280 f   libucrt:87disp.obj
 0001:0001529d       __rtchsifneg               1001629d     libucrt:87disp.obj
 0001:000152b0       __twoToTOS                 100162b0 f   libucrt:common.obj
 0001:000152c5       __load_CW                  100162c5 f   libucrt:common.obj
 0001:000152dc       __convertTOStoQNaN         100162dc f   libucrt:common.obj
 0001:000152f5       __fload_withFB             100162f5 f   libucrt:common.obj
 0001:00015338       __checkTOS_withFB          10016338 f   libucrt:common.obj
 0001:0001534e       __fast_exit                1001634e f   libucrt:common.obj
 0001:0001535b       __math_exit                1001635b f   libucrt:common.obj
 0001:00015385       __check_overflow_exit      10016385 f   libucrt:common.obj
 0001:00015399       __check_range_exit         10016399 f   libucrt:common.obj
 0001:00015440       __startTwoArgErrorHandling 10016440 f   libucrt:genexcep.obj
 0001:00015457       __startOneArgErrorHandling 10016457 f   libucrt:genexcep.obj
 0001:00015493       ___libm_error_support      10016493 f   libucrt:libm_error.obj
 0001:000156ab       __ceil_default             100166ab f   libucrt:ceil.obj
 0001:00015764       ?__c16rtomb_utf8@__crt_mbstring@@YAIPAD_SPAU_Mbstatet@@@Z 10016764 f   libucrt:c16rtomb.obj
 0001:00015802       __clrfp                    10016802 f   libucrt:fpctrl.obj
 0001:00015815       __ctrlfp                   10016815 f   libucrt:fpctrl.obj
 0001:00015841       __set_statfp               10016841 f   libucrt:fpctrl.obj
 0001:0001589c       __statfp                   1001689c f   libucrt:fpctrl.obj
 0001:000158ae       __d_inttype                100168ae f   libucrt:powhlp.obj
 0001:00015918       __powhlp                   10016918 f   libucrt:powhlp.obj
 0001:00015a43       __87except                 10016a43 f   libucrt:87except.obj
 0001:00015b4d       __frnd                     10016b4d f   libucrt:frnd.obj
 0001:00015b63       __errcode                  10016b63 f   libucrt:fpexcept.obj
 0001:00015b97       __except1                  10016b97 f   libucrt:fpexcept.obj
 0001:00015c65       __handle_exc               10016c65 f   libucrt:fpexcept.obj
 0001:00015e52       __raise_exc                10016e52 f   libucrt:fpexcept.obj
 0001:00015e75       __raise_exc_ex             10016e75 f   libucrt:fpexcept.obj
 0001:0001616b       __set_errno_from_matherr   1001716b f   libucrt:fpexcept.obj
 0001:0001619a       __umatherr                 1001719a f   libucrt:fpexcept.obj
 0001:0001623c       __decomp                   1001723c f   libucrt:util.obj
 0001:0001631a       __set_exp                  1001731a f   libucrt:util.obj
 0001:00016349       __sptype                   10017349 f   libucrt:util.obj
 0001:000163a7       ?__c32rtomb_utf8@__crt_mbstring@@YAIPAD_UPAU_Mbstatet@@@Z 100173a7 f   libucrt:c32rtomb.obj
 0001:00016456       _c32rtomb                  10017456 f   libucrt:c32rtomb.obj
 0001:00016461       __fpclass                  10017461 f   libucrt:ieeemisc.obj
 0001:00016505       _IsProcessorFeaturePresent@4 10017505 f   kernel32:KERNEL32.dll
 0001:0001650b       ?DloadAcquireSectionWriteAccess@@YGXXZ 1001750b f i DelayImp:delayhlp.obj
 0001:0001653e       ?DloadGetSRWLockFunctionPointers@@YGEXZ 1001753e f i DelayImp:delayhlp.obj
 0001:000165b1       ?DloadLock@@YGXXZ          100175b1 f i DelayImp:delayhlp.obj
 0001:000165f0       ?DloadMakePermanentImageCommit@@YGXPAXK@Z 100175f0 f i DelayImp:delayhlp.obj
 0001:0001665f       ?DloadObtainSection@@YGPAXPAK0@Z 1001765f f i DelayImp:delayhlp.obj
 0001:000166da       ?DloadProtectSection@@YGXKPAK@Z 100176da f i DelayImp:delayhlp.obj
 0001:00016748       ?DloadReleaseSectionWriteAccess@@YGXXZ 10017748 f i DelayImp:delayhlp.obj
 0001:0001677e       ?DloadUnlock@@YGXXZ        1001777e f i DelayImp:delayhlp.obj
 0001:000167aa       ___delayLoadHelper2@8      100177aa f   DelayImp:delayhlp.obj
 0001:00016a20       __FindPESection            10017a20 f   LIBCMT:pesect.obj
 0001:00016a70       __IsNonwritableInCurrentImage 10017a70 f   LIBCMT:pesect.obj
 0001:00016b30       __ValidateImageBase        10017b30 f   LIBCMT:pesect.obj
 0001:00016b63       __EH_epilog3               10017b63 f   LIBCMT:ehprolg3.obj
 0001:00016b78       __EH_epilog3_GS            10017b78 f   LIBCMT:ehprolg3.obj
 0001:00016b89       __EH_prolog3_GS            10017b89 f   LIBCMT:ehprolg3.obj
 0001:00016bc0       __EH_prolog3_catch         10017bc0 f   LIBCMT:ehprolg3.obj
 0001:00016c00       __aulldvrm                 10017c00 f   LIBCMT:ulldvrm.obj
 0001:00016ca0       __SEH_prolog4_GS           10017ca0 f   LIBCMT:_sehprolg4gs_.obj
 0001:00016ce9       __SEH_epilog4_GS           10017ce9 f   LIBCMT:_sehprolg4gs_.obj
 0001:00016d00       __allmul                   10017d00 f   LIBCMT:llmul.obj
 0001:00016d40       __alldvrm                  10017d40 f   LIBCMT:lldvrm.obj
 0001:00016e20       __aullshr                  10017e20 f   LIBCMT:ullshr.obj
 0001:00016e40       __alloca_probe_16          10017e40 f   LIBCMT:alloca16.obj
 0001:00016e56       __alloca_probe_8           10017e56     LIBCMT:alloca16.obj
 0001:00016e70       __chkstk                   10017e70 f   LIBCMT:chkstk.obj
 0001:00016e70       __alloca_probe             10017e70 f   LIBCMT:chkstk.obj
 0001:00016ea0       __allshl                   10017ea0 f   LIBCMT:llshl.obj
 0001:00016ec0       __ftol2_sse                10017ec0 f   LIBCMT:_ftol2_.obj
 0001:00016ec9       __ftol2_pentium4           10017ec9 f   LIBCMT:_ftol2_.obj
 0001:00016edc       __ftol2_sse_excpt          10017edc f   LIBCMT:_ftol2_.obj
 0001:00016f00       __ftol2                    10017f00 f   LIBCMT:_ftol2_.obj
 0001:00016f80       _strchr                    10017f80 f   libvcruntime:strchr.obj
 0001:00016fee       ___from_strstr_to_strchr   10017fee     libvcruntime:strchr.obj
 0001:000170b0       _strrchr                   100180b0 f   libvcruntime:strrchr.obj
 0002:00000000       __imp__GetModuleHandleA@4  10019000     kernel32:KERNEL32.dll
 0002:00000004       __imp__VirtualQuery@12     10019004     kernel32:KERNEL32.dll
 0002:00000008       __imp__VirtualProtect@16   10019008     kernel32:KERNEL32.dll
 0002:0000000c       __imp__GetSystemInfo@4     1001900c     kernel32:KERNEL32.dll
 0002:00000010       __imp__DecodePointer@4     10019010     kernel32:KERNEL32.dll
 0002:00000014       __imp__WriteConsoleW@20    10019014     kernel32:KERNEL32.dll
 0002:00000018       __imp__CloseHandle@4       10019018     kernel32:KERNEL32.dll
 0002:0000001c       __imp__CreateFileW@28      1001901c     kernel32:KERNEL32.dll
 0002:00000020       __imp__SetFilePointerEx@20 10019020     kernel32:KERNEL32.dll
 0002:00000024       __imp__GetConsoleMode@8    10019024     kernel32:KERNEL32.dll
 0002:00000028       __imp__GetConsoleCP@0      10019028     kernel32:KERNEL32.dll
 0002:0000002c       __imp__WriteFile@20        1001902c     kernel32:KERNEL32.dll
 0002:00000030       __imp__FlushFileBuffers@4  10019030     kernel32:KERNEL32.dll
 0002:00000034       __imp__SetStdHandle@8      10019034     kernel32:KERNEL32.dll
 0002:00000038       __imp__HeapReAlloc@16      10019038     kernel32:KERNEL32.dll
 0002:0000003c       __imp__HeapSize@12         1001903c     kernel32:KERNEL32.dll
 0002:00000040       __imp__GetStringTypeW@16   10019040     kernel32:KERNEL32.dll
 0002:00000044       __imp__GetFileType@4       10019044     kernel32:KERNEL32.dll
 0002:00000048       __imp__GetStdHandle@4      10019048     kernel32:KERNEL32.dll
 0002:0000004c       __imp__GetProcessHeap@0    1001904c     kernel32:KERNEL32.dll
 0002:00000050       __imp__LCMapStringW@24     10019050     kernel32:KERNEL32.dll
 0002:00000054       __imp__UnhandledExceptionFilter@4 10019054     kernel32:KERNEL32.dll
 0002:00000058       __imp__SetUnhandledExceptionFilter@4 10019058     kernel32:KERNEL32.dll
 0002:0000005c       __imp__GetCurrentProcess@0 1001905c     kernel32:KERNEL32.dll
 0002:00000060       __imp__TerminateProcess@8  10019060     kernel32:KERNEL32.dll
 0002:00000064       __imp__IsProcessorFeaturePresent@4 10019064     kernel32:KERNEL32.dll
 0002:00000068       __imp__QueryPerformanceCounter@4 10019068     kernel32:KERNEL32.dll
 0002:0000006c       __imp__GetCurrentProcessId@0 1001906c     kernel32:KERNEL32.dll
 0002:00000070       __imp__GetCurrentThreadId@0 10019070     kernel32:KERNEL32.dll
 0002:00000074       __imp__GetSystemTimeAsFileTime@4 10019074     kernel32:KERNEL32.dll
 0002:00000078       __imp__InitializeSListHead@4 10019078     kernel32:KERNEL32.dll
 0002:0000007c       __imp__IsDebuggerPresent@0 1001907c     kernel32:KERNEL32.dll
 0002:00000080       __imp__GetStartupInfoW@4   10019080     kernel32:KERNEL32.dll
 0002:00000084       __imp__GetModuleHandleW@4  10019084     kernel32:KERNEL32.dll
 0002:00000088       __imp__RaiseException@16   10019088     kernel32:KERNEL32.dll
 0002:0000008c       __imp__InterlockedFlushSList@4 1001908c     kernel32:KERNEL32.dll
 0002:00000090       __imp__RtlUnwind@16        10019090     kernel32:KERNEL32.dll
 0002:00000094       __imp__GetLastError@0      10019094     kernel32:KERNEL32.dll
 0002:00000098       __imp__SetLastError@4      10019098     kernel32:KERNEL32.dll
 0002:0000009c       __imp__EnterCriticalSection@4 1001909c     kernel32:KERNEL32.dll
 0002:000000a0       __imp__LeaveCriticalSection@4 100190a0     kernel32:KERNEL32.dll
 0002:000000a4       __imp__DeleteCriticalSection@4 100190a4     kernel32:KERNEL32.dll
 0002:000000a8       __imp__InitializeCriticalSectionAndSpinCount@8 100190a8     kernel32:KERNEL32.dll
 0002:000000ac       __imp__TlsAlloc@0          100190ac     kernel32:KERNEL32.dll
 0002:000000b0       __imp__TlsGetValue@4       100190b0     kernel32:KERNEL32.dll
 0002:000000b4       __imp__TlsSetValue@8       100190b4     kernel32:KERNEL32.dll
 0002:000000b8       __imp__TlsFree@4           100190b8     kernel32:KERNEL32.dll
 0002:000000bc       __imp__FreeLibrary@4       100190bc     kernel32:KERNEL32.dll
 0002:000000c0       __imp__GetProcAddress@8    100190c0     kernel32:KERNEL32.dll
 0002:000000c4       __imp__LoadLibraryExW@12   100190c4     kernel32:KERNEL32.dll
 0002:000000c8       __imp__EncodePointer@4     100190c8     kernel32:KERNEL32.dll
 0002:000000cc       __imp__ExitProcess@4       100190cc     kernel32:KERNEL32.dll
 0002:000000d0       __imp__GetModuleHandleExW@12 100190d0     kernel32:KERNEL32.dll
 0002:000000d4       __imp__GetModuleFileNameW@12 100190d4     kernel32:KERNEL32.dll
 0002:000000d8       __imp__HeapAlloc@12        100190d8     kernel32:KERNEL32.dll
 0002:000000dc       __imp__HeapFree@12         100190dc     kernel32:KERNEL32.dll
 0002:000000e0       __imp__FindClose@4         100190e0     kernel32:KERNEL32.dll
 0002:000000e4       __imp__FindFirstFileExW@24 100190e4     kernel32:KERNEL32.dll
 0002:000000e8       __imp__FindNextFileW@8     100190e8     kernel32:KERNEL32.dll
 0002:000000ec       __imp__IsValidCodePage@4   100190ec     kernel32:KERNEL32.dll
 0002:000000f0       __imp__GetACP@0            100190f0     kernel32:KERNEL32.dll
 0002:000000f4       __imp__GetOEMCP@0          100190f4     kernel32:KERNEL32.dll
 0002:000000f8       __imp__GetCPInfo@8         100190f8     kernel32:KERNEL32.dll
 0002:000000fc       __imp__GetCommandLineA@0   100190fc     kernel32:KERNEL32.dll
 0002:00000100       __imp__GetCommandLineW@0   10019100     kernel32:KERNEL32.dll
 0002:00000104       __imp__MultiByteToWideChar@24 10019104     kernel32:KERNEL32.dll
 0002:00000108       __imp__WideCharToMultiByte@32 10019108     kernel32:KERNEL32.dll
 0002:0000010c       __imp__GetEnvironmentStringsW@0 1001910c     kernel32:KERNEL32.dll
 0002:00000110       __imp__FreeEnvironmentStringsW@4 10019110     kernel32:KERNEL32.dll
 0002:00000114       __imp__LoadLibraryExA@12   10019114     kernel32:KERNEL32.dll
 0002:00000118       \177KERNEL32_NULL_THUNK_DATA 10019118     kernel32:KERNEL32.dll
 0002:0000011c       __imp__Strategies@4        1001911c     NtDirect:NtDirect.dll
 0002:00000120       __imp__Last@16             10019120     NtDirect:NtDirect.dll
 0002:00000124       __imp__CashValue@4         10019124     NtDirect:NtDirect.dll
 0002:00000128       __imp__TearDown@0          10019128     NtDirect:NtDirect.dll
 0002:0000012c       __imp__AskPlayback@20      1001912c     NtDirect:NtDirect.dll
 0002:00000130       __imp__UnsubscribeMarketData@4 10019130     NtDirect:NtDirect.dll
 0002:00000134       __imp__Command@60          10019134     NtDirect:NtDirect.dll
 0002:00000138       __imp__AvgEntryPrice@8     10019138     NtDirect:NtDirect.dll
 0002:0000013c       __imp__BidPlayback@20      1001913c     NtDirect:NtDirect.dll
 0002:00000140       __imp__Connected@4         10019140     NtDirect:NtDirect.dll
 0002:00000144       __imp__BuyingPower@4       10019144     NtDirect:NtDirect.dll
 0002:00000148       __imp__RealizedPnL@4       10019148     NtDirect:NtDirect.dll
 0002:0000014c       __imp__SetUp@8             1001914c     NtDirect:NtDirect.dll
 0002:00000150       __imp__ConfirmOrders@4     10019150     NtDirect:NtDirect.dll
 0002:00000154       __imp__SubscribeMarketData@4 10019154     NtDirect:NtDirect.dll
 0002:00000158       __imp__NewOrderId@0        10019158     NtDirect:NtDirect.dll
 0002:0000015c       __imp__Ask@16              1001915c     NtDirect:NtDirect.dll
 0002:00000160       __imp__Filled@4            10019160     NtDirect:NtDirect.dll
 0002:00000164       __imp__OrderStatus@4       10019164     NtDirect:NtDirect.dll
 0002:00000168       __imp__MarketData@8        10019168     NtDirect:NtDirect.dll
 0002:0000016c       __imp__TargetOrders@4      1001916c     NtDirect:NtDirect.dll
 0002:00000170       __imp__LastPlayback@20     10019170     NtDirect:NtDirect.dll
 0002:00000174       __imp__MarketPosition@8    10019174     NtDirect:NtDirect.dll
 0002:00000178       __imp__Bid@16              10019178     NtDirect:NtDirect.dll
 0002:0000017c       __imp__AvgFillPrice@4      1001917c     NtDirect:NtDirect.dll
 0002:00000180       __imp__StrategyPosition@4  10019180     NtDirect:NtDirect.dll
 0002:00000184       __imp__StopOrders@4        10019184     NtDirect:NtDirect.dll
 0002:00000188       \177NtDirect_NULL_THUNK_DATA 10019188     NtDirect:NtDirect.dll
 0002:0000018c       ___guard_check_icall_fptr  1001918c     LIBCMT:guard_support.obj
 0002:00000190       ___xc_a                    10019190     LIBCMT:initializers.obj
 0002:00000194       __register_NTDirect32_     10019194     main.obj
 0002:00000198       ___xc_z                    10019198     LIBCMT:initializers.obj
 0002:0000019c       ___xi_a                    1001919c     LIBCMT:initializers.obj
 0002:000001a0       ___acrt_multibyte_initializer 100191a0     libucrt:multibyte_initializer.obj
 0002:000001a4       ___acrt_stdio_initializer  100191a4     libucrt:stdio_initializer.obj
 0002:000001a8       ___acrt_tran_sse2_initializer 100191a8     libucrt:sse2_initializer.obj
 0002:000001ac       ___xi_z                    100191ac     LIBCMT:initializers.obj
 0002:000001b0       ___xp_a                    100191b0     LIBCMT:initializers.obj
 0002:000001b4       ___acrt_locale_terminator  100191b4     libucrt:locale_initializer.obj
 0002:000001b8       ___dcrt_console_output_terminator 100191b8     libucrt:console_output_initializer.obj
 0002:000001bc       ___acrt_stdio_terminator   100191bc     libucrt:stdio_initializer.obj
 0002:000001c0       ___xp_z                    100191c0     LIBCMT:initializers.obj
 0002:000001c4       ___xt_a                    100191c4     LIBCMT:initializers.obj
 0002:000001c8       ___xt_z                    100191c8     LIBCMT:initializers.obj
 0002:000001d0       __sz_node_exe              100191d0     node:node.exe
 0002:000001e0       ??_7exception@std@@6B@     100191e0     libcpmt:xthrow.obj
 0002:000001e8       ??_C@_0BC@EOODALEL@Unknown?5exception@ 100191e8     libcpmt:xthrow.obj
 0002:00000200       ??_7bad_alloc@std@@6B@     10019200     libcpmt:xthrow.obj
 0002:00000208       ??_C@_0P@GHFPNOJB@bad?5allocation@ 10019208     libcpmt:xthrow.obj
 0002:0000021c       ??_7logic_error@std@@6B@   1001921c     libcpmt:xthrow.obj
 0002:00000228       ??_7length_error@std@@6B@  10019228     libcpmt:xthrow.obj
 0002:00000230       __pDefaultRawDllMain       10019230     LIBCMT:dll_dllmain.obj
 0002:00000230       __pRawDllMain              10019230     LIBCMT:dll_dllmain.obj
 0002:00000238       ??_7type_info@@6B@         10019238     LIBCMT:std_type_info_static.obj
 0002:00000248       ??_7bad_array_new_length@std@@6B@ 10019248     LIBCMT:throw_bad_alloc.obj
 0002:00000250       ??_C@_0BF@KINCDENJ@bad?5array?5new?5length@ 10019250     LIBCMT:throw_bad_alloc.obj
 0002:00000424       ??_C@_08EHJDFFNH@__based?$CI@ 10019424     libvcruntime:undname.obj
 0002:00000430       ??_C@_07KOLFKCDI@__cdecl@  10019430     libvcruntime:undname.obj
 0002:00000438       ??_C@_08GHMPAG@__pascal@   10019438     libvcruntime:undname.obj
 0002:00000444       ??_C@_09IFJBGAPI@__stdcall@ 10019444     libvcruntime:undname.obj
 0002:00000450       ??_C@_0L@NPHFGOKO@__thiscall@ 10019450     libvcruntime:undname.obj
 0002:0000045c       ??_C@_0L@JMKHOMEK@__fastcall@ 1001945c     libvcruntime:undname.obj
 0002:00000468       ??_C@_0N@BCKKPABJ@__vectorcall@ 10019468     libvcruntime:undname.obj
 0002:00000478       ??_C@_09HIJEGCPM@__clrcall@ 10019478     libvcruntime:undname.obj
 0002:00000484       ??_C@_06GHPCKEAG@__eabi@   10019484     libvcruntime:undname.obj
 0002:0000048c       ??_C@_09IOPIDJLG@__swift_1@ 1001948c     libvcruntime:undname.obj
 0002:00000498       ??_C@_09KFNFGKHF@__swift_2@ 10019498     libvcruntime:undname.obj
 0002:000004a4       ??_C@_07JOMMBBKO@__ptr64@  100194a4     libvcruntime:undname.obj
 0002:000004ac       ??_C@_0L@PILCLIHE@__restrict@ 100194ac     libvcruntime:undname.obj
 0002:000004b8       ??_C@_0M@GFIIJFMG@__unaligned@ 100194b8     libvcruntime:undname.obj
 0002:000004c4       ??_C@_09DHDLOLLB@restrict?$CI@ 100194c4     libvcruntime:undname.obj
 0002:000004d0       ??_C@_04NIHEBCM@?5new@     100194d0     libvcruntime:undname.obj
 0002:000004d8       ??_C@_07FPCDHGMM@?5delete@ 100194d8     libvcruntime:undname.obj
 0002:000004e0       ??_C@_01NEMOKFLO@?$DN@     100194e0     libvcruntime:undname.obj
 0002:000004e4       ??_C@_02GPIOPFAK@?$DO?$DO@ 100194e4     libvcruntime:undname.obj
 0002:000004e8       ??_C@_02FODMEDOG@?$DM?$DM@ 100194e8     libvcruntime:undname.obj
 0002:000004ec       ??_C@_01DCLJPIOD@?$CB@     100194ec     libvcruntime:undname.obj
 0002:000004f0       ??_C@_02EGOFBIJA@?$DN?$DN@ 100194f0     libvcruntime:undname.obj
 0002:000004f4       ??_C@_02FDNJECIE@?$CB?$DN@ 100194f4     libvcruntime:undname.obj
 0002:000004f8       ??_C@_02GPECMEKF@?$FL?$FN@ 100194f8     libvcruntime:undname.obj
 0002:000004fc       ??_C@_08LHJFAFGD@operator@ 100194fc     libvcruntime:undname.obj
 0002:00000508       ??_C@_02HBOOOICD@?9?$DO@   10019508     libvcruntime:undname.obj
 0002:0000050c       ??_C@_01NBENCBCI@?$CK@     1001950c     libvcruntime:undname.obj
 0002:00000510       ??_C@_02ECNGHCIF@?$CL?$CL@ 10019510     libvcruntime:undname.obj
 0002:00000514       ??_C@_02BAABKJLB@?9?9@     10019514     libvcruntime:undname.obj
 0002:00000518       ??_C@_01JOAMLHOP@?9@       10019518     libvcruntime:undname.obj
 0002:0000051c       ??_C@_01MIFGBAGJ@?$CL@     1001951c     libvcruntime:undname.obj
 0002:00000520       ??_C@_01HNPIGOCE@?$CG@     10019520     libvcruntime:undname.obj
 0002:00000524       ??_C@_03MNHNFDLC@?9?$DO?$CK@ 10019524     libvcruntime:undname.obj
 0002:00000528       ??_C@_01KMDKNFGN@?1@       10019528     libvcruntime:undname.obj
 0002:0000052c       ??_C@_01FGNFDNOH@?$CF@     1001952c     libvcruntime:undname.obj
 0002:00000530       ??_C@_01MNNFJEPP@?$DM@     10019530     libvcruntime:undname.obj
 0002:00000534       ??_C@_02EHCHHCKH@?$DM?$DN@ 10019534     libvcruntime:undname.obj
 0002:00000538       ??_C@_01PPODPGHN@?$DO@     10019538     libvcruntime:undname.obj
 0002:0000053c       ??_C@_02EEKDKGMJ@?$DO?$DN@ 1001953c     libvcruntime:undname.obj
 0002:00000540       ??_C@_01IHBHIGKO@?0@       10019540     libvcruntime:undname.obj
 0002:00000544       ??_C@_02HCKGKOFO@?$CI?$CJ@ 10019544     libvcruntime:undname.obj
 0002:00000548       ??_C@_01PJKLJHI@?$HO@      10019548     libvcruntime:undname.obj
 0002:0000054c       ??_C@_01JKBOJNNK@?$FO@     1001954c     libvcruntime:undname.obj
 0002:00000550       ??_C@_01DNKMNLPK@?$HM@     10019550     libvcruntime:undname.obj
 0002:00000554       ??_C@_02PPKAJPJL@?$CG?$CG@ 10019554     libvcruntime:undname.obj
 0002:00000558       ??_C@_02NONPIBCD@?$HM?$HM@ 10019558     libvcruntime:undname.obj
 0002:0000055c       ??_C@_02FPIMKNGF@?$CK?$DN@ 1001955c     libvcruntime:undname.obj
 0002:00000560       ??_C@_02FOEOMHFC@?$CL?$DN@ 10019560     libvcruntime:undname.obj
 0002:00000564       ??_C@_02FKMDLLOA@?9?$DN@   10019564     libvcruntime:undname.obj
 0002:00000568       ??_C@_02FJEHGPIO@?1?$DN@   10019568     libvcruntime:undname.obj
 0002:0000056c       ??_C@_02FENAOKFI@?$CF?$DN@ 1001956c     libvcruntime:undname.obj
 0002:00000570       ??_C@_03IKFCCPFF@?$DO?$DO?$DN@ 10019570     libvcruntime:undname.obj
 0002:00000574       ??_C@_03CDNPDDLA@?$DM?$DM?$DN@ 10019574     libvcruntime:undname.obj
 0002:00000578       ??_C@_02FGJGFEAB@?$CG?$DN@ 10019578     libvcruntime:undname.obj
 0002:0000057c       ??_C@_02DHLNPPGH@?$HM?$DN@ 1001957c     libvcruntime:undname.obj
 0002:00000580       ??_C@_02MHEGNOJ@?$FO?$DN@  10019580     libvcruntime:undname.obj
 0002:00000584       ??_C@_09IFPLHPGF@?$GAvftable?8@ 10019584     libvcruntime:undname.obj
 0002:00000590       ??_C@_09BLBHBJP@?$GAvbtable?8@ 10019590     libvcruntime:undname.obj
 0002:0000059c       ??_C@_07FEEIOKP@?$GAvcall?8@ 1001959c     libvcruntime:undname.obj
 0002:000005a4       ??_C@_08LLFFHHDJ@?$GAtypeof?8@ 100195a4     libvcruntime:undname.obj
 0002:000005b0       ??_C@_0BF@KDPPACIK@?$GAlocal?5static?5guard?8@ 100195b0     libvcruntime:undname.obj
 0002:000005c8       ??_C@_08OBABFOLI@?$GAstring?8@ 100195c8     libvcruntime:undname.obj
 0002:000005d4       ??_C@_0BD@JDLKDPAB@?$GAvbase?5destructor?8@ 100195d4     libvcruntime:undname.obj
 0002:000005e8       ??_C@_0BN@DEGPLNFK@?$GAvector?5deleting?5destructor?8@ 100195e8     libvcruntime:undname.obj
 0002:00000608       ??_C@_0BO@OBMKPJIG@?$GAdefault?5constructor?5closure?8@ 10019608     libvcruntime:undname.obj
 0002:00000628       ??_C@_0BN@IMDCHIKM@?$GAscalar?5deleting?5destructor?8@ 10019628     libvcruntime:undname.obj
 0002:00000648       ??_C@_0BO@PFGOCPJJ@?$GAvector?5constructor?5iterator?8@ 10019648     libvcruntime:undname.obj
 0002:00000668       ??_C@_0BN@LFPFMEDL@?$GAvector?5destructor?5iterator?8@ 10019668     libvcruntime:undname.obj
 0002:00000688       ??_C@_0CE@IKBNEHA@?$GAvector?5vbase?5constructor?5itera@ 10019688     libvcruntime:undname.obj
 0002:000006ac       ??_C@_0BL@NILFHHPC@?$GAvirtual?5displacement?5map?8@ 100196ac     libvcruntime:undname.obj
 0002:000006c8       ??_C@_0CB@JONCMFFK@?$GAeh?5vector?5constructor?5iterator@ 100196c8     libvcruntime:undname.obj
 0002:000006ec       ??_C@_0CA@GCEOPDGL@?$GAeh?5vector?5destructor?5iterator?8@ 100196ec     libvcruntime:undname.obj
 0002:0000070c       ??_C@_0CH@OOJPLCPH@?$GAeh?5vector?5vbase?5constructor?5it@ 1001970c     libvcruntime:undname.obj
 0002:00000734       ??_C@_0BL@LLKPOHJI@?$GAcopy?5constructor?5closure?8@ 10019734     libvcruntime:undname.obj
 0002:00000750       ??_C@_0BA@KBCDOMBN@?$GAudt?5returning?8@ 10019750     libvcruntime:undname.obj
 0002:00000760       ??_C@_03KLGMFNMG@?$GAEH@   10019760     libvcruntime:undname.obj
 0002:00000764       ??_C@_05KHLCHHI@?$GARTTI@  10019764     libvcruntime:undname.obj
 0002:0000076c       ??_C@_0BA@KKLDJDLB@?$GAlocal?5vftable?8@ 1001976c     libvcruntime:undname.obj
 0002:0000077c       ??_C@_0CE@IIHCMGGL@?$GAlocal?5vftable?5constructor?5clos@ 1001977c     libvcruntime:undname.obj
 0002:000007a0       ??_C@_06FHBGPFGH@?5new?$FL?$FN@ 100197a0     libvcruntime:undname.obj
 0002:000007a8       ??_C@_09LBNFPBCA@?5delete?$FL?$FN@ 100197a8     libvcruntime:undname.obj
 0002:000007b4       ??_C@_0P@HJKNJFNN@?$GAomni?5callsig?8@ 100197b4     libvcruntime:undname.obj
 0002:000007c4       ??_C@_0BL@CNOONJFP@?$GAplacement?5delete?5closure?8@ 100197c4     libvcruntime:undname.obj
 0002:000007e0       ??_C@_0BN@CKNJLHMB@?$GAplacement?5delete?$FL?$FN?5closure?8@ 100197e0     libvcruntime:undname.obj
 0002:00000800       ??_C@_0CG@CFDHKGGD@?$GAmanaged?5vector?5constructor?5ite@ 10019800     libvcruntime:undname.obj
 0002:00000828       ??_C@_0CF@IMGKMJNO@?$GAmanaged?5vector?5destructor?5iter@ 10019828     libvcruntime:undname.obj
 0002:00000850       ??_C@_0CG@HLDDJMAG@?$GAeh?5vector?5copy?5constructor?5ite@ 10019850     libvcruntime:undname.obj
 0002:00000878       ??_C@_0CM@FCBBDIGB@?$GAeh?5vector?5vbase?5copy?5construct@ 10019878     libvcruntime:undname.obj
 0002:000008a4       ??_C@_0BL@CLIPGLGB@?$GAdynamic?5initializer?5for?5?8@ 100198a4     libvcruntime:undname.obj
 0002:000008c0       ??_C@_0CB@PDBIFEP@?$GAdynamic?5atexit?5destructor?5for?5@ 100198c0     libvcruntime:undname.obj
 0002:000008e4       ??_C@_0CD@CGAJBKEJ@?$GAvector?5copy?5constructor?5iterat@ 100198e4     libvcruntime:undname.obj
 0002:00000908       ??_C@_0CJ@GJELGAMM@?$GAvector?5vbase?5copy?5constructor?5@ 10019908     libvcruntime:undname.obj
 0002:00000934       ??_C@_0CL@FGIJHLCE@?$GAmanaged?5vector?5copy?5constructo@ 10019934     libvcruntime:undname.obj
 0002:00000960       ??_C@_0BM@PMGGMLDN@?$GAlocal?5static?5thread?5guard?8@ 10019960     libvcruntime:undname.obj
 0002:0000097c       ??_C@_0N@BDNMDMOL@operator?5?$CC?$CC?5@ 1001997c     libvcruntime:undname.obj
 0002:0000098c       ??_C@_0BC@GGEBGALA@operator?5co_await@ 1001998c     libvcruntime:undname.obj
 0002:000009a0       ??_C@_0BC@DAFEJGAK@?5Type?5Descriptor?8@ 100199a0     libvcruntime:undname.obj
 0002:000009b4       ??_C@_0BM@LDKODKLH@?5Base?5Class?5Descriptor?5at?5?$CI@ 100199b4     libvcruntime:undname.obj
 0002:000009d0       ??_C@_0BD@LGICGFMM@?5Base?5Class?5Array?8@ 100199d0     libvcruntime:undname.obj
 0002:000009e4       ??_C@_0BN@MECKDCOJ@?5Class?5Hierarchy?5Descriptor?8@ 100199e4     libvcruntime:undname.obj
 0002:00000a04       ??_C@_0BK@CFCOFLF@?5Complete?5Object?5Locator?8@ 10019a04     libvcruntime:undname.obj
 0002:00000a2c       ??_C@_1DM@KHCHBNEB@?$AAa?$AAp?$AAi?$AA?9?$AAm?$AAs?$AA?9?$AAw?$AAi?$AAn?$AA?9?$AAc?$AAo?$AAr?$AAe@ 10019a2c     libvcruntime:winapi_downlevel.obj
 0002:00000a68       ??_C@_1DK@LPPGFMPP@?$AAa?$AAp?$AAi?$AA?9?$AAm?$AAs?$AA?9?$AAw?$AAi?$AAn?$AA?9?$AAc?$AAo?$AAr?$AAe@ 10019a68     libvcruntime:winapi_downlevel.obj
 0002:00000aa4       ??_C@_1BC@GDMECMAK@?$AAk?$AAe?$AAr?$AAn?$AAe?$AAl?$AA3?$AA2@ 10019aa4     libvcruntime:winapi_downlevel.obj
 0002:00000ab8       ??_C@_1BA@PFFKHIOG@?$AAa?$AAp?$AAi?$AA?9?$AAm?$AAs?$AA?9@ 10019ab8     libvcruntime:winapi_downlevel.obj
 0002:00000ac8       ??_C@_1BA@IAIFMGEF@?$AAe?$AAx?$AAt?$AA?9?$AAm?$AAs?$AA?9@ 10019ac8     libvcruntime:winapi_downlevel.obj
 0002:00000ae0       ??_C@_08KNHFBNJ@FlsAlloc@  10019ae0     libvcruntime:winapi_downlevel.obj
 0002:00000af4       ??_C@_07PEJMOBNF@FlsFree@  10019af4     libvcruntime:winapi_downlevel.obj
 0002:00000b04       ??_C@_0M@GDNOONDI@FlsGetValue@ 10019b04     libvcruntime:winapi_downlevel.obj
 0002:00000b18       ??_C@_0M@JCPCPOEF@FlsSetValue@ 10019b18     libvcruntime:winapi_downlevel.obj
 0002:00000b2c       ??_C@_0BM@HCFOFFN@InitializeCriticalSectionEx@ 10019b2c     libvcruntime:winapi_downlevel.obj
 0002:00000b4c       ??_7bad_exception@std@@6B@ 10019b4c     libvcruntime:frame.obj
 0002:00000b54       ??_C@_0O@DPKOEFFH@bad?5exception@ 10019b54     libvcruntime:frame.obj
 0002:00000b64       __pDestructExceptionObject 10019b64     libvcruntime:ehhelpers.obj
 0002:00000b68       ___acrt_exception_action_table 10019b68     libucrt:exception_filter.obj
 0002:00000bf8       ___acrt_signal_action_table_count 10019bf8     libucrt:exception_filter.obj
 0002:00000bfc       ___acrt_signal_action_first_fpe_index 10019bfc     libucrt:exception_filter.obj
 0002:00000c00       ___acrt_signal_action_fpe_count 10019c00     libucrt:exception_filter.obj
 0002:00000c04       ??_C@_1BI@BGOHAHKC@?$AAm?$AAs?$AAc?$AAo?$AAr?$AAe?$AAe?$AA?4?$AAd?$AAl?$AAl?$AA?$AA@ 10019c04     libucrt:exit.obj
 0002:00000c1c       ??_C@_0P@MIGLKIOC@CorExitProcess?$AA@ 10019c1c     libucrt:exit.obj
 0002:00000e10       ___lc_time_c               10019e10     libucrt:nlsdata.obj
 0002:00000f74       ??_C@_03KOEHGMDN@Sun?$AA@  10019f74     libucrt:nlsdata.obj
 0002:00000f78       ??_C@_03PDAGKDH@Mon?$AA@   10019f78     libucrt:nlsdata.obj
 0002:00000f7c       ??_C@_03NAGEINEP@Tue?$AA@  10019f7c     libucrt:nlsdata.obj
 0002:00000f80       ??_C@_03MHOMLAJA@Wed?$AA@  10019f80     libucrt:nlsdata.obj
 0002:00000f84       ??_C@_03IOFIKPDN@Thu?$AA@  10019f84     libucrt:nlsdata.obj
 0002:00000f88       ??_C@_03IDIOELNC@Fri?$AA@  10019f88     libucrt:nlsdata.obj
 0002:00000f8c       ??_C@_03FEFJNEK@Sat?$AA@   10019f8c     libucrt:nlsdata.obj
 0002:00000f90       ??_C@_06OOPIFAJ@Sunday?$AA@ 10019f90     libucrt:nlsdata.obj
 0002:00000f98       ??_C@_06JLEDEDGH@Monday?$AA@ 10019f98     libucrt:nlsdata.obj
 0002:00000fa0       ??_C@_07BAAGCFCM@Tuesday?$AA@ 10019fa0     libucrt:nlsdata.obj
 0002:00000fa8       ??_C@_09DLIGFAKA@Wednesday?$AA@ 10019fa8     libucrt:nlsdata.obj
 0002:00000fb4       ??_C@_08HACCIKIA@Thursday?$AA@ 10019fb4     libucrt:nlsdata.obj
 0002:00000fc0       ??_C@_06JECMNKMI@Friday?$AA@ 10019fc0     libucrt:nlsdata.obj
 0002:00000fc8       ??_C@_08INBOOONO@Saturday?$AA@ 10019fc8     libucrt:nlsdata.obj
 0002:00000fd4       ??_C@_03JIHJHPIE@Jan?$AA@  10019fd4     libucrt:nlsdata.obj
 0002:00000fd8       ??_C@_03HJBDCHOM@Feb?$AA@  10019fd8     libucrt:nlsdata.obj
 0002:00000fdc       ??_C@_03ODNJBKGA@Mar?$AA@  10019fdc     libucrt:nlsdata.obj
 0002:00000fe0       ??_C@_03LEOLGMJP@Apr?$AA@  10019fe0     libucrt:nlsdata.obj
 0002:00000fe4       ??_C@_03CNMDKL@May?$AA@    10019fe4     libucrt:nlsdata.obj
 0002:00000fe8       ??_C@_03IDFGHECI@Jun?$AA@  10019fe8     libucrt:nlsdata.obj
 0002:00000fec       ??_C@_03LBGABGKK@Jul?$AA@  10019fec     libucrt:nlsdata.obj
 0002:00000ff0       ??_C@_03IFJFEIGA@Aug?$AA@  10019ff0     libucrt:nlsdata.obj
 0002:00000ff4       ??_C@_03GGCAPAJC@Sep?$AA@  10019ff4     libucrt:nlsdata.obj
 0002:00000ff8       ??_C@_03BMAOKBAD@Oct?$AA@  10019ff8     libucrt:nlsdata.obj
 0002:00000ffc       ??_C@_03JPJOFNIA@Nov?$AA@  10019ffc     libucrt:nlsdata.obj
 0002:00001000       ??_C@_03MKABNOCG@Dec?$AA@  1001a000     libucrt:nlsdata.obj
 0002:00001004       ??_C@_07CGJPFGJA@January?$AA@ 1001a004     libucrt:nlsdata.obj
 0002:0000100c       ??_C@_08GNJGEPFN@February?$AA@ 1001a00c     libucrt:nlsdata.obj
 0002:00001018       ??_C@_05HPCKOFNC@March?$AA@ 1001a018     libucrt:nlsdata.obj
 0002:00001020       ??_C@_05DMJDNLEJ@April?$AA@ 1001a020     libucrt:nlsdata.obj
 0002:00001028       ??_C@_04CNLMGBGM@June?$AA@ 1001a028     libucrt:nlsdata.obj
 0002:00001030       ??_C@_04MIEPOIFP@July?$AA@ 1001a030     libucrt:nlsdata.obj
 0002:00001038       ??_C@_06LBBHFDDG@August?$AA@ 1001a038     libucrt:nlsdata.obj
 0002:00001040       ??_C@_09BHHEALKD@September?$AA@ 1001a040     libucrt:nlsdata.obj
 0002:0000104c       ??_C@_07JJNFCEND@October?$AA@ 1001a04c     libucrt:nlsdata.obj
 0002:00001054       ??_C@_08HCHEGEOA@November?$AA@ 1001a054     libucrt:nlsdata.obj
 0002:00001060       ??_C@_08EDHMEBNP@December?$AA@ 1001a060     libucrt:nlsdata.obj
 0002:0000106c       ??_C@_02DEDBPAFC@AM?$AA@   1001a06c     libucrt:nlsdata.obj
 0002:00001070       ??_C@_02CJNFDJBF@PM?$AA@   1001a070     libucrt:nlsdata.obj
 0002:00001074       ??_C@_08BPBNCDIB@MM?1dd?1yy?$AA@ 1001a074     libucrt:nlsdata.obj
 0002:00001080       ??_C@_0BE@CKGJFCPC@dddd?0?5MMMM?5dd?0?5yyyy?$AA@ 1001a080     libucrt:nlsdata.obj
 0002:00001094       ??_C@_08JCCMCCIL@HH?3mm?3ss?$AA@ 1001a094     libucrt:nlsdata.obj
 0002:000010a0       ??_C@_17MBGCMIPB@?$AAS?$AAu?$AAn?$AA?$AA@ 1001a0a0     libucrt:nlsdata.obj
 0002:000010a8       ??_C@_17KBOMKBF@?$AAM?$AAo?$AAn?$AA?$AA@ 1001a0a8     libucrt:nlsdata.obj
 0002:000010b0       ??_C@_17BMKGEGOJ@?$AAT?$AAu?$AAe?$AA?$AA@ 1001a0b0     libucrt:nlsdata.obj
 0002:000010b8       ??_C@_17CJEDCEPE@?$AAW?$AAe?$AAd?$AA?$AA@ 1001a0b8     libucrt:nlsdata.obj
 0002:000010c0       ??_C@_17PDPHAADD@?$AAT?$AAh?$AAu?$AA?$AA@ 1001a0c0     libucrt:nlsdata.obj
 0002:000010c8       ??_C@_17HFOLPPLP@?$AAF?$AAr?$AAi?$AA?$AA@ 1001a0c8     libucrt:nlsdata.obj
 0002:000010d0       ??_C@_17GGIBDPIH@?$AAS?$AAa?$AAt?$AA?$AA@ 1001a0d0     libucrt:nlsdata.obj
 0002:000010d8       ??_C@_1O@IHNHDHPB@?$AAS?$AAu?$AAn?$AAd?$AAa?$AAy?$AA?$AA@ 1001a0d8     libucrt:nlsdata.obj
 0002:000010e8       ??_C@_1O@MMNBFLIA@?$AAM?$AAo?$AAn?$AAd?$AAa?$AAy?$AA?$AA@ 1001a0e8     libucrt:nlsdata.obj
 0002:000010f8       ??_C@_1BA@ENFBFFEK@?$AAT?$AAu?$AAe?$AAs?$AAd?$AAa?$AAy?$AA?$AA@ 1001a0f8     libucrt:nlsdata.obj
[...]
 0001:00017202       __unwindfunclet$?_wcstombs_l_helper@@YAIPADPB_WIPAU__crt_locale_pointers@@@Z$0 10018202 f   libucrt:wcstombs.obj
 0001:0001720a       __ehhandler$?_wcstombs_l_helper@@YAIPADPB_WIPAU__crt_locale_pointers@@@Z 1001820a f   libucrt:wcstombs.obj
 0002:0000023c       _GS_ExceptionPointers      1001923c     LIBCMT:gs_report.obj
 0002:00000268       ?ExceptionTemplate@?1??_CxxThrowException@@9@8@4UEHExceptionRecord@@B 10019268     libvcruntime:throw.obj
 0002:00000288       ?tokenTable@@3QBQBDB       10019288     libvcruntime:undname.obj
 0002:000002c8       ?nameTable@@3QBQBDB        100192c8     libvcruntime:undname.obj
 0002:00000410       ?rttiTable@@3QBQBDB        10019410     libvcruntime:undname.obj
 0002:00000a20       ?module_names@?A0x03f7da57@@3QBQB_WB 10019a20     libvcruntime:winapi_downlevel.obj
 0002:00000ad8       ?candidate_modules@?1??try_get_FlsAlloc@@YAP6GKP6GXPAX@Z@ZXZ@4QBW4module_id@?A0x03f7da57@@B 10019ad8     libvcruntime:winapi_downlevel.obj
 0002:00000aec       ?candidate_modules@?1??try_get_FlsFree@@YAP6GHK@ZXZ@4QBW4module_id@?A0x03f7da57@@B 10019aec     libvcruntime:winapi_downlevel.obj
 0002:00000afc       ?candidate_modules@?1??try_get_FlsGetValue@@YAP6GPAXK@ZXZ@4QBW4module_id@?A0x03f7da57@@B 10019afc     libvcruntime:winapi_downlevel.obj
 0002:00000b10       ?candidate_modules@?1??try_get_FlsSetValue@@YAP6GHKPAX@ZXZ@4QBW4module_id@?A0x03f7da57@@B 10019b10     libvcruntime:winapi_downlevel.obj
 0002:00000b24       ?candidate_modules@?1??try_get_InitializeCriticalSectionEx@@YAP6GHPAU_RTL_CRITICAL_SECTION@@KK@ZXZ@4QBW4module_id@?A0x03f7da57@@B 10019b24     libvcruntime:winapi_downlevel.obj
 0002:00000c30       ___acrt_initializers       10019c30     libucrt:initialization.obj
 0002:00000cb0       ?errtable@@3QBUerrentry@?A0x31fdb9ec@@B 10019cb0     libucrt:errno.obj
 0002:000012d0       ?_mb_locale_names@@3QBQB_WB 1001a2d0     libucrt:mbctype.obj
 0002:00001310       ?module_names@?A0x391cf84c@@3QBQB_WB 1001a310     libucrt:winapi_thunks.obj
 0002:00001830       ?candidate_modules@?1??try_get_FlsAlloc@@YAP6GKP6GXPAX@Z@ZXZ@4QBW4module_id@?A0x391cf84c@@B 1001a830     libucrt:winapi_thunks.obj
 0002:00001844       ?candidate_modules@?1??try_get_FlsFree@@YAP6GHK@ZXZ@4QBW4module_id@?A0x391cf84c@@B 1001a844     libucrt:winapi_thunks.obj
 0002:00001854       ?candidate_modules@?1??try_get_FlsGetValue@@YAP6GPAXK@ZXZ@4QBW4module_id@?A0x391cf84c@@B 1001a854     libucrt:winapi_thunks.obj
 0002:00001868       ?candidate_modules@?1??try_get_FlsSetValue@@YAP6GHKPAX@ZXZ@4QBW4module_id@?A0x391cf84c@@B 1001a868     libucrt:winapi_thunks.obj
 0002:0000187c       ?candidate_modules@?1??try_get_InitializeCriticalSectionEx@@YAP6GHPAU_RTL_CRITICAL_SECTION@@KK@ZXZ@4QBW4module_id@?A0x391cf84c@@B 1001a87c     libucrt:winapi_thunks.obj
 0002:000018a0       ?candidate_modules@?1??try_get_LCMapStringEx@@YAP6GHPB_WK0HPA_WHPAU_nlsversioninfo@@PAXJ@ZXZ@4QBW4module_id@?A0x391cf84c@@B 1001a8a0     libucrt:winapi_thunks.obj
 0002:000018b8       ?candidate_modules@?1??try_get_LocaleNameToLCID@@YAP6GKPB_WK@ZXZ@4QBW4module_id@?A0x391cf84c@@B 1001a8b8     libucrt:winapi_thunks.obj
 0002:000018d4       ?candidate_modules@?1??try_get_AppPolicyGetProcessTerminationMethod@@YAP6GJPAXPAW4AppPolicyProcessTerminationMethod@@@ZXZ@4QBW4module_id@?A0x391cf84c@@B 1001a8d4     libucrt:winapi_thunks.obj
 0002:00001f08       ?LcidToLocaleNameTable@?A0x881e4c05@@3QBULcidToLocaleName@1@B 1001af08     libucrt:lcidtoname_downlevel.obj
 0002:00003028       ?LocaleNameToIndexTable@?A0x881e4c05@@3QBULocaleNameIndex@1@B 1001c028     libucrt:lcidtoname_downlevel.obj
 0002:00003f80       LOG_name                   1001cf80     libucrt:log10_impl.obj
 0002:00003f90       _One                       1001cf90     libucrt:ceil_pentium4.obj
 0002:00003fa0       _Bns                       1001cfa0     libucrt:ceil_pentium4.obj
 0002:00003fb0       _Zero                      1001cfb0     libucrt:ceil_pentium4.obj
 0002:00003fc0       _S                         1001cfc0     libucrt:ceil_pentium4.obj
 0002:00003fd0       _NegZero                   1001cfd0     libucrt:ceil_pentium4.obj
 0002:00003ff0       emask                      1001cff0     libucrt:log10_pentium4.obj
 0002:00004000       CC                         1001d000     libucrt:log10_pentium4.obj
 0002:00004010       Magic                      1001d010     libucrt:log10_pentium4.obj
 0002:00004020       hi_mask                    1001d020     libucrt:log10_pentium4.obj
 0002:00004030       LOG10_2                    1001d030     libucrt:log10_pentium4.obj
 0002:00004040       place_L                    1001d040     libucrt:log10_pentium4.obj
 0002:00004060       One                        1001d060     libucrt:log10_pentium4.obj
 0002:00004070       Zero                       1001d070     libucrt:log10_pentium4.obj
 0002:00004080       Two52                      1001d080     libucrt:log10_pentium4.obj
 0002:00004090       Infs                       1001d090     libucrt:log10_pentium4.obj
 0002:000040a0       NaN                        1001d0a0     libucrt:log10_pentium4.obj
 0002:000040b0       coeff                      1001d0b0     libucrt:log10_pentium4.obj
 0002:0000410e       _log2max                   1001d10e     libucrt:87tran.obj
 0002:00004118       _smallarg                  1001d118     libucrt:87tran.obj
 0002:00004122       _half                      1001d122     libucrt:87tran.obj
 0002:0000416e       One                        1001d16e     libucrt:87disp.obj
 0002:00004176       Three                      1001d176     libucrt:87disp.obj
 0002:0000417e       XAMtoTagTab                1001d17e     libucrt:87disp.obj
 0002:00004190       One                        1001d190     libucrt:common.obj
 0002:000041a4       DblMax                     1001d1a4     libucrt:common.obj
 0002:000041ac       DblMin                     1001d1ac     libucrt:common.obj
 0002:000041b4       IeeeAdjO                   1001d1b4     libucrt:common.obj
 0002:000041bc       IeeeAdjU                   1001d1bc     libucrt:common.obj
 0002:000041c4       _infinity                  1001d1c4     libucrt:common.obj
 0002:000041cc       _zero                      1001d1cc     libucrt:common.obj
 0002:00004208       _over                      1001d208     libucrt:fpctrl.obj
 0002:00004214       _under                     1001d214     libucrt:fpctrl.obj
 0002:00004a48       ?_names@?1??_get_fname@@9@9 1001da48     libucrt:fpexcept.obj
 0002:00005f18       __sehtable$?dllmain_crt_process_attach@@YAHQAUHINSTANCE__@@QAX@Z 1001ef18     LIBCMT:dll_dllmain.obj
 0002:00005f38       __sehtable$?dllmain_crt_process_detach@@YAH_N@Z 1001ef38     LIBCMT:dll_dllmain.obj
 0002:00005f58       __sehtable$?dllmain_dispatch@@YAHQAUHINSTANCE__@@KQAX@Z 1001ef58     LIBCMT:dll_dllmain.obj
 0002:00005fb0       __sehtable$___scrt_is_nonwritable_in_current_image 1001efb0     LIBCMT:utility.obj
 0002:00005fd0       __sehtable$?FrameUnwindToState@__FrameHandler3@@SAXPAUEHRegistrationNode@@PAXPBU_s_FuncInfo@@H@Z 1001efd0     libvcruntime:frame.obj
 0002:00005ff8       __sehtable$?CallCatchBlock@@YAPAXPAUEHExceptionRecord@@PAUEHRegistrationNode@@PAU_CONTEXT@@PBU_s_FuncInfo@@PAXHK@Z 1001eff8     libvcruntime:frame.obj
 0002:00006020       __catchsym$?CallUnexpected@@YAXPBU_s_ESTypeList@@@Z$2 1001f020     libvcruntime:frame.obj
 0002:00006030       __unwindtable$?CallUnexpected@@YAXPBU_s_ESTypeList@@@Z 1001f030     libvcruntime:frame.obj
 0002:00006040       __tryblocktable$?CallUnexpected@@YAXPBU_s_ESTypeList@@@Z 1001f040     libvcruntime:frame.obj
 0002:00006054       __ehfuncinfo$?CallUnexpected@@YAXPBU_s_ESTypeList@@@Z 1001f054     libvcruntime:frame.obj
 0002:00006078       __sehtable$??$BuildCatchObjectHelperInternal@$$CBU_s_HandlerType@@@@YAHPAUEHExceptionRecord@@PAXPBU_s_HandlerType@@PBU_s_CatchableType@@@Z 1001f078     libvcruntime:frame.obj
 0002:00006098       __sehtable$??$BuildCatchObjectInternal@$$CBU_s_HandlerType@@@@YAXPAUEHExceptionRecord@@PAXPBU_s_HandlerType@@PBU_s_CatchableType@@@Z 1001f098     libvcruntime:frame.obj
 0002:000060f0       __sehtable$___DestructExceptionObject 1001f0f0     libvcruntime:ehhelpers.obj
 0002:00006110       __sehtable$__query_new_handler 1001f110     libucrt:new_handler.obj
 0002:00006130       __sehtable$??R<lambda_6e4b09c48022b2350581041d5f6b0c4c>@@QBE@XZ 1001f130     libucrt:exit.obj
 0002:00006150       __sehtable$??$?RV<lambda_03b1d95aef87969028cfba75ccab2455>@@AAV<lambda_6e4b09c48022b2350581041d5f6b0c4c>@@V<lambda_22bdf7517842c4b3e53723af5aa32b9e>@@@?$__crt_seh_guarded_call@X@@QAEX$$QAV<lambda_03b1d95aef87969028cfba75ccab2455>@@AAV<lambda_6e4b09c48022b2350581041d5f6b0c4c>@@$$QAV<lambda_22bdf7517842c4b3e53723af5aa32b9e>@@@Z 1001f150     libucrt:exit.obj
 0002:00006170       __sehtable$??$?RV<lambda_69a2805e680e0e292e8ba93315fe43a8>@@AAV<lambda_f03950bc5685219e0bcd2087efbe011e>@@V<lambda_03fcd07e894ec930e3f35da366ca99d6>@@@?$__crt_seh_guarded_call@H@@QAEH$$QAV<lambda_69a2805e680e0e292e8ba93315fe43a8>@@AAV<lambda_f03950bc5685219e0bcd2087efbe011e>@@$$QAV<lambda_03fcd07e894ec930e3f35da366ca99d6>@@@Z 1001f170     libucrt:onexit.obj
 0002:00006190       __sehtable$_terminate      1001f190     libucrt:terminate.obj
 0002:000061b0       __sehtable$??$?RV<lambda_15ade71b0218206bbe3333a0c9b79046>@@AAV<lambda_da44e0f8b0f19ba52fefafb335991732>@@V<lambda_207f2d024fc103971653565357d6cd41>@@@?$__crt_seh_guarded_call@X@@QAEX$$QAV<lambda_15ade71b0218206bbe3333a0c9b79046>@@AAV<lambda_da44e0f8b0f19ba52fefafb335991732>@@$$QAV<lambda_207f2d024fc103971653565357d6cd41>@@@Z 1001f1b0     libucrt:per_thread_data.obj
 0002:000061d0       __sehtable$??$?RV<lambda_a7e850c220f1c8d1e6efeecdedd162c6>@@AAV<lambda_46720907175c18b6c9d2717bc0d2d362>@@V<lambda_9048902d66e8d99359bc9897bbb930a8>@@@?$__crt_seh_guarded_call@X@@QAEX$$QAV<lambda_a7e850c220f1c8d1e6efeecdedd162c6>@@AAV<lambda_46720907175c18b6c9d2717bc0d2d362>@@$$QAV<lambda_9048902d66e8d99359bc9897bbb930a8>@@@Z 1001f1d0     libucrt:per_thread_data.obj
 0002:000061f0       __sehtable$??$?RV<lambda_38edbb1296d33220d7e4dd0ed76b244a>@@AAV<lambda_5ce1d447e08cb34b2473517608e21441>@@V<lambda_fb385d3da700c9147fc39e65dd577a8c>@@@?$__crt_seh_guarded_call@X@@QAEX$$QAV<lambda_38edbb1296d33220d7e4dd0ed76b244a>@@AAV<lambda_5ce1d447e08cb34b2473517608e21441>@@$$QAV<lambda_fb385d3da700c9147fc39e65dd577a8c>@@@Z 1001f1f0     libucrt:per_thread_data.obj
 0002:00006210       __sehtable$??$?RV<lambda_6affb1475c98b40b75cdec977db92e3c>@@AAV<lambda_b8d4b9c228a6ecc3f80208dbb4b4a104>@@V<lambda_608742c3c92a14382c1684fc64f96c88>@@@?$__crt_seh_guarded_call@X@@QAEX$$QAV<lambda_6affb1475c98b40b75cdec977db92e3c>@@AAV<lambda_b8d4b9c228a6ecc3f80208dbb4b4a104>@@$$QAV<lambda_608742c3c92a14382c1684fc64f96c88>@@@Z 1001f210     libucrt:per_thread_data.obj
 0002:00006230       __sehtable$??$?RV<lambda_e5124f882df8998aaf41531e079ba474>@@AAV<lambda_3e16ef9562a7dcce91392c22ab16ea36>@@V<lambda_e25ca0880e6ef98be67edffd8c599615>@@@?$__crt_seh_guarded_call@X@@QAEX$$QAV<lambda_e5124f882df8998aaf41531e079ba474>@@AAV<lambda_3e16ef9562a7dcce91392c22ab16ea36>@@$$QAV<lambda_e25ca0880e6ef98be67edffd8c599615>@@@Z 1001f230     libucrt:wsetlocale.obj
 0002:00006250       __sehtable$?update_thread_multibyte_data_internal@@YAPAU__crt_multibyte_data@@QAU__acrt_ptd@@QAPAU1@@Z 1001f250     libucrt:mbctype.obj
 0002:00006270       __sehtable$??$?RV<lambda_ceb1ee4838e85a9d631eb091e2fbe199>@@AAV<lambda_ae742caa10f662c28703da3d2ea5e57e>@@V<lambda_cd08b5d6af4937fe54fc07d0c9bf6b37>@@@?$__crt_seh_guarded_call@X@@QAEX$$QAV<lambda_ceb1ee4838e85a9d631eb091e2fbe199>@@AAV<lambda_ae742caa10f662c28703da3d2ea5e57e>@@$$QAV<lambda_cd08b5d6af4937fe54fc07d0c9bf6b37>@@@Z 1001f270     libucrt:mbctype.obj
 0002:00006290       __sehtable$___acrt_initialize_lowio 1001f290     libucrt:ioinit.obj
 0002:000062b0       __sehtable$_raise          1001f2b0     libucrt:signal.obj
 0002:000062d0       __sehtable$??$?RV<lambda_cbab9ec6f41b0180b23cc171c22676b0>@@AAV<lambda_44731a7d0e6d81c3e6aa82d741081786>@@V<lambda_4b292cb8dd18144e164572427af410ab>@@@?$__crt_seh_guarded_call@P6AXH@Z@@QAEP6AXH@Z$$QAV<lambda_cbab9ec6f41b0180b23cc171c22676b0>@@AAV<lambda_44731a7d0e6d81c3e6aa82d741081786>@@$$QAV<lambda_4b292cb8dd18144e164572427af410ab>@@@Z 1001f2d0     libucrt:signal.obj
 0002:000062f0       __sehtable$??$?RV<lambda_2866be3712abc81a800a822484c830d8>@@AAV<lambda_39ca0ed439415581b5b15c265174cece>@@V<lambda_2b24c74d71094a6cd0cb82e44167d71b>@@@?$__crt_seh_guarded_call@X@@QAEX$$QAV<lambda_2866be3712abc81a800a822484c830d8>@@AAV<lambda_39ca0ed439415581b5b15c265174cece>@@$$QAV<lambda_2b24c74d71094a6cd0cb82e44167d71b>@@@Z 1001f2f0     libucrt:fflush.obj
 0002:00006310       __sehtable$??$?RV<lambda_2cc53f568c5a2bb6f192f930a45d44ea>@@AAV<lambda_ab61a845afdef5b7c387490eaf3616ee>@@V<lambda_c2ffc0b7726aa6be21d5f0026187e748>@@@?$__crt_seh_guarded_call@X@@QAEX$$QAV<lambda_2cc53f568c5a2bb6f192f930a45d44ea>@@AAV<lambda_ab61a845afdef5b7c387490eaf3616ee>@@$$QAV<lambda_c2ffc0b7726aa6be21d5f0026187e748>@@@Z 1001f310     libucrt:fflush.obj
 0002:00006330       __sehtable$___acrt_update_thread_locale_data 1001f330     libucrt:locale_refcounting.obj
 0002:00006350       __sehtable$___acrt_lowio_ensure_fh_exists 1001f350     libucrt:osfinfo.obj
 0002:00006370       __sehtable$??$?RV<lambda_9e9de3de5fa147e2223d7db92bc10aa6>@@AAV<lambda_38ce7e780aa69e748d6df282ebc68efe>@@V<lambda_8ca6da459f0f6780f1cff60fdc3d00e5>@@@?$__crt_seh_guarded_call@H@@QAEH$$QAV<lambda_9e9de3de5fa147e2223d7db92bc10aa6>@@AAV<lambda_38ce7e780aa69e748d6df282ebc68efe>@@$$QAV<lambda_8ca6da459f0f6780f1cff60fdc3d00e5>@@@Z 1001f370     libucrt:commit.obj
 0002:00006390       __sehtable$__write         1001f390     libucrt:write.obj
 0002:000063b0       __sehtable$__fcloseall     1001f3b0     libucrt:closeall.obj
 0002:000063cc       __unwindtable$?_wcstombs_l_helper@@YAIPADPB_WIPAU__crt_locale_pointers@@@Z 1001f3cc     libucrt:wcstombs.obj
 0002:000063d4       __ehfuncinfo$?_wcstombs_l_helper@@YAIPADPB_WIPAU__crt_locale_pointers@@@Z 1001f3d4     libucrt:wcstombs.obj
 0002:000063f8       __sehtable$_fclose         1001f3f8     libucrt:fclose.obj
 0002:00006418       __sehtable$??$?RV<lambda_218ce3db14220d0be481dae8ef3383b6>@@AAV<lambda_628dfdc04ba53c8bfc02c9951375f3f5>@@V<lambda_57dc472bd5c9d5f3b2cbca59b8a843ae>@@@?$__crt_seh_guarded_call@H@@QAEH$$QAV<lambda_218ce3db14220d0be481dae8ef3383b6>@@AAV<lambda_628dfdc04ba53c8bfc02c9951375f3f5>@@$$QAV<lambda_57dc472bd5c9d5f3b2cbca59b8a843ae>@@@Z 1001f418     libucrt:close.obj
 0002:00006438       __sehtable$__IsNonwritableInCurrentImage 1001f438     LIBCMT:pesect.obj
 0002:00006890       .edata                     1001f890     NTDirect32.exp
 0002:000068b8       rgpv                       1001f8b8     NTDirect32.exp
 0002:000068bc       rgszName                   1001f8bc     NTDirect32.exp
 0002:000068c0       rgwOrd                     1001f8c0     NTDirect32.exp
 0002:000068c2       szName                     1001f8c2     NTDirect32.exp
 0002:000068d2       $N00001                    1001f8d2     NTDirect32.exp
 0002:00006ac4       .idata$6                   1001fac4     kernel32:KERNEL32.dll
 0002:00006ad2       .idata$6                   1001fad2     NtDirect:NtDirect.dll
 0003:00000020       ?__vcrt_flsindex@@3KA      10020020     libvcruntime:per_thread_data.obj
 0003:00000044       ?__acrt_flsindex@@3KA      10020044     libucrt:per_thread_data.obj
 0003:00000048       ?errno_no_memory@@3HA      10020048     libucrt:errno.obj
 0003:0000004c       ?doserrno_no_memory@@3KA   1002004c     libucrt:errno.obj
 0003:00000338       __mbctypes                 10020338     libucrt:mbctype.obj
 0003:00000440       __mbcasemaps               10020440     libucrt:mbctype.obj
 0003:00000540       ?__rgctypeflag@@3PADA      10020540     libucrt:mbctype.obj
 0003:00000548       ?__rgcode_page_info@@3PAUcode_page_info@@A 10020548     libucrt:mbctype.obj
 0003:00000740       ?__dcrt_lowio_console_output_handle@@3PAXA 10020740     libucrt:initcon.obj
 0003:00000770       __module                   10020770     main.obj
 0003:000008f4       ?__proc_attached@@3HA      100208f4     LIBCMT:dll_dllmain.obj
 0003:000008f8       _GS_ExceptionRecord        100208f8     LIBCMT:gs_report.obj
 0003:00000948       _GS_ContextRecord          10020948     LIBCMT:gs_report.obj
 0003:00000c38       ?is_initialized_as_dll@@3_NA 10020c38     LIBCMT:utility.obj
 0003:00000c39       ?module_local_atexit_table_initialized@@3_NA 10020c39     LIBCMT:utility.obj
 0003:00000c3c       ?module_local_atexit_table@@3U_onexit_table_t@@A 10020c3c     LIBCMT:utility.obj
 0003:00000c48       ?module_local_at_quick_exit_table@@3U_onexit_table_t@@A 10020c48     LIBCMT:utility.obj
 0003:00000c88       ?heap@@3V_HeapManager@@A   10020c88     libvcruntime:undname.obj
 0003:00000c9c       ?__vcrt_startup_thread_ptd@@3U__vcrt_ptd@@A 10020c9c     libvcruntime:per_thread_data.obj
 0003:00000cc4       ___vcrt_lock_table         10020cc4     libvcruntime:locks.obj
 0003:00000cdc       ___vcrt_locks_initialized  10020cdc     libvcruntime:locks.obj
 0003:00000ce0       ?module_handles@@3PAPAUHINSTANCE__@@A 10020ce0     libvcruntime:winapi_downlevel.obj
 0003:00000cec       ?encoded_function_pointers@@3PAPAXA 10020cec     libvcruntime:winapi_downlevel.obj
 0003:00000d08       ?__acrt_invalid_parameter_handler@@3V?$dual_state_global@P6AXPB_W00II@Z@__crt_state_management@@A 10020d08     libucrt:invalid_parameter.obj
 0003:00000d0c       ?__acrt_new_handler@@3V?$dual_state_global@P6AHI@Z@__crt_state_management@@A 10020d0c     libucrt:new_handler.obj
 0003:00000d10       ?c_termination_complete@@3JA 10020d10     libucrt:exit.obj
 0003:00000d14       ?thread_local_exit_callback_func@@3P6GXPAXK0@ZA 10020d14     libucrt:exit.obj
 0003:00000d20       ?program_name@?1???$common_configure_argv@D@@YAHW4_crt_argv_mode@@@Z@4PADA 10020d20     libucrt:argv_parsing.obj
 0003:00000e58       ?__acrt_lock_table@@3PAU_RTL_CRITICAL_SECTION@@A 10020e58     libucrt:locks.obj
 0003:00000fa8       ?__acrt_locks_initialized@@3IA 10020fa8     libucrt:locks.obj
 0003:00000fb8       ?fSystemSet@@3HA           10020fb8     libucrt:mbctype.obj
 0003:00000fbc       ?initialized@?1??__acrt_initialize_multibyte@@9@4_NA 10020fbc     libucrt:mbctype.obj
 0003:00000fd8       ?module_handles@@3PAPAUHINSTANCE__@@A 10020fd8     libucrt:winapi_thunks.obj
 0003:00001028       ?encoded_function_pointers@@3PAPAXA 10021028     libucrt:winapi_thunks.obj
 0003:000012bc       ?ctrlc_action@@3V?$dual_state_global@P6AXH@Z@__crt_state_management@@A 100212bc     libucrt:signal.obj
 0003:000012c0       ?ctrlbreak_action@@3V?$dual_state_global@P6AXH@Z@__crt_state_management@@A 100212c0     libucrt:signal.obj
 0003:000012c4       ?abort_action@@3V?$dual_state_global@P6AXH@Z@__crt_state_management@@A 100212c4     libucrt:signal.obj
 0003:000012c8       ?term_action@@3V?$dual_state_global@P6AXH@Z@__crt_state_management@@A 100212c8     libucrt:signal.obj
 0003:000012cc       ?user_matherr@@3V?$dual_state_global@P6AHPAU_exception@@@Z@__crt_state_management@@A 100212cc     libucrt:matherr.obj
 0003:000012e0       ?internal_state@?1??_mbtowc_l@@9@4U_Mbstatet@@A 100212e0     libucrt:mbtowc.obj
 0003:000012f0       ?__acrt_global_new_mode@@3V?$dual_state_global@J@__crt_state_management@@A 100212f0     libucrt:new_mode.obj
 0003:000012f4       ?__acrt_app_type@@3W4_crt_app_type@@A 100212f4     libucrt:report_runtime_error.obj
 0003:000012f8       ?internal_pst@?1??__mbrtoc32_utf8@__crt_mbstring@@YAIPA_UPBDIPAU_Mbstatet@@@Z@4U3@A 100212f8     libucrt:mbrtoc32.obj
 0003:00001304       __pmatherr_set             10021304     libucrt:libm_error.obj
 0003:00001308       ?internal_pst@?1??__c16rtomb_utf8@__crt_mbstring@@YAIPAD_SPAU_Mbstatet@@@Z@4U3@A 10021308     libucrt:c16rtomb.obj
 0004:00000060       $R000000                   10022060     * linker generated manifest res *

 Exports

  ordinal    name

        1    __register_NTDirect32_
               exported name: _register_NTDirect32_
