 NTDirect32

 Timestamp is 5bd6ff29 (Mon Oct 29 13:38:01 2018)

 Preferred load address is 10000000

 Start         Length     Name                   Class
 0001:00000000 000000d0H .text$di                CODE
 0001:000000d0 00021732H .text$mn                CODE
 0001:00021802 000001efH .text$x                 CODE
 0001:000219f1 00000050H .text$yd                CODE
 0002:00000000 000001a4H .idata$5                DATA
 0002:000001a4 00000004H .00cfg                  DATA
 0002:000001a8 00000004H .CRT$XCA                DATA
 0002:000001ac 0000001cH .CRT$XCC                DATA
 0002:000001c8 00000008H .CRT$XCL                DATA
 0002:000001d0 00000004H .CRT$XCU                DATA
 0002:000001d4 00000004H .CRT$XCZ                DATA
 0002:000001d8 00000004H .CRT$XIA                DATA
 0002:000001dc 00000014H .CRT$XIC                DATA
 0002:000001f0 00000004H .CRT$XIZ                DATA
 0002:000001f4 00000004H .CRT$XPA                DATA
 0002:000001f8 00000008H .CRT$XPX                DATA
 0002:00000200 00000004H .CRT$XPXA               DATA
 0002:00000204 00000004H .CRT$XPZ                DATA
 0002:00000208 00000004H .CRT$XTA                DATA
 0002:0000020c 00000004H .CRT$XTZ                DATA
 0002:00000210 00000000H .gfids$y                DATA
 0002:00000210 0000d070H .rdata                  DATA
 0002:0000d280 00000920H .rdata$r                DATA
 0002:0000dba0 0000004cH .rdata$sxdata           DATA
 0002:0000dbec 000003e8H .rdata$zzzdbg           DATA
 0002:0000dfd4 00000004H .rtc$IAA                DATA
 0002:0000dfd8 00000004H .rtc$IZZ                DATA
 0002:0000dfdc 00000004H .rtc$TAA                DATA
 0002:0000dfe0 00000008H .rtc$TZZ                DATA
 0002:0000dfe8 00000a14H .xdata$x                DATA
 0002:0000e9fc 00000020H .didat$2                DATA
 0002:0000ea1c 00000020H .didat$3                DATA
 0002:0000ea3c 00000080H .didat$4                DATA
 0002:0000eabc 000002f0H .didat$6                DATA
 0002:0000edac 00000084H .didat$7                DATA
 0002:0000ee30 00000058H .edata                  DATA
 0002:0000ee88 00000028H .idata$2                DATA
 0002:0000eeb0 00000014H .idata$3                DATA
 0002:0000eec4 000001a4H .idata$4                DATA
 0002:0000f068 000005a0H .idata$6                DATA
 0003:00000000 000009d8H .data                   DATA
 0003:000009d8 00000448H .data$r                 DATA
 0003:00000e20 00000080H .didat$5                DATA
 0003:00000ea0 00000e94H .bss                    DATA
 0004:00000000 00000060H .rsrc$01                DATA
 0004:00000060 00000180H .rsrc$02                DATA

  Address         Publics by Value              Rva+Base       Lib:Object

 0000:00000000       ___guard_iat_count         00000000     <absolute>
 0000:00000000       ___guard_longjmp_count     00000000     <absolute>
 0000:00000000       ___guard_fids_count        00000000     <absolute>
 0000:00000000       ___guard_longjmp_table     00000000     <absolute>
 0000:00000000       __except_list              00000000     <absolute>
 0000:00000000       ___hybrid_code_map_count   00000000     <absolute>
 0000:00000000       ___hybrid_auxiliary_iat    00000000     <absolute>
 0000:00000000       ___dynamic_value_reloc_table 00000000     <absolute>
 0000:00000000       ___guard_fids_table        00000000     <absolute>
 0000:00000000       ___guard_iat_table         00000000     <absolute>
 0000:00000000       ___volatile_metadata       00000000     <absolute>
 0000:00000000       ___enclave_config          00000000     <absolute>
 0000:00000000       ___hybrid_code_map         00000000     <absolute>
 0000:00000013       ___safe_se_handler_count   00000013     <absolute>
 0000:00000100       ___guard_flags             00000100     <absolute>
 0000:00000000       ___ImageBase               10000000     <linker-defined>
 0001:000000d0       ?Initialize@@YA?AVObject@Napi@@VEnv@2@V12@@Z 100010d0 f   main.obj
 0001:00000100       ?__napi_Initialize@@YAPAUnapi_value__@@PAUnapi_env__@@PAU1@@Z 10001100 f   main.obj
 0001:00000140       ___local_stdio_printf_options 10001140 f i api.obj
 0001:00000150       ?what@exception@stdext@@UBEPBDXZ 10001150 f i api.obj
 0001:00000160       ?_Raise@exception@stdext@@QBEXXZ 10001160 f i api.obj
 0001:00000190       ?_Doraise@exception@stdext@@MBEXXZ 10001190 f i api.obj
 0001:00000190       ?_Lock@?$basic_streambuf@DU?$char_traits@D@std@@@std@@UAEXXZ 10001190 f i libcpmt:cout.obj
 0001:00000190       @_guard_check_icall_nop@4  10001190 f i LIBCMT:guard_support.obj
 0001:00000190       ?_Unlock@?$basic_streambuf@DU?$char_traits@D@std@@@std@@UAEXXZ 10001190 f i libcpmt:cout.obj
 0001:000001a0       ??_Eexception@stdext@@UAEPAXI@Z 100011a0 f i * CIL library *:* CIL module *
 0001:000001a0       ??_Gruntime_error@std@@UAEPAXI@Z 100011a0 f i api.obj
 0001:000001a0       ??_Eruntime_error@std@@UAEPAXI@Z 100011a0 f i * CIL library *:* CIL module *
 0001:000001a0       ??_Gexception@stdext@@UAEPAXI@Z 100011a0 f i api.obj
 0001:000001d0       ??0runtime_error@std@@QAE@PBD@Z 100011d0 f i api.obj
 0001:000001f0       ??0_Locinfo@std@@QAE@PBD@Z 100011f0 f i api.obj
 0001:00000270       ??1_Locinfo@std@@QAE@XZ    10001270 f i api.obj
 0001:00000310       ??_G_Facet_base@std@@UAEPAXI@Z 10001310 f i api.obj
 0001:00000310       ??_E_Facet_base@std@@UAEPAXI@Z 10001310 f i * CIL library *:* CIL module *
 0001:00000340       ??Bid@locale@std@@QAEIXZ   10001340 f i api.obj
 0001:00000380       ?_Incref@facet@locale@std@@UAEXXZ 10001380 f i api.obj
 0001:00000390       ?_Decref@facet@locale@std@@UAEPAV_Facet_base@3@XZ 10001390 f i api.obj
 0001:000003b0       ??0locale@std@@QAE@ABV01@@Z 100013b0 f i api.obj
 0001:000003d0       ??1locale@std@@QAE@XZ      100013d0 f i api.obj
 0001:000003f0       ?c_str@locale@std@@QBEPBDXZ 100013f0 f i api.obj
 0001:00000410       ?_Getfacet@locale@std@@QBEPBVfacet@12@I@Z 10001410 f i api.obj
 0001:00000450       ?do_tolower@?$ctype@D@std@@MBEDD@Z 10001450 f i api.obj
 0001:00000470       ?do_tolower@?$ctype@D@std@@MBEPBDPADPBD@Z 10001470 f i api.obj
 0001:000004b0       ?do_toupper@?$ctype@D@std@@MBEDD@Z 100014b0 f i api.obj
 0001:000004d0       ?do_toupper@?$ctype@D@std@@MBEPBDPADPBD@Z 100014d0 f i api.obj
 0001:00000510       ?do_widen@?$ctype@D@std@@MBEDD@Z 10001510 f i api.obj
 0001:00000520       ?do_widen@?$ctype@D@std@@MBEPBDPBD0PAD@Z 10001520 f i api.obj
 0001:00000540       ?do_narrow@?$ctype@D@std@@MBEDDD@Z 10001540 f i api.obj
 0001:00000550       ?do_narrow@?$ctype@D@std@@MBEPBDPBD0DPAD@Z 10001550 f i api.obj
 0001:00000570       ??_E?$ctype@D@std@@MAEPAXI@Z 10001570 f i * CIL library *:* CIL module *
 0001:00000570       ??_G?$ctype@D@std@@MAEPAXI@Z 10001570 f i api.obj
 0001:000005c0       ?default_error_condition@error_category@std@@UBE?AVerror_condition@2@H@Z 100015c0 f i api.obj
 0001:000005d0       ?equivalent@error_category@std@@UBE_NHABVerror_condition@2@@Z 100015d0 f i api.obj
 0001:00000610       ?equivalent@error_category@std@@UBE_NABVerror_code@2@H@Z 10001610 f i api.obj
 0001:00000640       ?make_error_code@std@@YA?AVerror_code@1@W4io_errc@1@@Z 10001640 f i api.obj
 0001:00000670       ??0_System_error@std@@IAE@Verror_code@1@ABV?$basic_string@DU?$char_traits@D@std@@V?$allocator@D@2@@1@@Z 10001670 f i api.obj
 0001:000008e0       ??_G_System_error@std@@UAEPAXI@Z 100018e0 f i api.obj
 0001:000008e0       ??_E_System_error@std@@UAEPAXI@Z 100018e0 f i * CIL library *:* CIL module *
 0001:000008e0       ??_Efailure@ios_base@std@@UAEPAXI@Z 100018e0 f i * CIL library *:* CIL module *
 0001:000008e0       ??_Gfailure@ios_base@std@@UAEPAXI@Z 100018e0 f i api.obj
 0001:00000910       ?name@_Iostream_error_category@std@@UBEPBDXZ 10001910 f i api.obj
 0001:00000920       ?message@_Iostream_error_category@std@@UBE?AV?$basic_string@DU?$char_traits@D@std@@V?$allocator@D@2@@2@H@Z 10001920 f i api.obj
 0001:00000960       ??_E_Iostream_error_category@std@@UAEPAXI@Z 10001960 f i * CIL library *:* CIL module *
 0001:00000960       ??_G_Iostream_error_category@std@@UAEPAXI@Z 10001960 f i api.obj
 0001:00000980       ??0failure@ios_base@std@@QAE@PBDABVerror_code@2@@Z 10001980 f i api.obj
 0001:00000a10       ?clear@ios_base@std@@QAEXH_N@Z 10001a10 f i api.obj
 0001:00000a70       ??1Error@Napi@@QAE@XZ      10001a70 f i api.obj
 0001:00000ae0       ?Undefined@Env@Napi@@QBE?AVValue@2@XZ 10001ae0 f i api.obj
 0001:00000b70       ?ToNumber@Value@Napi@@QBE?AVNumber@2@XZ 10001b70 f i api.obj
 0001:00000c00       ?ToString@Value@Napi@@QBE?AVString@2@XZ 10001c00 f i api.obj
 0001:00000c90       ?New@Number@Napi@@SA?AV12@PAUnapi_env__@@N@Z 10001c90 f i api.obj
 0001:00000d20       ?Int32Value@Number@Napi@@QBEHXZ 10001d20 f i api.obj
 0001:00000d90       ?New@String@Napi@@SA?AV12@PAUnapi_env__@@ABV?$basic_string@DU?$char_traits@D@std@@V?$allocator@D@2@@std@@@Z 10001d90 f i api.obj
 0001:00000e20       ?New@String@Napi@@SA?AV12@PAUnapi_env__@@PBD@Z 10001e20 f i api.obj
 0001:00000ec0       ?Utf8Value@String@Napi@@QBE?AV?$basic_string@DU?$char_traits@D@std@@V?$allocator@D@2@@std@@XZ 10001ec0 f i api.obj
 0001:00001030       ?Get@Object@Napi@@QBE?AVValue@2@PBD@Z 10002030 f i api.obj
 0001:000010c0       ?New@Error@Napi@@SA?AV12@PAUnapi_env__@@@Z 100020c0 f i api.obj
 0001:00001280       ?ThrowAsJavaScriptException@Error@Napi@@QBEXXZ 10002280 f i api.obj
 0001:00001360       ?New@TypeError@Napi@@SA?AV12@PAUnapi_env__@@PBD@Z 10002360 f i api.obj
 0001:00001470       ??ACallbackInfo@Napi@@QBE?BVValue@1@I@Z 10002470 f i api.obj
 0001:000014d0       ?getCharFromString@@YAPADV?$basic_string@DU?$char_traits@D@std@@V?$allocator@D@2@@std@@@Z 100024d0 f   api.obj
 0001:00001540       ?AskWrapper@api@@YA?AVValue@Napi@@ABVCallbackInfo@3@@Z 10002540 f   api.obj
 0001:00001d00       ?AskPlaybackWrapper@api@@YA?AVValue@Napi@@ABVCallbackInfo@3@@Z 10002d00 f   api.obj
 0001:000026b0       ?AvgEntryPriceWrapper@api@@YA?AVValue@Napi@@ABVCallbackInfo@3@@Z 100036b0 f   api.obj
 0001:00002920       ?AvgFillPriceWrapper@api@@YA?AVValue@Napi@@ABVCallbackInfo@3@@Z 10003920 f   api.obj
 0001:00002ae0       ?BidWrapper@api@@YA?AVValue@Napi@@ABVCallbackInfo@3@@Z 10003ae0 f   api.obj
 0001:000032a0       ?BidPlaybackWrapper@api@@YA?AVValue@Napi@@ABVCallbackInfo@3@@Z 100042a0 f   api.obj
 0001:00003c50       ?BuyingPowerWrapper@api@@YA?AVValue@Napi@@ABVCallbackInfo@3@@Z 10004c50 f   api.obj
 0001:00003dc0       ?CashValueWrapper@api@@YA?AVValue@Napi@@ABVCallbackInfo@3@@Z 10004dc0 f   api.obj
 0001:00003f30       ?ConfirmOrdersWrapper@api@@YA?AVValue@Napi@@ABVCallbackInfo@3@@Z 10004f30 f   api.obj
 0001:00004060       ?ConnectedWrapper@api@@YA?AVValue@Napi@@ABVCallbackInfo@3@@Z 10005060 f   api.obj
 0001:00004190       ?FilledWrapper@api@@YA?AVValue@Napi@@ABVCallbackInfo@3@@Z 10005190 f   api.obj
 0001:00004350       ?LastWrapper@api@@YA?AVValue@Napi@@ABVCallbackInfo@3@@Z 10005350 f   api.obj
 0001:00004b10       ?LastPlaybackWrapper@api@@YA?AVValue@Napi@@ABVCallbackInfo@3@@Z 10005b10 f   api.obj
 0001:000054c0       ?MarketDataWrapper@api@@YA?AVValue@Napi@@ABVCallbackInfo@3@@Z 100064c0 f   api.obj
 0001:00005a20       ?MarketPositionWrapper@api@@YA?AVValue@Napi@@ABVCallbackInfo@3@@Z 10006a20 f   api.obj
 0001:00005d10       ?NewOrderIdWrapper@api@@YA?AVValue@Napi@@ABVCallbackInfo@3@@Z 10006d10 f   api.obj
 0001:00005db0       ?OrderStatusWrapper@api@@YA?AVValue@Napi@@ABVCallbackInfo@3@@Z 10006db0 f   api.obj
 0001:00005f70       ?RealizedPnLWrapper@api@@YA?AVValue@Napi@@ABVCallbackInfo@3@@Z 10006f70 f   api.obj
 0001:000060e0       ?SetUpWrapper@api@@YA?AVValue@Napi@@ABVCallbackInfo@3@@Z 100070e0 f   api.obj
 0001:00006360       ?StopOrdersWrapper@api@@YA?AVValue@Napi@@ABVCallbackInfo@3@@Z 10007360 f   api.obj
 0001:00006520       ?StrategiesWrapper@api@@YA?AVValue@Napi@@ABVCallbackInfo@3@@Z 10007520 f   api.obj
 0001:000066b0       ?StrategyPositionWrapper@api@@YA?AVValue@Napi@@ABVCallbackInfo@3@@Z 100076b0 f   api.obj
 0001:000068d0       ?SubscribeMarketDataWrapper@api@@YA?AVValue@Napi@@ABVCallbackInfo@3@@Z 100078d0 f   api.obj
 0001:00006a40       ?TargetOrdersWrapper@api@@YA?AVValue@Napi@@ABVCallbackInfo@3@@Z 10007a40 f   api.obj
 0001:00006c00       ?TearDownWrapper@api@@YA?AVValue@Napi@@ABVCallbackInfo@3@@Z 10007c00 f   api.obj
 0001:00006c90       ?UnsubscribeMarketDataWrapper@api@@YA?AVValue@Napi@@ABVCallbackInfo@3@@Z 10007c90 f   api.obj
 0001:00006e00       ?Config@api@@YA?AVValue@Napi@@ABVCallbackInfo@3@@Z 10007e00 f   api.obj
 0001:00007180       ?Host@api@@YA?AVValue@Napi@@ABVCallbackInfo@3@@Z 10008180 f   api.obj
 0001:000072b0       ?Port@api@@YA?AVValue@Napi@@ABVCallbackInfo@3@@Z 100082b0 f   api.obj
 0001:00007440       ?Account@api@@YA?AVValue@Napi@@ABVCallbackInfo@3@@Z 10008440 f   api.obj
 0001:00007570       ?Instrument@api@@YA?AVValue@Napi@@ABVCallbackInfo@3@@Z 10008570 f   api.obj
 0001:000076a0       ?Init@api@@YA?AVObject@Napi@@VEnv@3@V23@@Z 100086a0 f   api.obj
 0001:00008050       ?reserve@?$basic_string@DU?$char_traits@D@std@@V?$allocator@D@2@@std@@QAEXI@Z 10009050 f i api.obj
 0001:000081d0       ?resize@?$basic_string@DU?$char_traits@D@std@@V?$allocator@D@2@@std@@QAEXID@Z 100091d0 f i api.obj
 0001:00008240       ??1?$basic_string@DU?$char_traits@D@std@@V?$allocator@D@2@@std@@QAE@XZ 10009240 f i api.obj
 0001:00008240       ?_Tidy_deallocate@?$basic_string@DU?$char_traits@D@std@@V?$allocator@D@2@@std@@QAEXXZ 10009240 f i api.obj
 0001:00008290       ??0?$basic_string@DU?$char_traits@D@std@@V?$allocator@D@2@@std@@QAE@QBD@Z 10009290 f i api.obj
 0001:000083d0       ?_Xran@?$_String_val@U?$_Simple_types@D@std@@@std@@SAXXZ 100093d0 f i api.obj
 0001:000083e0       ??$use_facet@V?$ctype@D@std@@@std@@YAABV?$ctype@D@0@ABVlocale@0@@Z 100093e0 f i api.obj
 0001:00008510       ??$New@P6A?AVValue@Napi@@ABVCallbackInfo@2@@Z@Function@Napi@@SA?AV01@PAUnapi_env__@@P6A?AVValue@1@ABVCallbackInfo@1@@ZPBDPAX@Z 10009510 f i api.obj
 0001:00008650       ??$_Reallocate_grow_by@V<lambda_c1b8c41cb4019640539cfd828748c4d4>@@ID@?$basic_string@DU?$char_traits@D@std@@V?$allocator@D@2@@std@@QAEAAV01@IV<lambda_c1b8c41cb4019640539cfd828748c4d4>@@ID@Z 10009650 f i api.obj
 0001:000087a0       ??$_Reallocate_grow_by@V<lambda_ab246b20b9526e2ef7792587e4298a77>@@PBDI@?$basic_string@DU?$char_traits@D@std@@V?$allocator@D@2@@std@@QAEAAV01@IV<lambda_ab246b20b9526e2ef7792587e4298a77>@@PBDI@Z 100097a0 f i api.obj
 0001:000088f0       ??$_Allocate@$07U_Default_allocate_traits@std@@$0A@@std@@YAPAXI@Z 100098f0 f i api.obj
 0001:00008940       ??$_Deallocate@$07$0A@@std@@YAXPAXI@Z 10009940 f i api.obj
 0001:00008980       ?Wrapper@?$CallbackData@P6A?AVValue@Napi@@ABVCallbackInfo@2@@ZV12@@details@Napi@@SAPAUnapi_value__@@PAUnapi_env__@@PAUnapi_callback_info__@@@Z 10009980 f i api.obj
 0001:00008ac0       ??1?$unique_ptr@V_Facet_base@std@@U?$default_delete@V_Facet_base@std@@@2@@std@@QAE@XZ 10009ac0 f i api.obj
 0001:00008ad0       ?_Xlen@?$basic_string@DU?$char_traits@D@std@@V?$allocator@D@2@@std@@SAXXZ 10009ad0 f i api.obj
 0001:00008ae0       ?_Calculate_growth@?$basic_string@DU?$char_traits@D@std@@V?$allocator@D@2@@std@@QBEII@Z 10009ae0 f i api.obj
 0001:00008b20       ??$_Immortalize_impl@V_Iostream_error_category@std@@@std@@YGHPAX0PAPAX@Z 10009b20 f i api.obj
 0001:00008b96       __imp_load__napi_module_register 10009b96 f   node:node.exe
 0001:00008ba0       __tailMerge_node_exe       10009ba0     node:node.exe
 0001:00008bb1       __imp_load__napi_create_function 10009bb1 f   node:node.exe
 0001:00008bbb       __imp_load__napi_open_handle_scope 10009bbb f   node:node.exe
 0001:00008bc5       __imp_load__napi_coerce_to_number 10009bc5 f   node:node.exe
 0001:00008bcf       __imp_load__napi_get_last_error_info 10009bcf f   node:node.exe
 0001:00008bd9       __imp_load__napi_create_error 10009bd9 f   node:node.exe
 0001:00008be3       __imp_load__napi_coerce_to_object 10009be3 f   node:node.exe
 0001:00008bed       __imp_load__napi_delete_reference 10009bed f   node:node.exe
 0001:00008bf7       __imp_load__napi_fatal_error 10009bf7 f   node:node.exe
 0001:00008c01       __imp_load__napi_is_exception_pending 10009c01 f   node:node.exe
 0001:00008c0b       __imp_load__napi_create_symbol 10009c0b f   node:node.exe
 0001:00008c15       __imp_load__napi_get_value_string_utf8 10009c15 f   node:node.exe
 0001:00008c1f       __imp_load__napi_coerce_to_string 10009c1f f   node:node.exe
 0001:00008c29       __imp_load__napi_create_type_error 10009c29 f   node:node.exe
 0001:00008c33       __imp_load__napi_create_external 10009c33 f   node:node.exe
 0001:00008c3d       __imp_load__napi_create_string_utf8 10009c3d f   node:node.exe
 0001:00008c47       __imp_load__napi_set_named_property 10009c47 f   node:node.exe
 0001:00008c51       __imp_load__napi_has_named_property 10009c51 f   node:node.exe
 0001:00008c5b       __imp_load__napi_get_named_property 10009c5b f   node:node.exe
 0001:00008c65       __imp_load__napi_define_properties 10009c65 f   node:node.exe
 0001:00008c6f       __imp_load__napi_typeof    10009c6f f   node:node.exe
 0001:00008c79       __imp_load__napi_throw     10009c79 f   node:node.exe
 0001:00008c83       __imp_load__napi_get_value_int32 10009c83 f   node:node.exe
 0001:00008c8d       __imp_load__napi_get_and_clear_last_exception 10009c8d f   node:node.exe
 0001:00008c97       __imp_load__napi_get_undefined 10009c97 f   node:node.exe
 0001:00008ca1       __imp_load__napi_get_cb_info 10009ca1 f   node:node.exe
 0001:00008cab       __imp_load__napi_get_value_double 10009cab f   node:node.exe
 0001:00008cb5       __imp_load__napi_create_reference 10009cb5 f   node:node.exe
 0001:00008cbf       __imp_load__napi_close_handle_scope 10009cbf f   node:node.exe
 0001:00008cc9       __imp_load__napi_create_double 10009cc9 f   node:node.exe
 0001:00008cd3       __imp_load__napi_get_reference_value 10009cd3 f   node:node.exe
 0001:00008cdd       ??0_Init_locks@std@@QAE@XZ 10009cdd f   libcpmt:xlock.obj
 0001:00008d0a       ??0_Lockit@std@@QAE@H@Z    10009d0a f   libcpmt:xlock.obj
 0001:00008d3b       ??1_Init_locks@std@@QAE@XZ 10009d3b f   libcpmt:xlock.obj
 0001:00008d62       ??1_Lockit@std@@QAE@XZ     10009d62 f   libcpmt:xlock.obj
 0001:00008d81       ??0exception@std@@QAE@ABV01@@Z 10009d81 f i libcpmt:xonce.obj
 0001:00008dad       ??0exception@std@@QAE@QBD@Z 10009dad f i libcpmt:xonce.obj
 0001:00008de2       ??_Eout_of_range@std@@UAEPAXI@Z 10009de2 f i libcpmt:xthrow.obj
 0001:00008de2       ??_Gbad_array_new_length@std@@UAEPAXI@Z 10009de2 f i LIBCMT:throw_bad_alloc.obj
 0001:00008de2       ??_Gexception@std@@UAEPAXI@Z 10009de2 f i libcpmt:xonce.obj
 0001:00008de2       ??_Elength_error@std@@UAEPAXI@Z 10009de2 f i libcpmt:xthrow.obj
 0001:00008de2       ??_Eexception@std@@UAEPAXI@Z 10009de2 f i libcpmt:xonce.obj
 0001:00008de2       ??_Gbad_alloc@std@@UAEPAXI@Z 10009de2 f i libcpmt:xthrow.obj
 0001:00008de2       ??_Gbad_cast@std@@UAEPAXI@Z 10009de2 f i libcpmt:cout.obj
 0001:00008de2       ??_Elogic_error@std@@UAEPAXI@Z 10009de2 f i libcpmt:xthrow.obj
 0001:00008de2       ??_Ebad_array_new_length@std@@UAEPAXI@Z 10009de2 f i LIBCMT:throw_bad_alloc.obj
 0001:00008de2       ??_Glogic_error@std@@UAEPAXI@Z 10009de2 f i libcpmt:xthrow.obj
 0001:00008de2       ??_Ebad_cast@std@@UAEPAXI@Z 10009de2 f i libcpmt:cout.obj
 0001:00008de2       ??_Ebad_alloc@std@@UAEPAXI@Z 10009de2 f i libcpmt:xthrow.obj
 0001:00008de2       ??_Gout_of_range@std@@UAEPAXI@Z 10009de2 f i libcpmt:xthrow.obj
 0001:00008de2       ??_Glength_error@std@@UAEPAXI@Z 10009de2 f i libcpmt:xthrow.obj
 0001:00008de2       ??_Ebad_exception@std@@UAEPAXI@Z 10009de2 f i libvcruntime:frame.obj
 0001:00008de2       ??_Gbad_exception@std@@UAEPAXI@Z 10009de2 f i libvcruntime:frame.obj
 0001:00008e0f       ?_Execute_once@std@@YAHAAUonce_flag@1@P6GHPAX1PAPAX@Z1@Z 10009e0f f   libcpmt:xonce.obj
 0001:00008e27       ?what@exception@std@@UBEPBDXZ 10009e27 f i libcpmt:xonce.obj
 0001:00008e34       ??$_Fgetc@D@std@@YA_NAADPAU_iobuf@@@Z 10009e34 f i libcpmt:cout.obj
 0001:00008e54       ??$_Fputc@D@std@@YA_NDPAU_iobuf@@@Z 10009e54 f i libcpmt:cout.obj
 0001:00008f12       ??$use_facet@V?$codecvt@DDU_Mbstatet@@@std@@@std@@YAABV?$codecvt@DDU_Mbstatet@@@0@ABVlocale@0@@Z 10009f12 f i libcpmt:cout.obj
 0001:00008fb8       ??0?$basic_ostream@DU?$char_traits@D@std@@@std@@QAE@PAV?$basic_streambuf@DU?$char_traits@D@std@@@1@_N@Z 10009fb8 f i libcpmt:cout.obj
 0001:0000901f       ??0?$basic_streambuf@DU?$char_traits@D@std@@@std@@IAE@XZ 1000a01f f i libcpmt:cout.obj
 0001:00009066       ??0?$fpos@U_Mbstatet@@@std@@QAE@U_Mbstatet@@_J@Z 1000a066 f i libcpmt:cout.obj
 0001:0000908e       ??0_Init_cout@std@@QAE@XZ  1000a08e f i libcpmt:cout.obj
 0001:000090e7       ??0bad_cast@std@@QAE@ABV01@@Z 1000a0e7 f i libcpmt:cout.obj
 0001:00009102       ??0bad_cast@std@@QAE@XZ    1000a102 f i libcpmt:cout.obj
 0001:0000911a       ??1?$basic_filebuf@DU?$char_traits@D@std@@@std@@UAE@XZ 1000a11a f i libcpmt:cout.obj
 0001:00009172       ??1?$basic_ios@DU?$char_traits@D@std@@@std@@UAE@XZ 1000a172 f i libcpmt:cout.obj
 0001:000091b2       ??1?$basic_streambuf@DU?$char_traits@D@std@@@std@@UAE@XZ 1000a1b2 f i libcpmt:cout.obj
 0001:000091d3       ??1bad_exception@std@@UAE@XZ 1000a1d3 f i libvcruntime:frame.obj
 0001:000091d3       ??1bad_cast@std@@UAE@XZ    1000a1d3 f i libcpmt:cout.obj
 0001:000091d3       ??1out_of_range@std@@UAE@XZ 1000a1d3 f i libcpmt:xthrow.obj
 0001:000091d3       ??1bad_alloc@std@@UAE@XZ   1000a1d3 f i libcpmt:xthrow.obj
 0001:000091d3       ??1bad_array_new_length@std@@UAE@XZ 1000a1d3 f i LIBCMT:throw_bad_alloc.obj
 0001:000091d3       ??1length_error@std@@UAE@XZ 1000a1d3 f i libcpmt:xthrow.obj
 0001:000091e4       ??_D?$basic_ostream@DU?$char_traits@D@std@@@std@@QAEXXZ 1000a1e4 f i libcpmt:cout.obj
 0001:00009242       ??_E?$basic_ostream@DU?$char_traits@D@std@@@std@@$4PPPPPPPM@A@AEPAXI@Z 1000a242 f i libcpmt:cout.obj
 0001:0000924a       ??_E?$basic_filebuf@DU?$char_traits@D@std@@@std@@UAEPAXI@Z 1000a24a f i libcpmt:cout.obj
 0001:0000924a       ??_G?$basic_filebuf@DU?$char_traits@D@std@@@std@@UAEPAXI@Z 1000a24a f i libcpmt:cout.obj
 0001:0000926c       ??_E?$basic_ios@DU?$char_traits@D@std@@@std@@UAEPAXI@Z 1000a26c f i libcpmt:cout.obj
 0001:0000926c       ??_G?$basic_ios@DU?$char_traits@D@std@@@std@@UAEPAXI@Z 1000a26c f i libcpmt:cout.obj
 0001:000092c4       ??_E?$basic_ostream@DU?$char_traits@D@std@@@std@@UAEPAXI@Z 1000a2c4 f i libcpmt:cout.obj
 0001:000092c4       ??_G?$basic_ostream@DU?$char_traits@D@std@@@std@@UAEPAXI@Z 1000a2c4 f i libcpmt:cout.obj
 0001:000092e9       ??_E?$basic_streambuf@DU?$char_traits@D@std@@@std@@UAEPAXI@Z 1000a2e9 f i libcpmt:cout.obj
 0001:000092e9       ??_G?$basic_streambuf@DU?$char_traits@D@std@@@std@@UAEPAXI@Z 1000a2e9 f i libcpmt:cout.obj
 0001:0000930b       ??_G?$codecvt@DDU_Mbstatet@@@std@@MAEPAXI@Z 1000a30b f i libcpmt:cout.obj
 0001:0000930b       ??_E?$codecvt@DDU_Mbstatet@@@std@@MAEPAXI@Z 1000a30b f i libcpmt:cout.obj
 0001:0000932e       ??_Eios_base@std@@UAEPAXI@Z 1000a32e f i libcpmt:cout.obj
 0001:0000932e       ??_Gios_base@std@@UAEPAXI@Z 1000a32e f i libcpmt:cout.obj
 0001:00009386       ?_Endwrite@?$basic_filebuf@DU?$char_traits@D@std@@@std@@IAE_NXZ 1000a386 f i libcpmt:cout.obj
 0001:00009436       ?_Getcat@?$codecvt@DDU_Mbstatet@@@std@@SAIPAPBVfacet@locale@2@PBV42@@Z 1000a436 f i libcpmt:cout.obj
 0001:0000949e       ?_Init@?$basic_filebuf@DU?$char_traits@D@std@@@std@@IAEXPAU_iobuf@@W4_Initfl@12@@Z 1000a49e f i libcpmt:cout.obj
 0001:0000951a       ?_Init@?$basic_streambuf@DU?$char_traits@D@std@@@std@@IAEXXZ 1000a51a f i libcpmt:cout.obj
 0001:0000955e       ?_Init@ios_base@std@@IAEXXZ 1000a55e f i libcpmt:cout.obj
 0001:000095c4       ?_Initcvt@?$basic_filebuf@DU?$char_traits@D@std@@@std@@IAEXABV?$codecvt@DDU_Mbstatet@@@2@@Z 1000a5c4 f i libcpmt:cout.obj
 0001:000095ef       ?_Lock@?$basic_filebuf@DU?$char_traits@D@std@@@std@@UAEXXZ 1000a5ef f i libcpmt:cout.obj
 0001:000095ff       ?_Reset_back@?$basic_filebuf@DU?$char_traits@D@std@@@std@@AAEXXZ 1000a5ff f i libcpmt:cout.obj
 0001:00009622       ?_Set_back@?$basic_filebuf@DU?$char_traits@D@std@@@std@@AAEXXZ 1000a622 f i libcpmt:cout.obj
 0001:00009658       ?_Unlock@?$basic_filebuf@DU?$char_traits@D@std@@@std@@UAEXXZ 1000a658 f i libcpmt:cout.obj
 0001:00009668       ?always_noconv@codecvt_base@std@@QBE_NXZ 1000a668 f i libcpmt:cout.obj
 0001:00009680       ?close@?$basic_filebuf@DU?$char_traits@D@std@@@std@@QAEPAV12@XZ 1000a680 f i libcpmt:cout.obj
 0001:000096df       ___acrt_uninitialize_command_line 1000a6df f i libucrt:argv_data.obj
 0001:000096df       ?do_always_noconv@?$codecvt@DDU_Mbstatet@@@std@@MBE_NXZ 1000a6df f i libcpmt:cout.obj
 0001:000096e2       ?do_encoding@codecvt_base@std@@MBEHXZ 1000a6e2 f i libcpmt:cout.obj
 0001:000096e2       __get_startup_argv_mode    1000a6e2 f i LIBCMT:argv_mode.obj
 0001:000096e2       ?do_max_length@codecvt_base@std@@MBEHXZ 1000a6e2 f i libcpmt:cout.obj
 0001:000096e6       ?do_in@?$codecvt@DDU_Mbstatet@@@std@@MBEHAAU_Mbstatet@@PBD1AAPBDPAD3AAPAD@Z 1000a6e6 f i libcpmt:cout.obj
 0001:000096e6       ?do_out@?$codecvt@DDU_Mbstatet@@@std@@MBEHAAU_Mbstatet@@PBD1AAPBDPAD3AAPAD@Z 1000a6e6 f i libcpmt:cout.obj
 0001:00009700       ?do_length@?$codecvt@DDU_Mbstatet@@@std@@MBEHAAU_Mbstatet@@PBD1I@Z 1000a700 f i libcpmt:cout.obj
 0001:00009718       ?do_unshift@?$codecvt@DDU_Mbstatet@@@std@@MBEHAAU_Mbstatet@@PAD1AAPAD@Z 1000a718 f i libcpmt:cout.obj
 0001:00009729       ?erase@?$basic_string@DU?$char_traits@D@std@@V?$allocator@D@2@@std@@QAEAAV12@II@Z 1000a729 f i libcpmt:cout.obj
 0001:00009774       ?imbue@?$basic_filebuf@DU?$char_traits@D@std@@@std@@MAEXABVlocale@2@@Z 1000a774 f i libcpmt:cout.obj
 0001:00009790       ?imbue@?$basic_streambuf@DU?$char_traits@D@std@@@std@@MAEXABVlocale@2@@Z 1000a790 f i libcpmt:cout.obj
 0001:00009793       ?init@?$basic_ios@DU?$char_traits@D@std@@@std@@IAEXPAV?$basic_streambuf@DU?$char_traits@D@std@@@2@_N@Z 1000a793 f i libcpmt:cout.obj
 0001:000097dc       ?overflow@?$basic_filebuf@DU?$char_traits@D@std@@@std@@MAEHH@Z 1000a7dc f i libcpmt:cout.obj
 0001:000098e4       ?pbackfail@?$basic_streambuf@DU?$char_traits@D@std@@@std@@MAEHH@Z 1000a8e4 f i libcpmt:cout.obj
 0001:000098e4       ?overflow@?$basic_streambuf@DU?$char_traits@D@std@@@std@@MAEHH@Z 1000a8e4 f i libcpmt:cout.obj
 0001:000098ea       ?pbackfail@?$basic_filebuf@DU?$char_traits@D@std@@@std@@MAEHH@Z 1000a8ea f i libcpmt:cout.obj
 0001:0000996c       ?push_back@?$basic_string@DU?$char_traits@D@std@@V?$allocator@D@2@@std@@QAEXD@Z 1000a96c f i libcpmt:cout.obj
 0001:000099a8       ?seekoff@?$basic_filebuf@DU?$char_traits@D@std@@@std@@MAE?AV?$fpos@U_Mbstatet@@@2@_JHH@Z 1000a9a8 f i libcpmt:cout.obj
 0001:00009a5e       ?seekoff@?$basic_streambuf@DU?$char_traits@D@std@@@std@@MAE?AV?$fpos@U_Mbstatet@@@2@_JHH@Z 1000aa5e f i libcpmt:cout.obj
 0001:00009a7d       ?seekpos@?$basic_filebuf@DU?$char_traits@D@std@@@std@@MAE?AV?$fpos@U_Mbstatet@@@2@V32@H@Z 1000aa7d f i libcpmt:cout.obj
 0001:00009b02       ?seekpos@?$basic_streambuf@DU?$char_traits@D@std@@@std@@MAE?AV?$fpos@U_Mbstatet@@@2@V32@H@Z 1000ab02 f i libcpmt:cout.obj
 0001:00009b21       ?setbuf@?$basic_filebuf@DU?$char_traits@D@std@@@std@@MAEPAV?$basic_streambuf@DU?$char_traits@D@std@@@2@PAD_J@Z 1000ab21 f i libcpmt:cout.obj
 0001:00009b6f       ?setbuf@?$basic_streambuf@DU?$char_traits@D@std@@@std@@MAEPAV12@PAD_J@Z 1000ab6f f i libcpmt:cout.obj
 0001:00009b74       ?showmanyc@?$basic_streambuf@DU?$char_traits@D@std@@@std@@MAE_JXZ 1000ab74 f i libcpmt:cout.obj
 0001:00009b79       ?sync@?$basic_filebuf@DU?$char_traits@D@std@@@std@@MAEHXZ 1000ab79 f i libcpmt:cout.obj
 0001:00009bb2       ?sync@?$basic_streambuf@DU?$char_traits@D@std@@@std@@MAEHXZ 1000abb2 f i libcpmt:cout.obj
 0001:00009bb5       ?uflow@?$basic_filebuf@DU?$char_traits@D@std@@@std@@MAEHXZ 1000abb5 f i libcpmt:cout.obj
 0001:00009d33       ?uflow@?$basic_streambuf@DU?$char_traits@D@std@@@std@@MAEHXZ 1000ad33 f i libcpmt:cout.obj
 0001:00009d66       ?underflow@?$basic_filebuf@DU?$char_traits@D@std@@@std@@MAEHXZ 1000ad66 f i libcpmt:cout.obj
 0001:00009db6       ?underflow@?$basic_streambuf@DU?$char_traits@D@std@@@std@@MAEHXZ 1000adb6 f i libcpmt:cout.obj
 0001:00009dba       ?widen@?$basic_ios@DU?$char_traits@D@std@@@std@@QBEDD@Z 1000adba f i libcpmt:cout.obj
 0001:00009e09       ?xsgetn@?$basic_filebuf@DU?$char_traits@D@std@@@std@@MAE_JPAD_J@Z 1000ae09 f i libcpmt:cout.obj
 0001:00009ef0       ?xsgetn@?$basic_streambuf@DU?$char_traits@D@std@@@std@@MAE_JPAD_J@Z 1000aef0 f i libcpmt:cout.obj
 0001:00009fcc       ?xsputn@?$basic_filebuf@DU?$char_traits@D@std@@@std@@MAE_JPBD_J@Z 1000afcc f i libcpmt:cout.obj
 0001:0000a0a0       ?xsputn@?$basic_streambuf@DU?$char_traits@D@std@@@std@@MAE_JPBD_J@Z 1000b0a0 f i libcpmt:cout.obj
 0001:0000a178       ??0_Locimp@locale@std@@AAE@_N@Z 1000b178 f i libcpmt:locale0.obj
 0001:0000a1b9       ??1_Fac_node@std@@QAE@XZ   1000b1b9 f i libcpmt:locale0.obj
 0001:0000a218       ??1_Fac_tidy_reg_t@std@@QAE@XZ 1000b218 f i libcpmt:locale0.obj
 0001:0000a23f       ??1_Locimp@locale@std@@MAE@XZ 1000b23f f i libcpmt:locale0.obj
 0001:0000a298       ??4?$_Yarn@D@std@@QAEAAV01@PBD@Z 1000b298 f i libcpmt:locale0.obj
 0001:0000a2ec       ??_E_Locimp@locale@std@@MAEPAXI@Z 1000b2ec f i libcpmt:locale0.obj
 0001:0000a2ec       ??_G_Locimp@locale@std@@MAEPAXI@Z 1000b2ec f i libcpmt:locale0.obj
 0001:0000a30e       ?_Facet_Register@std@@YAXPAV_Facet_base@1@@Z 1000b30e f   libcpmt:locale0.obj
 0001:0000a33a       ?_Getgloballocale@locale@std@@CAPAV_Locimp@12@XZ 1000b33a f   libcpmt:locale0.obj
 0001:0000a340       ?_Init@locale@std@@CAPAV_Locimp@12@_N@Z 1000b340 f   libcpmt:locale0.obj
 0001:0000a3d0       ?_Locimp_dtor@_Locimp@locale@std@@CAXPAV123@@Z 1000b3d0 f   libcpmt:locale0.obj
 0001:0000a447       ?_Locinfo_ctor@_Locinfo@std@@SAXPAV12@PBD@Z 1000b447 f   libcpmt:locale0.obj
 0001:0000a492       ?_Locinfo_dtor@_Locinfo@std@@SAXPAV12@@Z 1000b492 f   libcpmt:locale0.obj
 0001:0000a4ac       ?_New_Locimp@_Locimp@locale@std@@CAPAV123@_N@Z 1000b4ac f   libcpmt:locale0.obj
 0001:0000a4cf       ?_Setgloballocale@locale@std@@CAXPAX@Z 1000b4cf f   libcpmt:locale0.obj
 0001:0000a4f7       __Deletegloballocale       1000b4f7 f   libcpmt:locale0.obj
 0001:0000a55c       ??0bad_alloc@std@@QAE@ABV01@@Z 1000b55c f i libcpmt:xthrow.obj
 0001:0000a577       ??0bad_alloc@std@@QAE@XZ   1000b577 f i libcpmt:xthrow.obj
 0001:0000a58f       ??0length_error@std@@QAE@ABV01@@Z 1000b58f f i libcpmt:xthrow.obj
 0001:0000a5aa       ??0length_error@std@@QAE@PBD@Z 1000b5aa f i libcpmt:xthrow.obj
 0001:0000a5c9       ??0logic_error@std@@QAE@ABV01@@Z 1000b5c9 f i libcpmt:xthrow.obj
 0001:0000a5e4       ??0out_of_range@std@@QAE@ABV01@@Z 1000b5e4 f i libcpmt:xthrow.obj
 0001:0000a5ff       ??0out_of_range@std@@QAE@PBD@Z 1000b5ff f i libcpmt:xthrow.obj
 0001:0000a61e       ?_Xlength_error@std@@YAXPBD@Z 1000b61e f   libcpmt:xthrow.obj
 0001:0000a63e       ?_Xout_of_range@std@@YAXPBD@Z 1000b63e f   libcpmt:xthrow.obj
 0001:0000a65e       ?_Syserror_map@std@@YAPBDH@Z 1000b65e f   libcpmt:syserror.obj
 0001:0000a683       __Getctype                 1000b683 f   libcpmt:_tolower.obj
 0001:0000a6eb       __Tolower                  1000b6eb f   libcpmt:_tolower.obj
 0001:0000a7e9       __Toupper                  1000b7e9 f   libcpmt:_toupper.obj
 0001:0000a8e7       __Mtxdst                   1000b8e7 f   libcpmt:xmtx.obj
 0001:0000a8f5       __Mtxinit                  1000b8f5 f   libcpmt:xmtx.obj
 0001:0000a90c       __Mtxlock                  1000b90c f   libcpmt:xmtx.obj
 0001:0000a91a       __Mtxunlock                1000b91a f   libcpmt:xmtx.obj
 0001:0000acd2       ___crtInitOnceExecuteOnce  1000bcd2 f   libcpmt:winapisupp.obj
 0001:0000ad60       ___crtInitializeCriticalSectionEx 1000bd60 f   libcpmt:winapisupp.obj
 0001:0000ad99       ?_Addstd@ios_base@std@@SAXPAV12@@Z 1000bd99 f   libcpmt:ios.obj
 0001:0000ade5       ?_Callfns@ios_base@std@@AAEXW4event@12@@Z 1000bde5 f i libcpmt:ios.obj
 0001:0000ae18       ?_Ios_base_dtor@ios_base@std@@CAXPAV12@@Z 1000be18 f   libcpmt:ios.obj
 0001:0000ae58       ?_Tidy@ios_base@std@@AAEXXZ 1000be58 f i libcpmt:ios.obj
 0001:0000aea0       ??1_Init_atexit@@QAE@XZ    1000bea0 f i libcpmt:iosptrs.obj
 0001:0000af03       ?_Atexit@@YAXP6AXXZ@Z      1000bf03 f   libcpmt:iosptrs.obj
 0001:0000af31       ___crtLCMapStringA         1000bf31 f   libcpmt:StlLCMapStringA.obj
 0001:0000b106       __freea_crt                1000c106 f i libcpmt:StlLCMapStringA.obj
 0001:0000b124       _GetTableIndexFromLocaleName 1000c124 f   libcpmt:winapinls.obj
 0001:0000b172       ___crtDownlevelLocaleNameToLCID 1000c172 f   libcpmt:winapinls.obj
 0001:0000b19c       ___crtLCMapStringEx        1000c19c f   libcpmt:winapinls.obj
 0001:0000b1f3       ___wcsnicmp_ascii          1000c1f3 f   libcpmt:winapinls.obj
 0001:0000b25b       @__security_check_cookie@4 1000c25b f   LIBCMT:_secchk_.obj
 0001:0000b26c       ??_V@YAXPAX@Z              1000c26c f   LIBCMT:delete_array.obj
 0001:0000b271       ??2@YAPAXI@Z               1000c271 f   LIBCMT:new_scalar.obj
 0001:0000b2a1       ??3@YAXPAXI@Z              1000c2a1 f   LIBCMT:delete_scalar_size.obj
 0001:0000b2af       ??_U@YAPAXI@Z              1000c2af f   LIBCMT:new_array.obj
 0001:0000b5d8       __DllMainCRTStartup@12     1000c5d8 f   LIBCMT:dll_dllmain.obj
 0001:0000b5fb       ??$__crt_fast_encode_pointer@PAP6AXXZ@@YAPAP6AXXZQAP6AXXZ@Z 1000c5fb f i LIBCMT:utility.obj
 0001:0000b5fb       ??$__crt_fast_encode_pointer@PAX@@YAPAXQAX@Z 1000c5fb f i libvcruntime:winapi_downlevel.obj
 0001:0000b65c       ___scrt_acquire_startup_lock 1000c65c f   LIBCMT:utility.obj
 0001:0000b68e       ___scrt_dllmain_after_initialize_c 1000c68e f   LIBCMT:utility.obj
 0001:0000b6b9       ___scrt_dllmain_before_initialize_c 1000c6b9 f   LIBCMT:utility.obj
 0001:0000b6c7       ___scrt_dllmain_crt_thread_attach 1000c6c7 f   LIBCMT:utility.obj
 0001:0000b6e6       ___scrt_dllmain_crt_thread_detach 1000c6e6 f   LIBCMT:utility.obj
 0001:0000b6f3       ___scrt_dllmain_exception_filter 1000c6f3 f   LIBCMT:utility.obj
 0001:0000b727       ___scrt_dllmain_uninitialize_c 1000c727 f   LIBCMT:utility.obj
 0001:0000b74a       ___scrt_dllmain_uninitialize_critical 1000c74a f   LIBCMT:utility.obj
 0001:0000b757       ___scrt_initialize_crt     1000c757 f   LIBCMT:utility.obj
 0001:0000b790       ___scrt_initialize_onexit_tables 1000c790 f   LIBCMT:utility.obj
 0001:0000b835       ___scrt_is_nonwritable_in_current_image 1000c835 f   LIBCMT:utility.obj
 0001:0000b8c9       ___scrt_release_startup_lock 1000c8c9 f   LIBCMT:utility.obj
 0001:0000b8e6       ___scrt_uninitialize_crt   1000c8e6 f   LIBCMT:utility.obj
 0001:0000b90e       __onexit                   1000c90e f   LIBCMT:utility.obj
 0001:0000b949       _atexit                    1000c949 f   LIBCMT:utility.obj
 0001:0000b95e       __EH_epilog3               1000c95e f   LIBCMT:ehprolg3.obj
 0001:0000b973       __EH_epilog3_GS            1000c973 f   LIBCMT:ehprolg3.obj
 0001:0000b984       __EH_prolog3               1000c984 f   LIBCMT:ehprolg3.obj
 0001:0000b9b8       __EH_prolog3_GS            1000c9b8 f   LIBCMT:ehprolg3.obj
 0001:0000b9ef       __EH_prolog3_catch         1000c9ef f   LIBCMT:ehprolg3.obj
 0001:0000ba26       ??_Etype_info@@UAEPAXI@Z   1000ca26 f i LIBCMT:std_type_info_static.obj
 0001:0000ba26       ??_Gtype_info@@UAEPAXI@Z   1000ca26 f i LIBCMT:std_type_info_static.obj
 0001:0000ba50       __alloca_probe_16          1000ca50 f   LIBCMT:alloca16.obj
 0001:0000ba66       __alloca_probe_8           1000ca66     LIBCMT:alloca16.obj
 0001:0000ba80       __allmul                   1000ca80 f   LIBCMT:llmul.obj
 0001:0000bac0       __aulldiv                  1000cac0 f   LIBCMT:ulldiv.obj
 0001:0000bb28       ___raise_securityfailure   1000cb28 f   LIBCMT:gs_report.obj
 0001:0000bb50       ___report_gsfailure        1000cb50 f   LIBCMT:gs_report.obj
 0001:0000bc49       ___report_rangecheckfailure 1000cc49 f   LIBCMT:gs_report.obj
 0001:0000bc55       ___report_securityfailure  1000cc55 f   LIBCMT:gs_report.obj
 0001:0000bd23       ??3@YAXPAX@Z               1000cd23 f   LIBCMT:delete_scalar.obj
 0001:0000bd28       ??0bad_array_new_length@std@@QAE@ABV01@@Z 1000cd28 f i LIBCMT:throw_bad_alloc.obj
 0001:0000bd43       ??0bad_array_new_length@std@@QAE@XZ 1000cd43 f i LIBCMT:throw_bad_alloc.obj
 0001:0000bd5b       ?__scrt_throw_std_bad_alloc@@YAXXZ 1000cd5b f   LIBCMT:throw_bad_alloc.obj
 0001:0000bd78       ?__scrt_throw_std_bad_array_new_length@@YAXXZ 1000cd78 f   LIBCMT:throw_bad_alloc.obj
 0001:0000bde2       ___security_init_cookie    1000cde2 f   LIBCMT:gs_support.obj
 0001:0000be2d       _DllMain@12                1000ce2d f   LIBCMT:dll_dllmain_stub.obj
 0001:0000be33       ?__scrt_initialize_type_info@@YAXXZ 1000ce33 f   LIBCMT:tncleanup.obj
 0001:0000be3f       ?__scrt_uninitialize_type_info@@YAXXZ 1000ce3f f   LIBCMT:tncleanup.obj
 0001:0000be4b       ___local_stdio_scanf_options 1000ce4b f i LIBCMT:default_local_stdio_options.obj
 0001:0000be51       ___scrt_initialize_default_local_stdio_options 1000ce51 f   LIBCMT:default_local_stdio_options.obj
 0001:0000be6e       ___scrt_get_dyn_tls_init_callback 1000ce6e f   LIBCMT:dyn_tls_init.obj
 0001:0000be74       ___scrt_fastfail           1000ce74 f   LIBCMT:utility_desktop.obj
 0001:0000bf8e       __crt_debugger_hook        1000cf8e f   LIBCMT:utility_desktop.obj
 0001:0000bf96       __RTC_Initialize           1000cf96 f   LIBCMT:_initsect_.obj
 0001:0000bfc2       __RTC_Terminate            1000cfc2 f   LIBCMT:_initsect_.obj
 0001:0000bff0       __SEH_prolog4              1000cff0 f   LIBCMT:_sehprolg4_.obj
 0001:0000c036       __SEH_epilog4              1000d036 f   LIBCMT:_sehprolg4_.obj
 0001:0000c04b       ___isa_available_init      1000d04b f   LIBCMT:_cpu_disp_.obj
 0001:0000c1e2       ___scrt_is_ucrt_dll_in_use 1000d1e2 f   LIBCMT:ucrt_detection.obj
 0001:0000c1f0       __chkstk                   1000d1f0 f   LIBCMT:chkstk.obj
 0001:0000c1f0       __alloca_probe             1000d1f0 f   LIBCMT:chkstk.obj
 0001:0000c21d       __get_purecall_handler     1000d21d f   libvcruntime:purevirt.obj
 0001:0000c232       __purecall                 1000d232 f   libvcruntime:purevirt.obj
 0001:0000c24e       ___std_exception_copy      1000d24e f   libvcruntime:std_exception.obj
 0001:0000c2b1       ___std_exception_destroy   1000d2b1 f   libvcruntime:std_exception.obj
 0001:0000c2d0       __CxxThrowException@8      1000d2d0 f   libvcruntime:throw.obj
 0001:0000c33d       ?GetRangeOfTrysToCheck@__FrameHandler3@@SA?AU?$pair@Viterator@TryBlockMap@__FrameHandler3@@V123@@std@@AAVTryBlockMap@1@HH@Z 1000d33d f   libvcruntime:trnsctrl.obj
 0001:0000c3bf       ?_CallCatchBlock2@@YAPAXPAUEHRegistrationNode@@PBU_s_FuncInfo@@PAXHK@Z 1000d3bf f   libvcruntime:trnsctrl.obj
 0001:0000c41d       ?_CallSETranslator@@YAHPAUEHExceptionRecord@@PAUEHRegistrationNode@@PAX2PBU_s_FuncInfo@@H1@Z 1000d41d f   libvcruntime:trnsctrl.obj
 0001:0000c4f8       ?_JumpToContinuation@@YGXPAXPAUEHRegistrationNode@@@Z 1000d4f8 f   libvcruntime:trnsctrl.obj
 0001:0000c528       ?_UnwindNestedFrames@@YGXPAUEHRegistrationNode@@PAUEHExceptionRecord@@@Z 1000d528 f   libvcruntime:trnsctrl.obj
 0001:0000c57b       __CatchGuardHandler        1000d57b f   libvcruntime:trnsctrl.obj
 0001:0000c5ac       __CreateFrameInfo          1000d5ac f   libvcruntime:trnsctrl.obj
 0001:0000c5d0       __FindAndUnlinkFrame       1000d5d0 f   libvcruntime:trnsctrl.obj
 0001:0000c615       __TranslatorGuardHandler   1000d615 f   libvcruntime:trnsctrl.obj
 0001:0000c6b2       ___CxxFrameHandler3        1000d6b2 f   libvcruntime:trnsctrl.obj
 0001:0000c6f0       _memcpy                    1000d6f0 f   libvcruntime:memcpy.obj
 0001:0000cc70       _memmove                   1000dc70 f   libvcruntime:memmove.obj
 0001:0000d1f0       _memset                    1000e1f0 f   libvcruntime:memset.obj
 0001:0000d34a       ___DestructExceptionObject 1000e34a f   libvcruntime:ehhelpers.obj
 0001:0000d3ea       ?_CallMemberFunction0@@YGXQAX0@Z 1000e3ea f i libvcruntime:ehhelpers.obj
 0001:0000d3f7       __IsExceptionObjectToBeDestroyed 1000e3f7 f   libvcruntime:ehhelpers.obj
 0001:0000d41d       ___AdjustPointer           1000e41d f   libvcruntime:ehhelpers.obj
 0001:0000d442       ___FrameUnwindFilter       1000e442 f   libvcruntime:ehhelpers.obj
 0001:0000d487       ___std_terminate           1000e487 f   libvcruntime:ehhelpers.obj
 0001:0000d490       _memchr                    1000e490 f   libvcruntime:memchr.obj
 0001:0000d53d       _memcmp                    1000e53d f   libvcruntime:_memcmp_.obj
 0001:0000e530       __except_handler4          1000f530 f   libvcruntime:_chandler4_.obj
 0001:0000e687       ___vcrt_initialize         1000f687 f   libvcruntime:initialization.obj
 0001:0000e6b0       ___vcrt_thread_attach      1000f6b0 f   libvcruntime:initialization.obj
 0001:0000e6bb       ___vcrt_thread_detach      1000f6bb f   libvcruntime:initialization.obj
 0001:0000e6c6       ___vcrt_uninitialize       1000f6c6 f   libvcruntime:initialization.obj
 0001:0000e6e5       ___vcrt_uninitialize_critical 1000f6e5 f   libvcruntime:initialization.obj
 0001:0000e6ed       ___std_type_info_compare   1000f6ed f   libvcruntime:std_type_info.obj
 0001:0000e729       ___std_type_info_destroy_list 1000f729 f   libvcruntime:std_type_info.obj
 0001:0000e74c       ___vcrt_initialize_pure_virtual_call_handler 1000f74c f   libvcruntime:purevirt_data.obj
 0001:0000e757       ___vcrt_freefls@4          1000f757 f   libvcruntime:per_thread_data.obj
 0001:0000e773       ___vcrt_freeptd            1000f773 f   libvcruntime:per_thread_data.obj
 0001:0000e7a9       ___vcrt_getptd             1000f7a9 f   libvcruntime:per_thread_data.obj
 0001:0000e7b7       ___vcrt_getptd_noexit      1000f7b7 f   libvcruntime:per_thread_data.obj
 0001:0000e849       ___vcrt_initialize_ptd     1000f849 f   libvcruntime:per_thread_data.obj
 0001:0000e87c       ___vcrt_uninitialize_ptd   1000f87c f   libvcruntime:per_thread_data.obj
 0001:0000ef8e       ??$TypeMatchHelper@$$CBU_s_HandlerType@@@@YAHPBU_s_HandlerType@@PBU_s_CatchableType@@PBU_s_ThrowInfo@@@Z 1000ff8e f i libvcruntime:frame.obj
 0001:0000f01c       ??$__InternalCxxFrameHandler@V__FrameHandler3@@@@YA?AW4_EXCEPTION_DISPOSITION@@PAUEHExceptionRecord@@PAUEHRegistrationNode@@PAU_CONTEXT@@PAXPBU_s_FuncInfo@@H1E@Z 1001001c f i libvcruntime:frame.obj
 0001:0000f11e       ??0bad_exception@std@@QAE@ABV01@@Z 1001011e f i libvcruntime:frame.obj
 0001:0000f139       ??0bad_exception@std@@QAE@XZ 10010139 f i libvcruntime:frame.obj
 0001:0000f151       ??8type_info@@QBE_NABV0@@Z 10010151 f i libvcruntime:frame.obj
 0001:0000f3b8       ?FrameUnwindToEmptyState@__FrameHandler3@@SAXPAUEHRegistrationNode@@PAXPBU_s_FuncInfo@@@Z 100103b8 f   libvcruntime:frame.obj
 0001:0000f3d0       ?FrameUnwindToState@__FrameHandler3@@SAXPAUEHRegistrationNode@@PAXPBU_s_FuncInfo@@H@Z 100103d0 f   libvcruntime:frame.obj
 0001:0000f552       ?_CallMemberFunction1@@YGXQAX00@Z 10010552 f i libvcruntime:frame.obj
 0001:0000f562       ?_CallMemberFunction2@@YGXQAX00H@Z 10010562 f i libvcruntime:frame.obj
 0001:0000f575       ?getESTypes@__FrameHandler3@@SAPBU_s_ESTypeList@@PBU_s_FuncInfo@@@Z 10010575 f i libvcruntime:frame.obj
 0001:0000f580       __CallSettingFrame@12      10010580 f   libvcruntime:lowhelpr.obj
 0001:0000f5a7       __NLG_Return               100105a7     libvcruntime:lowhelpr.obj
 0001:0000f5cc       ___except_validate_context_record 100105cc f   libvcruntime:jbcxrval.obj
 0001:0000f5fc       ___except_validate_jump_buffer 100105fc f   libvcruntime:jbcxrval.obj
 0001:0000f630       __local_unwind4            10010630 f   libvcruntime:_exsup4_.obj
 0001:0000f708       __seh_longjmp_unwind4@4    10010708 f   libvcruntime:_exsup4_.obj
 0001:0000f730       @_EH4_CallFilterFunc@8     10010730 f   libvcruntime:_exsup4_.obj
 0001:0000f748       @_EH4_TransferToHandler@8  10010748 f   libvcruntime:_exsup4_.obj
 0001:0000f764       @_EH4_GlobalUnwind2@8      10010764 f   libvcruntime:_exsup4_.obj
 0001:0000f780       @_EH4_LocalUnwind@16       10010780 f   libvcruntime:_exsup4_.obj
 0001:0000f797       ___vcrt_initialize_locks   10010797 f   libvcruntime:locks.obj
 0001:0000f7d3       ___vcrt_uninitialize_locks 100107d3 f   libvcruntime:locks.obj
 0001:0000f935       ___vcrt_FlsAlloc           10010935 f   libvcruntime:winapi_downlevel.obj
 0001:0000f970       ___vcrt_FlsFree            10010970 f   libvcruntime:winapi_downlevel.obj
 0001:0000f9ab       ___vcrt_FlsGetValue        100109ab f   libvcruntime:winapi_downlevel.obj
 0001:0000f9e6       ___vcrt_FlsSetValue        100109e6 f   libvcruntime:winapi_downlevel.obj
 0001:0000fa24       ___vcrt_InitializeCriticalSectionEx 10010a24 f   libvcruntime:winapi_downlevel.obj
 0001:0000fa6b       ___vcrt_initialize_winapi_thunks 10010a6b f   libvcruntime:winapi_downlevel.obj
 0001:0000fa94       ___vcrt_uninitialize_winapi_thunks 10010a94 f   libvcruntime:winapi_downlevel.obj
 0001:0000fac6       _unexpected                10010ac6 f   libvcruntime:unexpected.obj
 0001:0000fae3       ?GetCurrentState@__FrameHandler3@@SAHPAUEHRegistrationNode@@PAXPBU_s_FuncInfo@@@Z 10010ae3 f   libvcruntime:ehstate.obj
 0001:0000fb00       ?SetState@__FrameHandler3@@SAXPAUEHRegistrationNode@@PBU_s_FuncInfo@@H@Z 10010b00 f   libvcruntime:ehstate.obj
 0001:0000fb10       __global_unwind2           10010b10 f   libvcruntime:_exsup_.obj
 0001:0000fb76       __local_unwind2            10010b76 f   libvcruntime:_exsup_.obj
 0001:0000fbfa       __abnormal_termination     10010bfa f   libvcruntime:_exsup_.obj
 0001:0000fc20       __NLG_Notify1              10010c20 f   libvcruntime:_exsup_.obj
 0001:0000fc2c       __NLG_Notify               10010c2c f   libvcruntime:_exsup_.obj
 0001:0000fc43       __NLG_Dispatch             10010c43     libvcruntime:_exsup_.obj
 0001:0000fc43       __NLG_Dispatch2            10010c43     libvcruntime:_exsup_.obj
 0001:0000fc4b       __NLG_Call                 10010c4b f   libvcruntime:_exsup_.obj
 0001:0000fc4d       __NLG_Return2              10010c4d     libvcruntime:_exsup_.obj
 0001:0000fc4e       _abort                     10010c4e f   libucrt:abort.obj
 0001:0000fc92       _calloc                    10010c92 f   libucrt:calloc.obj
 0001:0000fc9d       ___acrt_call_reportfault   10010c9d f   libucrt:invalid_parameter.obj
 0001:0000fdd8       ___acrt_initialize_invalid_parameter_handler 10010dd8 f   libucrt:invalid_parameter.obj
 0001:0000fde7       __invalid_parameter        10010de7 f   libucrt:invalid_parameter.obj
 0001:0000fe62       __invalid_parameter_noinfo 10010e62 f   libucrt:invalid_parameter.obj
 0001:0000fe72       __invalid_parameter_noinfo_noreturn 10010e72 f   libucrt:invalid_parameter.obj
 0001:0000fe8f       __invoke_watson            10010e8f f   libucrt:invalid_parameter.obj
 0001:0000fed0       _strcspn                   10010ed0 f   libucrt:strcspn.obj
 0001:0000ff16       ??0_LocaleUpdate@@QAE@QAU__crt_locale_pointers@@@Z 10010f16 f i libucrt:output.obj
 0001:0000ff99       ??1_LocaleUpdate@@QAE@XZ   10010f99 f i libucrt:output.obj
 0001:0000ffa9       _free                      10010fa9 f   libucrt:free.obj
 0001:0000ffc6       ___ascii_stricmp           10010fc6 f   libucrt:stricmp.obj
 0001:00010001       __stricmp                  10011001 f   libucrt:stricmp.obj
 0001:0001004a       __stricmp_l                1001104a f   libucrt:stricmp.obj
 0001:000100e4       ___acrt_initialize_locks   100110e4 f   libucrt:locks.obj
 0001:00010125       ___acrt_lock               10011125 f   libucrt:locks.obj
 0001:0001013c       ___acrt_uninitialize_locks 1001113c f   libucrt:locks.obj
 0001:0001016d       ___acrt_unlock             1001116d f   libucrt:locks.obj
 0001:00010184       __lock_locales             10011184 f   libucrt:locks.obj
 0001:00010192       __unlock_locales           10011192 f   libucrt:locks.obj
 0001:0001019b       _terminate                 1001119b f   libucrt:terminate.obj
 0001:000101d7       ___acrt_initialize_stdio   100111d7 f   libucrt:_file.obj
 0001:0001029f       ___acrt_iob_func           1001129f f   libucrt:_file.obj
 0001:000102af       ___acrt_uninitialize_stdio 100112af f   libucrt:_file.obj
 0001:000102fb       __get_stream_buffer_pointers 100112fb f   libucrt:_file.obj
 0001:00010341       __lock_file                10011341 f   libucrt:_file.obj
 0001:00010355       __unlock_file              10011355 f   libucrt:_file.obj
 0001:00010369       __fclose_nolock            10011369 f   libucrt:fclose.obj
 0001:000103df       _fclose                    100113df f   libucrt:fclose.obj
 0001:00010675       ___acrt_stdio_flush_nolock 10011675 f   libucrt:fflush.obj
 0001:000106d8       __fflush_nolock            100116d8 f   libucrt:fflush.obj
 0001:0001071f       __flushall                 1001171f f   libucrt:fflush.obj
 0001:00010728       _fflush                    10011728 f   libucrt:fflush.obj
 0001:0001077c       __fgetc_nolock             1001177c f   libucrt:fgetc.obj
 0001:000107b8       _fgetc                     100117b8 f   libucrt:fgetc.obj
 0001:000108b5       _fgetpos                   100118b5 f   libucrt:fgetpos.obj
 0001:00010910       __fputc_nolock             10011910 f   libucrt:fputc.obj
 0001:00010939       _fputc                     10011939 f   libucrt:fputc.obj
 0001:00010a38       __fread_nolock_s           10011a38 f   libucrt:fread.obj
 0001:00010c11       _fread                     10011c11 f   libucrt:fread.obj
 0001:00010c2e       _fread_s                   10011c2e f   libucrt:fread.obj
 0001:00010d42       _fsetpos                   10011d42 f   libucrt:fsetpos.obj
 0001:00010d7d       ?LongLongSub@@YAJ_J0PA_J@Z 10011d7d f i libucrt:fseek.obj
 0001:0001103f       __fseeki64                 1001203f f   libucrt:fseek.obj
 0001:000110f0       __fwrite_nolock            100120f0 f   libucrt:fwrite.obj
 0001:0001126b       _fwrite                    1001226b f   libucrt:fwrite.obj
 0001:000113ee       _setvbuf                   100123ee f   libucrt:setvbuf.obj
 0001:00011472       __ungetc_nolock            10012472 f   libucrt:ungetc.obj
 0001:00011568       _ungetc                    10012568 f   libucrt:ungetc.obj
 0001:000115d1       _malloc                    100125d1 f   libucrt:malloc.obj
 0001:00011835       _setlocale                 10012835 f   libucrt:setlocale.obj
 0001:0001186f       ___pctype_func             1001286f f   libucrt:ctype.obj
 0001:00011895       __chvalidchk_l             10012895 f i libucrt:_ctype.obj
 0001:000118bb       __ischartype_l             100128bb f i libucrt:_ctype.obj
 0001:000118ee       __islower_l                100128ee f i libucrt:_ctype.obj
 0001:00011926       __isupper_l                10012926 f i libucrt:_ctype.obj
 0001:0001195e       _islower                   1001295e f i libucrt:_ctype.obj
 0001:0001198c       _isupper                   1001298c f i libucrt:_ctype.obj
 0001:000119ba       __wcsdup                   100129ba f   libucrt:wcsdup.obj
 0001:00011a1b       ____lc_codepage_func       10012a1b f   libucrt:initctype.obj
 0001:00011a42       ____lc_locale_name_func    10012a42 f   libucrt:initctype.obj
 0001:00011a6b       ___acrt_locale_initialize_ctype 10012a6b f   libucrt:initctype.obj
 0001:00011e9f       ___acrt_errno_from_os_error 10012e9f f   libucrt:errno.obj
 0001:00011ee2       ___acrt_errno_map_os_error 10012ee2 f   libucrt:errno.obj
 0001:00011f05       ___doserrno                10012f05 f   libucrt:errno.obj
 0001:00011f18       __errno                    10012f18 f   libucrt:errno.obj
 0001:00011f2b       ?unget@?$c_string_character_source@_W@__crt_strtox@@QAEX_W@Z 10012f2b f i libucrt:strtod.obj
 0001:00011f59       ?validate@?$c_string_character_source@_W@__crt_strtox@@QBE_NXZ 10012f59 f i libucrt:strtod.obj
 0001:00011f80       __CIpow                    10012f80 f   libucrt:pow_impl.obj
 0001:00011fbb       __CIpow_default            10012fbb f   libucrt:pow_impl.obj
 0001:00011fd4       __pow_default              10012fd4     libucrt:pow_impl.obj
 0001:000121c9       ___strncnt                 100131c9 f   libucrt:strncnt.obj
 0001:000121e5       ?_deallocate@?$__crt_win32_buffer@_WU__crt_win32_buffer_internal_dynamic_resizing@@@@AAEXXZ 100131e5 f i libucrt:strftime.obj
 0001:000121ff       ?allocate@?$__crt_win32_buffer@DU__crt_win32_buffer_no_resizing@@@@QAEHI@Z 100131ff f i libucrt:strftime.obj
 0001:00012226       ?allocate@?$__crt_win32_buffer@_WU__crt_win32_buffer_internal_dynamic_resizing@@@@QAEHI@Z 10013226 f i libucrt:strftime.obj
 0001:00012265       ?allocate@__crt_win32_buffer_internal_dynamic_resizing@@SAHQAPAXIABV__crt_win32_buffer_empty_debug_info@@@Z 10013265 f i libucrt:strftime.obj
 0001:000123ea       __tolower_l                100133ea f   libucrt:tolower_toupper.obj
 0001:00012404       _wcscpy_s                  10013404 f   libucrt:wcscpy_s.obj
 0001:00012468       _wcsnlen                   10013468 f   libucrt:strnlen.obj
 0001:00012618       ___acrt_initialize_new_handler 10013618 f   libucrt:new_handler.obj
 0001:00012627       __callnewh                 10013627 f   libucrt:new_handler.obj
 0001:0001266b       __query_new_handler        1001366b f   libucrt:new_handler.obj
 0001:000126bd       __initterm                 100136bd f   libucrt:initterm.obj
 0001:00012719       __initterm_e               10013719 f   libucrt:initterm.obj
 0001:0001275e       __seh_filter_dll           1001375e f   libucrt:exception_filter.obj
 0001:0001277e       __seh_filter_exe           1001377e f   libucrt:exception_filter.obj
 0001:00012b6c       ___acrt_initialize_thread_local_exit_callback 10013b6c f   libucrt:exit.obj
 0001:00012b7b       __cexit                    10013b7b f   libucrt:exit.obj
 0001:00012b8a       __exit                     10013b8a f   libucrt:exit.obj
 0001:00012ba0       __is_c_termination_complete 10013ba0 f   libucrt:exit.obj
 0001:00012e57       ___acrt_allocate_buffer_for_argv 10013e57 f   libucrt:argv_parsing.obj
 0001:00012ea6       __configure_narrow_argv    10013ea6 f   libucrt:argv_parsing.obj
 0001:00013005       ??$uninitialize@A6AXAAPAPA_W@Z@?$dual_state_global@PAPA_W@__crt_state_management@@QAEXA6AXAAPAPA_W@Z@Z 10014005 f i libucrt:environment_initialization.obj
 0001:00013005       ??$uninitialize@A6AXAAPAPAD@Z@?$dual_state_global@PAPAD@__crt_state_management@@QAEXA6AXAAPAPAD@Z@Z 10014005 f i libucrt:environment_initialization.obj
 0001:0001307b       ___dcrt_uninitialize_environments_nolock 1001407b f   libucrt:environment_initialization.obj
 0001:000130b2       __initialize_narrow_environment 100140b2 f   libucrt:environment_initialization.obj
 0001:00013159       ??$__crt_fast_encode_pointer@P6AHXZ@@YAP6AHXZQ6AHXZ@Z 10014159 f i libucrt:onexit.obj
 0001:00013159       ??$__crt_fast_encode_pointer@P6GHPA_WKJ@Z@@YAP6GHPA_WKJ@ZQ6GH0KJ@Z@Z 10014159 f i libucrt:winapi_thunks.obj
 0001:000133dd       __crt_atexit               100143dd f   libucrt:onexit.obj
 0001:000133f3       __execute_onexit_table     100143f3 f   libucrt:onexit.obj
 0001:00013422       __initialize_onexit_table  10014422 f   libucrt:onexit.obj
 0001:0001345f       __register_onexit_function 1001445f f   libucrt:onexit.obj
 0001:000135a0       ___acrt_initialize         100145a0 f   libucrt:initialization.obj
 0001:000135b2       ___acrt_thread_attach      100145b2 f   libucrt:initialization.obj
 0001:000135bd       ___acrt_thread_detach      100145bd f   libucrt:initialization.obj
 0001:000135c5       ___acrt_uninitialize       100145c5 f   libucrt:initialization.obj
 0001:000135f5       ___acrt_uninitialize_critical 100145f5 f   libucrt:initialization.obj
 0001:00013607       _strcpy_s                  10014607 f   libucrt:strcpy_s.obj
 0001:00013661       _wcsncmp                   10014661 f   libucrt:wcsncmp.obj
 0001:0001369b       ??$is_overflow_condition@K@__crt_strtox@@YA_NIK@Z 1001469b f i libucrt:atox.obj
 0001:000136cc       ??$parse_integer@KV?$c_string_character_source@_W@__crt_strtox@@@__crt_strtox@@YAKQAU__crt_locale_pointers@@V?$c_string_character_source@_W@0@H_N@Z 100146cc f i libucrt:atox.obj
 0001:00013d0d       __wtol                     10014d0d f   libucrt:atox.obj
 0001:00013d40       _strncmp                   10014d40 f   libucrt:strncmp.obj
 0001:00013e7c       ___acrt_get_sigabrt_handler 10014e7c f   libucrt:signal.obj
 0001:00013ea5       ___acrt_initialize_signal_handlers 10014ea5 f   libucrt:signal.obj
 0001:00013ec3       ___fpecode                 10014ec3 f   libucrt:signal.obj
 0001:00013ecc       _raise                     10014ecc f   libucrt:signal.obj
 0001:000140ce       __calloc_base              100150ce f   libucrt:calloc_base.obj
 0001:00014445       ___acrt_freeptd            10015445 f   libucrt:per_thread_data.obj
 0001:00014471       ___acrt_getptd             10015471 f   libucrt:per_thread_data.obj
 0001:00014528       ___acrt_getptd_head        10015528 f   libucrt:per_thread_data.obj
 0001:000145c2       ___acrt_getptd_noexit      100155c2 f   libucrt:per_thread_data.obj
 0001:0001466f       ___acrt_initialize_ptd     1001566f f   libucrt:per_thread_data.obj
 0001:0001469b       ___acrt_uninitialize_ptd   1001569b f   libucrt:per_thread_data.obj
 0001:000146b5       __free_base                100156b5 f   libucrt:free_base.obj
 0001:000146ef       __malloc_base              100156ef f   libucrt:malloc_base.obj
 0001:0001473d       __mbtowc_l                 1001573d f   libucrt:mbtowc.obj
 0001:00014881       _mbtowc                    10015881 f   libucrt:mbtowc.obj
 0001:0001489b       ___acrt_update_locale_info 1001589b f   libucrt:locale_update.obj
 0001:000148c8       ___acrt_update_multibyte_info 100158c8 f   libucrt:locale_update.obj
 0001:000148f5       __fileno                   100158f5 f   libucrt:fileno.obj
 0001:0001491b       ___acrt_stdio_begin_temporary_buffering_nolock 1001591b f   libucrt:_sftbuf.obj
 0001:000149d0       ___acrt_stdio_end_temporary_buffering_nolock 100159d0 f   libucrt:_sftbuf.obj
 0001:00014c55       ___acrt_copy_locale_name   10015c55 f   libucrt:wsetlocale.obj
 0001:00014cbb       ___acrt_set_locale_changed 10015cbb f   libucrt:wsetlocale.obj
 0001:00014cc6       ___acrt_uninitialize_locale 10015cc6 f   libucrt:wsetlocale.obj
 0001:00014cef       ___lc_lctowcs              10015cef f   libucrt:wsetlocale.obj
 0001:00014d5f       ___lc_wcstolc              10015d5f f   libucrt:wsetlocale.obj
 0001:00014edb       __expandlocale             10015edb f   libucrt:wsetlocale.obj
 0001:000152b8       __wcscats                  100162b8 f   libucrt:wsetlocale.obj
 0001:000152f9       __wsetlocale               100162f9 f   libucrt:wsetlocale.obj
 0001:00015d3d       ___acrt_initialize_lowio   10016d3d f   libucrt:ioinit.obj
 0001:00015d93       ___acrt_uninitialize_lowio 10016d93 f   libucrt:ioinit.obj
 0001:00015dbf       __errcode                  10016dbf f   libucrt:fpexcept.obj
 0001:00015df3       __except1                  10016df3 f   libucrt:fpexcept.obj
 0001:00015ec1       __handle_exc               10016ec1 f   libucrt:fpexcept.obj
 0001:000160ae       __raise_exc                100170ae f   libucrt:fpexcept.obj
 0001:000160d1       __raise_exc_ex             100170d1 f   libucrt:fpexcept.obj
 0001:000163c7       __set_errno_from_matherr   100173c7 f   libucrt:fpexcept.obj
 0001:000163f6       __umatherr                 100173f6 f   libucrt:fpexcept.obj
 0001:00016498       __decomp                   10017498 f   libucrt:util.obj
 0001:00016576       __set_exp                  10017576 f   libucrt:util.obj
 0001:000165a5       __sptype                   100175a5 f   libucrt:util.obj
 0001:00016603       __clrfp                    10017603 f   libucrt:fpctrl.obj
 0001:00016616       __ctrlfp                   10017616 f   libucrt:fpctrl.obj
 0001:00016642       __set_statfp               10017642 f   libucrt:fpctrl.obj
 0001:0001669d       __statfp                   1001769d f   libucrt:fpctrl.obj
 0001:000169f8       ___acrt_AppPolicyGetProcessTerminationMethodInternal@4 100179f8 f   libucrt:winapi_thunks.obj
 0001:00016a4f       ___acrt_EnumSystemLocalesEx@16 10017a4f f   libucrt:winapi_thunks.obj
 0001:00016ab9       ___acrt_FlsAlloc@4         10017ab9 f   libucrt:winapi_thunks.obj
 0001:00016b0f       ___acrt_FlsFree@4          10017b0f f   libucrt:winapi_thunks.obj
 0001:00016b65       ___acrt_FlsGetValue@4      10017b65 f   libucrt:winapi_thunks.obj
 0001:00016bbb       ___acrt_FlsSetValue@8      10017bbb f   libucrt:winapi_thunks.obj
 0001:00016c14       ___acrt_GetLocaleInfoEx@16 10017c14 f   libucrt:winapi_thunks.obj
 0001:00016c6a       ___acrt_GetUserDefaultLocaleName@8 10017c6a f   libucrt:winapi_thunks.obj
 0001:00016cbd       ___acrt_InitializeCriticalSectionEx@12 10017cbd f   libucrt:winapi_thunks.obj
 0001:00016d1f       ___acrt_IsValidLocaleName@4 10017d1f f   libucrt:winapi_thunks.obj
 0001:00016d6e       ___acrt_LCIDToLocaleName@16 10017d6e f   libucrt:winapi_thunks.obj
 0001:00016dc4       ___acrt_LCMapStringEx@36   10017dc4 f   libucrt:winapi_thunks.obj
 0001:00016e38       ___acrt_LocaleNameToLCID@8 10017e38 f   libucrt:winapi_thunks.obj
 0001:00016e80       ___acrt_can_use_vista_locale_apis 10017e80 f   libucrt:winapi_thunks.obj
 0001:00016e8b       ___acrt_eagerly_load_locale_apis 10017e8b f   libucrt:winapi_thunks.obj
 0001:00016ec2       ___acrt_initialize_winapi_thunks 10017ec2 f   libucrt:winapi_thunks.obj
 0001:00016efe       ___acrt_uninitialize_winapi_thunks 10017efe f   libucrt:winapi_thunks.obj
 0001:00016f34       __fcloseall                10017f34 f   libucrt:closeall.obj
 0001:00016fd4       ___acrt_stdio_free_buffer_nolock 10017fd4 f   libucrt:_freebuf.obj
 0001:00017094       __close                    10018094 f   libucrt:close.obj
 0001:00017123       __close_nolock             10018123 f   libucrt:close.obj
 0001:000171bf       ?__acrt_stdio_free_stream@@YAXV__crt_stdio_stream@@@Z 100181bf f   libucrt:stream.obj
 0001:00017292       __commit                   10018292 f   libucrt:commit.obj
 0001:000178bc       __write                    100188bc f   libucrt:write.obj
 0001:000179a4       __write_nolock             100189a4 f   libucrt:write.obj
 0001:00017d39       ___acrt_stdio_refill_and_read_narrow_nolock 10018d39 f   libucrt:_filbuf.obj
 0001:0001831a       __ftelli64                 1001931a f   libucrt:ftell.obj
 0001:00018325       __ftelli64_nolock          10019325 f   libucrt:ftell.obj
 0001:0001850c       ___acrt_stdio_flush_and_write_narrow_nolock 1001950c f   libucrt:_flsbuf.obj
 0001:00018a21       __read                     10019a21 f   libucrt:read.obj
 0001:00018b2b       __read_nolock              10019b2b f   libucrt:read.obj
 0001:0001905d       __lseeki64                 1001a05d f   libucrt:lseek.obj
 0001:00019078       __lseeki64_nolock          1001a078 f   libucrt:lseek.obj
 0001:00019093       ___acrt_stdio_allocate_buffer_nolock 1001a093 f   libucrt:_getbuf.obj
 0001:00019291       __mbstowcs_l               1001a291 f   libucrt:mbstowcs.obj
 0001:0001929c       __mbstowcs_s_l             1001a29c f   libucrt:mbstowcs.obj
 0001:0001937e       _mbstowcs                  1001a37e f   libucrt:mbstowcs.obj
 0001:000193a8       _mbstowcs_s                1001a3a8 f   libucrt:mbstowcs.obj
 0001:00019671       __wcstombs_l               1001a671 f   libucrt:wcstombs.obj
 0001:0001967c       __wcstombs_s_l             1001a67c f   libucrt:wcstombs.obj
 0001:00019749       __isctype_l                1001a749 f   libucrt:isctype.obj
 0001:00019902       ___acrt_GetLocaleInfoA     1001a902 f   libucrt:getlocaleinfoa.obj
 0001:00019ab4       ___acrt_GetStringTypeA     1001aab4 f   libucrt:getstringtypea.obj
 0001:00019da5       ___acrt_LCMapStringA       1001ada5 f   libucrt:lcmapstringa.obj
 0001:00019df0       __realloc_base             1001adf0 f   libucrt:realloc_base.obj
 0001:00019e59       _iswctype                  1001ae59 f   libucrt:iswctype.obj
 0001:00019ec4       __fpclass                  1001aec4 f   libucrt:ieeemisc.obj
 0001:00019f68       ___acrt_initialize_sse2    1001af68 f   libucrt:mathfcns.obj
 0001:00019f80       __CIpow_pentium4           1001af80 f   libucrt:pow_pentium4.obj
 0001:00019f99       __pow_pentium4             1001af99     libucrt:pow_pentium4.obj
 0001:0001aac0       __fFEXP                    1001bac0 f   libucrt:87tran.obj
 0001:0001ab17       __rtinfpopse               1001bb17     libucrt:87tran.obj
 0001:0001ab19       __rtinfnpopse              1001bb19     libucrt:87tran.obj
 0001:0001ab29       __fFLN                     1001bb29     libucrt:87tran.obj
 0001:0001abde       __rtinfpop                 1001bbde     libucrt:87tran.obj
 0001:0001abe0       __rtinfnpop                1001bbe0     libucrt:87tran.obj
 0001:0001abf0       __rtforexpinf              1001bbf0 f   libucrt:87tran.obj
 0001:0001abfd       __ffexpm1                  1001bbfd     libucrt:87tran.obj
 0001:0001acb0       __trandisp1                1001bcb0 f   libucrt:87disp.obj
 0001:0001ad25       __trandisp2                1001bd25 f   libucrt:87disp.obj
 0001:0001adbf       __rttospopde               1001bdbf     libucrt:87disp.obj
 0001:0001adc4       __rttospop                 1001bdc4     libucrt:87disp.obj
 0001:0001add0       __rtnospop                 1001bdd0 f   libucrt:87disp.obj
 0001:0001ade0       __rttosnpop                1001bde0 f   libucrt:87disp.obj
 0001:0001ade1       __rtnospopde               1001bde1     libucrt:87disp.obj
 0001:0001ade8       __rtzeropop                1001bde8     libucrt:87disp.obj
 0001:0001adea       __rtzeronpop               1001bdea     libucrt:87disp.obj
 0001:0001adf0       __rtzerospop               1001bdf0 f   libucrt:87disp.obj
 0001:0001adfd       __rtonepop                 1001bdfd     libucrt:87disp.obj
 0001:0001ae00       __rtonenpop                1001be00 f   libucrt:87disp.obj
 0001:0001ae10       __tosnan1                  1001be10 f   libucrt:87disp.obj
 0001:0001ae40       __nosnan2                  1001be40 f   libucrt:87disp.obj
 0001:0001ae50       __tosnan2                  1001be50 f   libucrt:87disp.obj
 0001:0001ae80       __nan2                     1001be80 f   libucrt:87disp.obj
 0001:0001aec0       __rtindfpop                1001bec0 f   libucrt:87disp.obj
 0001:0001aec2       __rtindfnpop               1001bec2     libucrt:87disp.obj
 0001:0001aed3       __rttosnpopde              1001bed3     libucrt:87disp.obj
 0001:0001aee0       __rtatan2inf               1001bee0 f   libucrt:87disp.obj
 0001:0001aefd       __rtchsifneg               1001befd     libucrt:87disp.obj
 0001:0001af10       __startTwoArgErrorHandling 1001bf10 f   libucrt:genexcep.obj
 0001:0001af27       __startOneArgErrorHandling 1001bf27 f   libucrt:genexcep.obj
 0001:0001af70       __twoToTOS                 1001bf70 f   libucrt:common.obj
 0001:0001af85       __load_CW                  1001bf85 f   libucrt:common.obj
 0001:0001af9c       __convertTOStoQNaN         1001bf9c f   libucrt:common.obj
 0001:0001afb5       __fload_withFB             1001bfb5 f   libucrt:common.obj
 0001:0001aff8       __checkTOS_withFB          1001bff8 f   libucrt:common.obj
 0001:0001b00e       __fast_exit                1001c00e f   libucrt:common.obj
 0001:0001b01b       __math_exit                1001c01b f   libucrt:common.obj
 0001:0001b045       __check_overflow_exit      1001c045 f   libucrt:common.obj
 0001:0001b059       __check_range_exit         1001c059 f   libucrt:common.obj
 0001:0001b0fc       __d_inttype                1001c0fc f   libucrt:powhlp.obj
 0001:0001b166       __powhlp                   1001c166 f   libucrt:powhlp.obj
 0001:0001b291       ___acrt_MultiByteToWideChar 1001c291 f   libucrt:multibytetowidechar.obj
 0001:0001b30d       ___acrt_WideCharToMultiByte 1001c30d f   libucrt:widechartomultibyte.obj
 0001:0001b3ba       __wcsicmp                  1001c3ba f   libucrt:wcsicmp.obj
 0001:0001b448       __wcsicmp_l                1001c448 f   libucrt:wcsicmp.obj
 0001:0001b525       ___acrt_initialize_timeset 1001c525 f   libucrt:timeset.obj
 0001:0001b550       __isleadbyte_l             1001c550 f i libucrt:_wctype.obj
 0001:0001b589       ___acrt_get_process_end_policy 1001c589 f   libucrt:win_policies.obj
 0001:0001ba7f       ___acrt_expand_narrow_argv_wildcards 1001ca7f f   libucrt:argv_wildcards.obj
 0001:0001ba8a       ___acrt_GetModuleFileNameA 1001ca8a f   libucrt:getmodulefilenamea.obj
 0001:0001c035       ___acrt_initialize_multibyte 1001d035 f   libucrt:mbctype.obj
 0001:0001c07d       ___acrt_update_thread_multibyte_data 1001d07d f   libucrt:mbctype.obj
 0001:0001c090       __setmbcp_nolock           1001d090 f   libucrt:mbctype.obj
 0001:0001c2e4       __ismbblead                1001d2e4 f   libucrt:ismbbyte.obj
 0001:0001c2fc       ___acrt_initialize_command_line 1001d2fc f   libucrt:argv_data.obj
 0001:0001c34c       ___dcrt_get_narrow_environment_from_os 1001d34c f   libucrt:get_environment_from_os.obj
 0001:0001c3d2       __recalloc                 1001d3d2 f   libucrt:recalloc.obj
 0001:0001c3dd       __recalloc_base            1001d3dd f   libucrt:recalloc.obj
 0001:0001c44a       ___acrt_initialize_heap    1001d44a f   libucrt:heap_handle.obj
 0001:0001c45b       ___acrt_uninitialize_heap  1001d45b f   libucrt:heap_handle.obj
 0001:0001c465       ___acrt_execute_initializers 1001d465 f   libucrt:shared_initialization.obj
 0001:0001c4e8       ___acrt_execute_uninitializers 1001d4e8 f   libucrt:shared_initialization.obj
 0001:0001c530       ___acrt_has_user_matherr   1001d530 f   libucrt:matherr.obj
 0001:0001c548       ___acrt_initialize_user_matherr 1001d548 f   libucrt:matherr.obj
 0001:0001c557       ___acrt_invoke_user_matherr 1001d557 f   libucrt:matherr.obj
 0001:0001c5a0       __query_new_mode           1001d5a0 f   libucrt:new_mode.obj
 0001:0001c5a6       ___acrt_add_locale_ref     1001d5a6 f   libucrt:locale_refcounting.obj
 0001:0001c623       ___acrt_free_locale        1001d623 f   libucrt:locale_refcounting.obj
 0001:0001c76d       ___acrt_locale_add_lc_time_reference 1001d76d f   libucrt:locale_refcounting.obj
 0001:0001c796       ___acrt_locale_free_lc_time_if_unreferenced 1001d796 f   libucrt:locale_refcounting.obj
 0001:0001c7c6       ___acrt_locale_release_lc_time_reference 1001d7c6 f   libucrt:locale_refcounting.obj
 0001:0001c7ef       ___acrt_release_locale_ref 1001d7ef f   libucrt:locale_refcounting.obj
 0001:0001c870       ___acrt_update_thread_locale_data 1001d870 f   libucrt:locale_refcounting.obj
 0001:0001c8e7       __updatetlocinfoEx_nolock  1001d8e7 f   libucrt:locale_refcounting.obj
 0001:0001c963       ?__mbrtowc_utf8@__crt_mbstring@@YAIPA_WPBDIPAU_Mbstatet@@@Z 1001d963 f   libucrt:mbrtowc.obj
 0001:0001c9a5       ?__mbsrtowcs_utf8@__crt_mbstring@@YAIPA_WPAPBDIPAU_Mbstatet@@@Z 1001d9a5 f   libucrt:mbrtowc.obj
 0001:0001caa2       __isatty                   1001daa2 f   libucrt:isatty.obj
 0001:0001caf8       ___acrt_locale_free_monetary 1001daf8 f   libucrt:initmon.obj
 0001:0001cbf6       ___acrt_locale_initialize_monetary 1001dbf6 f   libucrt:initmon.obj
 0001:0001cfaf       ___acrt_locale_free_numeric 1001dfaf f   libucrt:initnum.obj
 0001:0001d018       ___acrt_locale_initialize_numeric 1001e018 f   libucrt:initnum.obj
 0001:0001d4df       ___acrt_locale_free_time   1001e4df f   libucrt:inittime.obj
 0001:0001d5c3       ___acrt_locale_initialize_time 1001e5c3 f   libucrt:inittime.obj
 0001:0001d63e       _wcscat_s                  1001e63e f   libucrt:wcscat_s.obj
 0001:0001d77f       _wcsncpy_s                 1001e77f f   libucrt:wcsncpy_s.obj
 0001:0001d78a       _wcscspn                   1001e78a f   libucrt:wcscspn.obj
 0001:0001d7e5       _wcspbrk                   1001e7e5 f   libucrt:wcspbrk.obj
 0001:0001df49       ___acrt_get_qualified_locale 1001ef49 f   libucrt:get_qualified_locale.obj
 0001:0001e8bb       ___acrt_get_qualified_locale_downlevel 1001f8bb f   libucrt:getqloc_downlevel.obj
 0001:0001eab2       ___acrt_lowio_create_handle_array 1001fab2 f   libucrt:osfinfo.obj
 0001:0001eb2c       ___acrt_lowio_destroy_handle_array 1001fb2c f   libucrt:osfinfo.obj
 0001:0001eb61       ___acrt_lowio_ensure_fh_exists 1001fb61 f   libucrt:osfinfo.obj
 0001:0001ebf5       ___acrt_lowio_lock_fh      1001fbf5 f   libucrt:osfinfo.obj
 0001:0001ec18       ___acrt_lowio_unlock_fh    1001fc18 f   libucrt:osfinfo.obj
 0001:0001ec3b       __free_osfhnd              1001fc3b f   libucrt:osfinfo.obj
 0001:0001eccc       __get_osfhandle            1001fccc f   libucrt:osfinfo.obj
 0001:0001edea       ___acrt_DownlevelLCIDToLocaleName 1001fdea f   libucrt:lcidtoname_downlevel.obj
 0001:0001ee94       ___acrt_DownlevelLocaleNameToLCID 1001fe94 f   libucrt:lcidtoname_downlevel.obj
 0001:0001eec0       __putwch_nolock            1001fec0 f   libucrt:putwch.obj
 0001:0001eef4       ?__wcsrtombs_utf8@__crt_mbstring@@YAIPADPAPB_WIPAU_Mbstatet@@@Z 1001fef4 f   libucrt:wcrtomb.obj
 0001:0001f0a4       _strncpy_s                 100200a4 f   libucrt:strncpy_s.obj
 0001:0001f0af       ___acrt_GetStringTypeW     100200af f   libucrt:getstringtypew.obj
 0001:0001f0c8       ___libm_error_support      100200c8 f   libucrt:libm_error.obj
 0001:0001f2e0       __87except                 100202e0 f   libucrt:87except.obj
 0001:0001f3ea       __frnd                     100203ea f   libucrt:frnd.obj
 0001:0001f400       __towlower_l               10020400 f   libucrt:towlower.obj
 0001:0001f510       _qsort                     10020510 f   libucrt:qsort.obj
 0001:0001f960       _strpbrk                   10020960 f   libucrt:strpbrk.obj
 0001:0001f9a0       ??$__acrt_convert_wcs_mbs@D_W$$A6AIPA_WPBDIPAU__crt_locale_pointers@@@ZU__crt_win32_buffer_internal_dynamic_resizing@@@@YAHQBDAAV?$__crt_win32_buffer@_WU__crt_win32_buffer_internal_dynamic_resizing@@@@A6AIPA_WPBDIPAU__crt_locale_pointers@@@Z4@Z 100209a0 f i libucrt:findfirstfileexa.obj
 0001:0001fa41       ??$__acrt_mbs_to_wcs@U__crt_win32_buffer_internal_dynamic_resizing@@@@YAHQBDAAV?$__crt_win32_buffer@_WU__crt_win32_buffer_internal_dynamic_resizing@@@@PAU__crt_locale_pointers@@@Z 10020a41 f i libucrt:findfirstfileexa.obj
 0001:0001fa5e       ___acrt_FindFirstFileExA   10020a5e f   libucrt:findfirstfileexa.obj
 0001:0001fac4       ??$__acrt_convert_wcs_mbs@_WD$$A6AIPADPB_WIPAU__crt_locale_pointers@@@ZU__crt_win32_buffer_no_resizing@@@@YAHQB_WAAV?$__crt_win32_buffer@DU__crt_win32_buffer_no_resizing@@@@A6AIPADPB_WIPAU__crt_locale_pointers@@@Z4@Z 10020ac4 f i libucrt:findnextfilea.obj
 0001:0001fb66       ?set_to_nullptr@?$__crt_win32_buffer@DU__crt_win32_buffer_no_resizing@@@@QAEXXZ 10020b66 f i libucrt:findnextfilea.obj
 0001:0001fb7a       ___acrt_FindNextFileA      10020b7a f   libucrt:findnextfilea.obj
 0001:0001fcbb       __mbsdec                   10020cbb f   libucrt:mbsdec.obj
 0001:0001fcd2       __mbsdec_l                 10020cd2 f   libucrt:mbsdec.obj
 0001:0001fd70       __msize                    10020d70 f   libucrt:msize.obj
 0001:0001fd7b       __msize_base               10020d7b f   libucrt:msize.obj
 0001:0001fdae       ?__mbrtoc32_utf8@__crt_mbstring@@YAIPA_UPBDIPAU_Mbstatet@@@Z 10020dae f   libucrt:mbrtoc32.obj
 0001:0001ff62       ?return_illegal_sequence@__crt_mbstring@@YAIPAU_Mbstatet@@@Z 10020f62 f i libucrt:mbrtoc32.obj
 0001:0001ffa0       __CIlog10                  10020fa0 f   libucrt:log10_impl.obj
 0001:0001ffdb       __CIlog10_default          10020fdb f   libucrt:log10_impl.obj
 0001:0001ffef       __log10_default            10020fef     libucrt:log10_impl.obj
 0001:000200b0       _ceil                      100210b0 f   libucrt:ceil_pentium4.obj
 0001:000200f0       __ceil_pentium4            100210f0 f   libucrt:ceil_pentium4.obj
 0001:000202eb       __itow_s                   100212eb f   libucrt:xtoa.obj
 0001:00020320       __wcsnicmp                 10021320 f   libucrt:wcsnicmp.obj
 0001:000203d1       __wcsnicmp_l               100213d1 f   libucrt:wcsnicmp.obj
 0001:000204ce       __query_app_type           100214ce f   libucrt:report_runtime_error.obj
 0001:000204f3       ___dcrt_lowio_ensure_console_output_initialized 100214f3 f   libucrt:initcon.obj
 0001:00020512       ___dcrt_terminate_console_output 10021512 f   libucrt:initcon.obj
 0001:00020529       ___dcrt_write_console      10021529 f   libucrt:initcon.obj
 0001:0002057e       ?__c16rtomb_utf8@__crt_mbstring@@YAIPAD_SPAU_Mbstatet@@@Z 1002157e f   libucrt:c16rtomb.obj
 0001:0002061c       ___acrt_LCMapStringW       1002161c f   libucrt:lcmapstringw.obj
 0001:00020660       __CIlog10_pentium4         10021660 f   libucrt:log10_pentium4.obj
 0001:00020678       __log10_pentium4           10021678     libucrt:log10_pentium4.obj
 0001:000208f0       __ceil_default             100218f0 f   libucrt:ceil.obj
 0001:000209a9       ?__c32rtomb_utf8@__crt_mbstring@@YAIPAD_UPAU_Mbstatet@@@Z 100219a9 f   libucrt:c32rtomb.obj
 0001:00020a58       _c32rtomb                  10021a58 f   libucrt:c32rtomb.obj
 0001:00020a70       ___ascii_strnicmp          10021a70 f   libucrt:_strnicm.obj
 0001:00020ad1       _IsProcessorFeaturePresent@4 10021ad1 f   kernel32:KERNEL32.dll
 0001:00020ad7       ?DloadAcquireSectionWriteAccess@@YGXXZ 10021ad7 f i DelayImp:delayhlp.obj
 0001:00020b0a       ?DloadGetSRWLockFunctionPointers@@YGEXZ 10021b0a f i DelayImp:delayhlp.obj
 0001:00020b7d       ?DloadLock@@YGXXZ          10021b7d f i DelayImp:delayhlp.obj
 0001:00020bbc       ?DloadMakePermanentImageCommit@@YGXPAXK@Z 10021bbc f i DelayImp:delayhlp.obj
 0001:00020c2b       ?DloadObtainSection@@YGPAXPAK0@Z 10021c2b f i DelayImp:delayhlp.obj
 0001:00020ca6       ?DloadProtectSection@@YGXKPAK@Z 10021ca6 f i DelayImp:delayhlp.obj
 0001:00020d14       ?DloadReleaseSectionWriteAccess@@YGXXZ 10021d14 f i DelayImp:delayhlp.obj
 0001:00020d4a       ?DloadUnlock@@YGXXZ        10021d4a f i DelayImp:delayhlp.obj
 0001:00020d76       ___delayLoadHelper2@8      10021d76 f   DelayImp:delayhlp.obj
 0001:00020ff0       __FindPESection            10021ff0 f   LIBCMT:pesect.obj
 0001:00021040       __IsNonwritableInCurrentImage 10022040 f   LIBCMT:pesect.obj
 0001:00021100       __ValidateImageBase        10022100 f   LIBCMT:pesect.obj
 0001:00021140       __aulldvrm                 10022140 f   LIBCMT:ulldvrm.obj
 0001:000211e0       __SEH_prolog4_GS           100221e0 f   LIBCMT:_sehprolg4gs_.obj
 0001:00021229       __SEH_epilog4_GS           10022229 f   LIBCMT:_sehprolg4gs_.obj
 0001:00021240       __allshl                   10022240 f   LIBCMT:llshl.obj
 0001:00021260       __aullshr                  10022260 f   LIBCMT:ullshr.obj
 0001:00021280       __alldvrm                  10022280 f   LIBCMT:lldvrm.obj
 0001:00021360       __alldiv                   10022360 f   LIBCMT:lldiv.obj
 0001:00021410       __ftol2_sse                10022410 f   LIBCMT:_ftol2_.obj
 0001:00021419       __ftol2_pentium4           10022419 f   LIBCMT:_ftol2_.obj
 0001:0002142c       __ftol2_sse_excpt          1002242c f   LIBCMT:_ftol2_.obj
 0001:00021450       __ftol2                    10022450 f   LIBCMT:_ftol2_.obj
 0001:000214d0       _strrchr                   100224d0 f   libvcruntime:strrchr.obj
 0001:00021610       _strchr                    10022610 f   libvcruntime:strchr.obj
 0001:0002167e       ___from_strstr_to_strchr   1002267e     libvcruntime:strchr.obj
 0001:0002173b       _wcschr                    1002273b f   libvcruntime:wcschr.obj
 0002:00000000       __imp__GetModuleHandleA@4  10023000     kernel32:KERNEL32.dll
 0002:00000004       __imp__VirtualQuery@12     10023004     kernel32:KERNEL32.dll
 0002:00000008       __imp__VirtualProtect@16   10023008     kernel32:KERNEL32.dll
 0002:0000000c       __imp__GetSystemInfo@4     1002300c     kernel32:KERNEL32.dll
 0002:00000010       __imp__WriteConsoleW@20    10023010     kernel32:KERNEL32.dll
 0002:00000014       __imp__CreateFileW@28      10023014     kernel32:KERNEL32.dll
[...]
 0002:0000e19c       __unwindtable$?_Locimp_dtor@_Locimp@locale@std@@CAXPAV123@@Z 1003119c     libcpmt:locale0.obj
 0002:0000e1a4       __ehfuncinfo$?_Locimp_dtor@_Locimp@locale@std@@CAXPAV123@@Z 100311a4     libcpmt:locale0.obj
 0002:0000e1c8       __unwindtable$?_Init@locale@std@@CAPAV_Locimp@12@_N@Z 100311c8     libcpmt:locale0.obj
 0002:0000e1d0       __ehfuncinfo$?_Init@locale@std@@CAPAV_Locimp@12@_N@Z 100311d0     libcpmt:locale0.obj
 0002:0000e2c0       __sehtable$?dllmain_crt_process_attach@@YAHQAUHINSTANCE__@@QAX@Z 100312c0     LIBCMT:dll_dllmain.obj
 0002:0000e2e0       __sehtable$?dllmain_crt_process_detach@@YAH_N@Z 100312e0     LIBCMT:dll_dllmain.obj
 0002:0000e300       __sehtable$?dllmain_dispatch@@YAHQAUHINSTANCE__@@KQAX@Z 10031300     LIBCMT:dll_dllmain.obj
 0002:0000e320       __sehtable$___scrt_is_nonwritable_in_current_image 10031320     LIBCMT:utility.obj
 0002:0000e378       __sehtable$___DestructExceptionObject 10031378     libvcruntime:ehhelpers.obj
 0002:0000e398       __sehtable$?FrameUnwindToState@__FrameHandler3@@SAXPAUEHRegistrationNode@@PAXPBU_s_FuncInfo@@H@Z 10031398     libvcruntime:frame.obj
 0002:0000e3c0       __sehtable$?CallCatchBlock@@YAPAXPAUEHExceptionRecord@@PAUEHRegistrationNode@@PAU_CONTEXT@@PBU_s_FuncInfo@@PAXHK@Z 100313c0     libvcruntime:frame.obj
 0002:0000e3e8       __catchsym$?CallUnexpected@@YAXPBU_s_ESTypeList@@@Z$2 100313e8     libvcruntime:frame.obj
 0002:0000e3f8       __unwindtable$?CallUnexpected@@YAXPBU_s_ESTypeList@@@Z 100313f8     libvcruntime:frame.obj
 0002:0000e408       __tryblocktable$?CallUnexpected@@YAXPBU_s_ESTypeList@@@Z 10031408     libvcruntime:frame.obj
 0002:0000e41c       __ehfuncinfo$?CallUnexpected@@YAXPBU_s_ESTypeList@@@Z 1003141c     libvcruntime:frame.obj
 0002:0000e440       __sehtable$??$BuildCatchObjectHelperInternal@$$CBU_s_HandlerType@@@@YAHPAUEHExceptionRecord@@PAXPBU_s_HandlerType@@PBU_s_CatchableType@@@Z 10031440     libvcruntime:frame.obj
 0002:0000e460       __sehtable$??$BuildCatchObjectInternal@$$CBU_s_HandlerType@@@@YAXPAUEHExceptionRecord@@PAXPBU_s_HandlerType@@PBU_s_CatchableType@@@Z 10031460     libvcruntime:frame.obj
 0002:0000e4b8       __sehtable$_terminate      100314b8     libucrt:terminate.obj
 0002:0000e4d8       __sehtable$_fclose         100314d8     libucrt:fclose.obj
 0002:0000e4f8       __sehtable$??$?RV<lambda_2866be3712abc81a800a822484c830d8>@@AAV<lambda_39ca0ed439415581b5b15c265174cece>@@V<lambda_2b24c74d71094a6cd0cb82e44167d71b>@@@?$__crt_seh_guarded_call@X@@QAEX$$QAV<lambda_2866be3712abc81a800a822484c830d8>@@AAV<lambda_39ca0ed439415581b5b15c265174cece>@@$$QAV<lambda_2b24c74d71094a6cd0cb82e44167d71b>@@@Z 100314f8     libucrt:fflush.obj
 0002:0000e518       __sehtable$??$?RV<lambda_2cc53f568c5a2bb6f192f930a45d44ea>@@AAV<lambda_ab61a845afdef5b7c387490eaf3616ee>@@V<lambda_c2ffc0b7726aa6be21d5f0026187e748>@@@?$__crt_seh_guarded_call@X@@QAEX$$QAV<lambda_2cc53f568c5a2bb6f192f930a45d44ea>@@AAV<lambda_ab61a845afdef5b7c387490eaf3616ee>@@$$QAV<lambda_c2ffc0b7726aa6be21d5f0026187e748>@@@Z 10031518     libucrt:fflush.obj
 0002:0000e538       __sehtable$??$?RV<lambda_6d20deecaf4856105ebacbad442d1079>@@AAV<lambda_9a32fed5bf61b6b509b2d3f6003082a1>@@V<lambda_63ea2239ed67c638ddbae41947fdf875>@@@?$__crt_seh_guarded_call@H@@QAEH$$QAV<lambda_6d20deecaf4856105ebacbad442d1079>@@AAV<lambda_9a32fed5bf61b6b509b2d3f6003082a1>@@$$QAV<lambda_63ea2239ed67c638ddbae41947fdf875>@@@Z 10031538     libucrt:fflush.obj
 0002:0000e558       __sehtable$_fgetc          10031558     libucrt:fgetc.obj
 0002:0000e578       __sehtable$_fputc          10031578     libucrt:fputc.obj
 0002:0000e598       __sehtable$_fread_s        10031598     libucrt:fread.obj
 0002:0000e5b8       __sehtable$?common_fseek@@YAHV__crt_stdio_stream@@_JH@Z 100315b8     libucrt:fseek.obj
 0002:0000e5d8       __sehtable$??$?RV<lambda_cd3bfd923e8d1349099e544c97b1bd8e>@@AAV<lambda_54dcfcba6f8e0c549fa430f4d53fb7dd>@@V<lambda_5e1d0fa2aa2b73b187bf8b7e1d30c7f8>@@@?$__crt_seh_guarded_call@I@@QAEI$$QAV<lambda_cd3bfd923e8d1349099e544c97b1bd8e>@@AAV<lambda_54dcfcba6f8e0c549fa430f4d53fb7dd>@@$$QAV<lambda_5e1d0fa2aa2b73b187bf8b7e1d30c7f8>@@@Z 100315d8     libucrt:fwrite.obj
 0002:0000e5f8       __sehtable$??$?RV<lambda_70c0770dcc4f6ec6272bb01dc82d3c91>@@AAV<lambda_ca71763b3c0644891230e4f79ea54fa6>@@V<lambda_ca266f0f09348b8765c113e3a39a2bc1>@@@?$__crt_seh_guarded_call@H@@QAEH$$QAV<lambda_70c0770dcc4f6ec6272bb01dc82d3c91>@@AAV<lambda_ca71763b3c0644891230e4f79ea54fa6>@@$$QAV<lambda_ca266f0f09348b8765c113e3a39a2bc1>@@@Z 100315f8     libucrt:setvbuf.obj
 0002:0000e618       __sehtable$_ungetc         10031618     libucrt:ungetc.obj
 0002:0000e638       __sehtable$??$?RV<lambda_0fef6fff2b5e6b53303c9058db11ae1f>@@AAV<lambda_082c17da81b0962e08c0587ee0fac50c>@@V<lambda_fa6e051aed0a38726081083cc7c328e9>@@@?$__crt_seh_guarded_call@PAD@@QAEPAD$$QAV<lambda_0fef6fff2b5e6b53303c9058db11ae1f>@@AAV<lambda_082c17da81b0962e08c0587ee0fac50c>@@$$QAV<lambda_fa6e051aed0a38726081083cc7c328e9>@@@Z 10031638     libucrt:setlocale.obj
 0002:0000e658       __sehtable$__query_new_handler 10031658     libucrt:new_handler.obj
 0002:0000e678       __sehtable$??R<lambda_6e4b09c48022b2350581041d5f6b0c4c>@@QBE@XZ 10031678     libucrt:exit.obj
 0002:0000e698       __sehtable$??$?RV<lambda_03b1d95aef87969028cfba75ccab2455>@@AAV<lambda_6e4b09c48022b2350581041d5f6b0c4c>@@V<lambda_22bdf7517842c4b3e53723af5aa32b9e>@@@?$__crt_seh_guarded_call@X@@QAEX$$QAV<lambda_03b1d95aef87969028cfba75ccab2455>@@AAV<lambda_6e4b09c48022b2350581041d5f6b0c4c>@@$$QAV<lambda_22bdf7517842c4b3e53723af5aa32b9e>@@@Z 10031698     libucrt:exit.obj
 0002:0000e6b8       __sehtable$??$?RV<lambda_7ac4055421038abea736e08bd20712a4>@@AAV<lambda_a10e4b102d4a2c3aac6f4f48bbdf488f>@@V<lambda_1da61822885009acd1bf848af4f9644b>@@@?$__crt_seh_guarded_call@H@@QAEH$$QAV<lambda_7ac4055421038abea736e08bd20712a4>@@AAV<lambda_a10e4b102d4a2c3aac6f4f48bbdf488f>@@$$QAV<lambda_1da61822885009acd1bf848af4f9644b>@@@Z 100316b8     libucrt:onexit.obj
 0002:0000e6d8       __sehtable$??$?RV<lambda_69a2805e680e0e292e8ba93315fe43a8>@@AAV<lambda_f03950bc5685219e0bcd2087efbe011e>@@V<lambda_03fcd07e894ec930e3f35da366ca99d6>@@@?$__crt_seh_guarded_call@H@@QAEH$$QAV<lambda_69a2805e680e0e292e8ba93315fe43a8>@@AAV<lambda_f03950bc5685219e0bcd2087efbe011e>@@$$QAV<lambda_03fcd07e894ec930e3f35da366ca99d6>@@@Z 100316d8     libucrt:onexit.obj
 0002:0000e6f8       __sehtable$_raise          100316f8     libucrt:signal.obj
 0002:0000e718       __sehtable$??$?RV<lambda_cbab9ec6f41b0180b23cc171c22676b0>@@AAV<lambda_44731a7d0e6d81c3e6aa82d741081786>@@V<lambda_4b292cb8dd18144e164572427af410ab>@@@?$__crt_seh_guarded_call@P6AXH@Z@@QAEP6AXH@Z$$QAV<lambda_cbab9ec6f41b0180b23cc171c22676b0>@@AAV<lambda_44731a7d0e6d81c3e6aa82d741081786>@@$$QAV<lambda_4b292cb8dd18144e164572427af410ab>@@@Z 10031718     libucrt:signal.obj
 0002:0000e738       __sehtable$??$?RV<lambda_15ade71b0218206bbe3333a0c9b79046>@@AAV<lambda_da44e0f8b0f19ba52fefafb335991732>@@V<lambda_207f2d024fc103971653565357d6cd41>@@@?$__crt_seh_guarded_call@X@@QAEX$$QAV<lambda_15ade71b0218206bbe3333a0c9b79046>@@AAV<lambda_da44e0f8b0f19ba52fefafb335991732>@@$$QAV<lambda_207f2d024fc103971653565357d6cd41>@@@Z 10031738     libucrt:per_thread_data.obj
 0002:0000e758       __sehtable$??$?RV<lambda_a7e850c220f1c8d1e6efeecdedd162c6>@@AAV<lambda_46720907175c18b6c9d2717bc0d2d362>@@V<lambda_9048902d66e8d99359bc9897bbb930a8>@@@?$__crt_seh_guarded_call@X@@QAEX$$QAV<lambda_a7e850c220f1c8d1e6efeecdedd162c6>@@AAV<lambda_46720907175c18b6c9d2717bc0d2d362>@@$$QAV<lambda_9048902d66e8d99359bc9897bbb930a8>@@@Z 10031758     libucrt:per_thread_data.obj
 0002:0000e778       __sehtable$??$?RV<lambda_38edbb1296d33220d7e4dd0ed76b244a>@@AAV<lambda_5ce1d447e08cb34b2473517608e21441>@@V<lambda_fb385d3da700c9147fc39e65dd577a8c>@@@?$__crt_seh_guarded_call@X@@QAEX$$QAV<lambda_38edbb1296d33220d7e4dd0ed76b244a>@@AAV<lambda_5ce1d447e08cb34b2473517608e21441>@@$$QAV<lambda_fb385d3da700c9147fc39e65dd577a8c>@@@Z 10031778     libucrt:per_thread_data.obj
 0002:0000e798       __sehtable$??$?RV<lambda_6affb1475c98b40b75cdec977db92e3c>@@AAV<lambda_b8d4b9c228a6ecc3f80208dbb4b4a104>@@V<lambda_608742c3c92a14382c1684fc64f96c88>@@@?$__crt_seh_guarded_call@X@@QAEX$$QAV<lambda_6affb1475c98b40b75cdec977db92e3c>@@AAV<lambda_b8d4b9c228a6ecc3f80208dbb4b4a104>@@$$QAV<lambda_608742c3c92a14382c1684fc64f96c88>@@@Z 10031798     libucrt:per_thread_data.obj
 0002:0000e7b8       __sehtable$??$?RV<lambda_e5124f882df8998aaf41531e079ba474>@@AAV<lambda_3e16ef9562a7dcce91392c22ab16ea36>@@V<lambda_e25ca0880e6ef98be67edffd8c599615>@@@?$__crt_seh_guarded_call@X@@QAEX$$QAV<lambda_e5124f882df8998aaf41531e079ba474>@@AAV<lambda_3e16ef9562a7dcce91392c22ab16ea36>@@$$QAV<lambda_e25ca0880e6ef98be67edffd8c599615>@@@Z 100317b8     libucrt:wsetlocale.obj
 0002:0000e7d8       __sehtable$??$?RV<lambda_4fdada1b837b2abbf20876fac97688ad>@@AAV<lambda_b57350f2640456a0859d250846f69caf>@@V<lambda_eed5e4f92b5b7d55fa22c48c484aaa54>@@@?$__crt_seh_guarded_call@X@@QAEX$$QAV<lambda_4fdada1b837b2abbf20876fac97688ad>@@AAV<lambda_b57350f2640456a0859d250846f69caf>@@$$QAV<lambda_eed5e4f92b5b7d55fa22c48c484aaa54>@@@Z 100317d8     libucrt:wsetlocale.obj
 0002:0000e7f8       __sehtable$??$?RV<lambda_135d2772fca65dc1248eeaa1b56e886a>@@AAV<lambda_2a444430fde8c29194d880d93eed5e8f>@@AAV<lambda_8dff2cf36a5417162780cd64fa2883ef>@@@?$__crt_seh_guarded_call@X@@QAEX$$QAV<lambda_135d2772fca65dc1248eeaa1b56e886a>@@AAV<lambda_2a444430fde8c29194d880d93eed5e8f>@@AAV<lambda_8dff2cf36a5417162780cd64fa2883ef>@@@Z 100317f8     libucrt:wsetlocale.obj
 0002:0000e818       __sehtable$___acrt_initialize_lowio 10031818     libucrt:ioinit.obj
 0002:0000e838       __sehtable$??$?RV<lambda_93797fb4802c957ba6a7f08e1250235b>@@AAV<lambda_1f3ce6bd48e0aa2e72a71c02eee379d3>@@V<lambda_56cae30c9364c9b6c15aeaac05d0418e>@@@?$__crt_seh_guarded_call@H@@QAEH$$QAV<lambda_93797fb4802c957ba6a7f08e1250235b>@@AAV<lambda_1f3ce6bd48e0aa2e72a71c02eee379d3>@@$$QAV<lambda_56cae30c9364c9b6c15aeaac05d0418e>@@@Z 10031838     libucrt:winapi_thunks.obj
 0002:0000e858       __sehtable$__fcloseall     10031858     libucrt:closeall.obj
 0002:0000e878       __sehtable$??$?RV<lambda_218ce3db14220d0be481dae8ef3383b6>@@AAV<lambda_628dfdc04ba53c8bfc02c9951375f3f5>@@V<lambda_57dc472bd5c9d5f3b2cbca59b8a843ae>@@@?$__crt_seh_guarded_call@H@@QAEH$$QAV<lambda_218ce3db14220d0be481dae8ef3383b6>@@AAV<lambda_628dfdc04ba53c8bfc02c9951375f3f5>@@$$QAV<lambda_57dc472bd5c9d5f3b2cbca59b8a843ae>@@@Z 10031878     libucrt:close.obj
 0002:0000e898       __sehtable$??$?RV<lambda_9e9de3de5fa147e2223d7db92bc10aa6>@@AAV<lambda_38ce7e780aa69e748d6df282ebc68efe>@@V<lambda_8ca6da459f0f6780f1cff60fdc3d00e5>@@@?$__crt_seh_guarded_call@H@@QAEH$$QAV<lambda_9e9de3de5fa147e2223d7db92bc10aa6>@@AAV<lambda_38ce7e780aa69e748d6df282ebc68efe>@@$$QAV<lambda_8ca6da459f0f6780f1cff60fdc3d00e5>@@@Z 10031898     libucrt:commit.obj
 0002:0000e8b8       __sehtable$__write         100318b8     libucrt:write.obj
 0002:0000e8d8       __sehtable$??$common_ftell@_J@@YA_JV__crt_stdio_stream@@@Z 100318d8     libucrt:ftell.obj
 0002:0000e8f8       __sehtable$__read          100318f8     libucrt:read.obj
 0002:0000e918       __sehtable$??$common_lseek@_J@@YA_JH_JH@Z 10031918     libucrt:lseek.obj
 0002:0000e934       __unwindtable$?_wcstombs_l_helper@@YAIPADPB_WIPAU__crt_locale_pointers@@@Z 10031934     libucrt:wcstombs.obj
 0002:0000e93c       __ehfuncinfo$?_wcstombs_l_helper@@YAIPADPB_WIPAU__crt_locale_pointers@@@Z 1003193c     libucrt:wcstombs.obj
 0002:0000e960       __sehtable$?update_thread_multibyte_data_internal@@YAPAU__crt_multibyte_data@@QAU__acrt_ptd@@QAPAU1@@Z 10031960     libucrt:mbctype.obj
 0002:0000e980       __sehtable$??$?RV<lambda_ceb1ee4838e85a9d631eb091e2fbe199>@@AAV<lambda_ae742caa10f662c28703da3d2ea5e57e>@@V<lambda_cd08b5d6af4937fe54fc07d0c9bf6b37>@@@?$__crt_seh_guarded_call@X@@QAEX$$QAV<lambda_ceb1ee4838e85a9d631eb091e2fbe199>@@AAV<lambda_ae742caa10f662c28703da3d2ea5e57e>@@$$QAV<lambda_cd08b5d6af4937fe54fc07d0c9bf6b37>@@@Z 10031980     libucrt:mbctype.obj
 0002:0000e9a0       __sehtable$___acrt_update_thread_locale_data 100319a0     libucrt:locale_refcounting.obj
 0002:0000e9c0       __sehtable$___acrt_lowio_ensure_fh_exists 100319c0     libucrt:osfinfo.obj
 0002:0000e9e0       __sehtable$__IsNonwritableInCurrentImage 100319e0     LIBCMT:pesect.obj
 0002:0000ee30       .edata                     10031e30     NTDirect32.exp
 0002:0000ee58       rgpv                       10031e58     NTDirect32.exp
 0002:0000ee5c       rgszName                   10031e5c     NTDirect32.exp
 0002:0000ee60       rgwOrd                     10031e60     NTDirect32.exp
 0002:0000ee62       szName                     10031e62     NTDirect32.exp
 0002:0000ee72       $N00001                    10031e72     NTDirect32.exp
 0002:0000f07c       .idata$6                   1003207c     kernel32:KERNEL32.dll
 0002:0000f08a       .idata$6                   1003208a     NtDirect:NtDirect.dll
 0003:00000000       ?init@std@@3JA             10033000     libcpmt:xlock.obj
 0003:0000005c       ?atcount_cdecl@@3IA        1003305c     libcpmt:iosptrs.obj
 0003:00000080       ?__vcrt_flsindex@@3KA      10033080     libvcruntime:per_thread_data.obj
 0003:000001c0       ?errno_no_memory@@3HA      100331c0     libucrt:errno.obj
 0003:000001c4       ?doserrno_no_memory@@3KA   100331c4     libucrt:errno.obj
 0003:000001d0       ?__acrt_flsindex@@3KA      100331d0     libucrt:per_thread_data.obj
 0003:000001d4       __ctype_loc_style          100331d4     libucrt:wsetlocale.obj
 0003:000003e0       ?tzstd_program@@3PADA      100333e0     libucrt:timeset.obj
 0003:00000420       ?tzdst_program@@3PADA      10033420     libucrt:timeset.obj
 0003:00000460       ?tzname_states@@3PAY01PADA 10033460     libucrt:timeset.obj
 0003:00000688       __mbctypes                 10033688     libucrt:mbctype.obj
 0003:00000790       __mbcasemaps               10033790     libucrt:mbctype.obj
 0003:00000890       ?__rgctypeflag@@3PADA      10033890     libucrt:mbctype.obj
 0003:00000898       ?__rgcode_page_info@@3PAUcode_page_info@@A 10033898     libucrt:mbctype.obj
 0003:00000990       ?__dcrt_lowio_console_output_handle@@3PAXA 10033990     libucrt:initcon.obj
 0003:000009b0       __module                   100339b0     main.obj
 0003:00000ea8       ?initlocks@std@@3V_Init_locks@1@A 10033ea8     libcpmt:xlock.obj
 0003:00000eb0       ?mtx@std@@3PAU_RTL_CRITICAL_SECTION@@A 10033eb0     libcpmt:xlock.obj
 0003:00000f70       ?initlocks@@3V_Init_locks@std@@A 10033f70     libcpmt:cout.obj
 0003:00000f71       ?init_cout@std@@3U_Init_cout@1@A 10033f71     libcpmt:cout.obj
 0003:00000fc8       ?fout@std@@3V?$basic_filebuf@DU?$char_traits@D@std@@@1@A 10033fc8     libcpmt:cout.obj
 0003:0000104c       ?classic_locale@std@@3Vlocale@1@A 1003404c     libcpmt:locale0.obj
 0003:00001054       ?_Fac_tidy_reg@std@@3U_Fac_tidy_reg_t@1@B 10034054     libcpmt:locale0.obj
 0003:00001058       ?_Fac_head@std@@3PAU_Fac_node@1@A 10034058     libcpmt:locale0.obj
 0003:0000105c       _global_locale             1003405c     libcpmt:locale0.obj
 0003:00001060       ?registered@?1??_Setgloballocale@locale@std@@CAXPAX@Z@4_NA 10034060     libcpmt:locale0.obj
 0003:0000110c       ?stdstr@std@@3PAPAVios_base@1@A 1003410c     libcpmt:ios.obj
 0003:00001134       ?stdopens@std@@3PADA       10034134     libcpmt:ios.obj
 0003:00001160       ?initlocks@std@@3V_Init_locks@1@A 10034160     libcpmt:iosptrs.obj
 0003:00001161       ?init_atexit@@3U_Init_atexit@@A 10034161     libcpmt:iosptrs.obj
 0003:00001164       ?atfuns_cdecl@@3PAP6AXXZA  10034164     libcpmt:iosptrs.obj
 0003:00001208       ?__proc_attached@@3HA      10034208     LIBCMT:dll_dllmain.obj
 0003:00001214       ?is_initialized_as_dll@@3_NA 10034214     LIBCMT:utility.obj
 0003:00001215       ?module_local_atexit_table_initialized@@3_NA 10034215     LIBCMT:utility.obj
 0003:00001218       ?module_local_atexit_table@@3U_onexit_table_t@@A 10034218     LIBCMT:utility.obj
 0003:00001224       ?module_local_at_quick_exit_table@@3U_onexit_table_t@@A 10034224     LIBCMT:utility.obj
 0003:00001230       _GS_ExceptionRecord        10034230     LIBCMT:gs_report.obj
 0003:00001280       _GS_ContextRecord          10034280     LIBCMT:gs_report.obj
 0003:00001574       ?__vcrt_startup_thread_ptd@@3U__vcrt_ptd@@A 10034574     libvcruntime:per_thread_data.obj
 0003:0000159c       ___vcrt_lock_table         1003459c     libvcruntime:locks.obj
 0003:000015b4       ___vcrt_locks_initialized  100345b4     libvcruntime:locks.obj
 0003:000015b8       ?module_handles@@3PAPAUHINSTANCE__@@A 100345b8     libvcruntime:winapi_downlevel.obj
 0003:000015c4       ?encoded_function_pointers@@3PAPAXA 100345c4     libvcruntime:winapi_downlevel.obj
 0003:00001600       ?heap@@3V_HeapManager@@A   10034600     libvcruntime:undname.obj
 0003:00001614       ?__acrt_invalid_parameter_handler@@3V?$dual_state_global@P6AXPB_W00II@Z@__crt_state_management@@A 10034614     libucrt:invalid_parameter.obj
 0003:00001620       ?__acrt_lock_table@@3PAU_RTL_CRITICAL_SECTION@@A 10034620     libucrt:locks.obj
 0003:00001770       ?__acrt_locks_initialized@@3IA 10034770     libucrt:locks.obj
 0003:00001780       ?__acrt_new_handler@@3V?$dual_state_global@P6AHI@Z@__crt_state_management@@A 10034780     libucrt:new_handler.obj
 0003:00001784       ?c_termination_complete@@3JA 10034784     libucrt:exit.obj
 0003:00001788       ?thread_local_exit_callback_func@@3P6GXPAXK0@ZA 10034788     libucrt:exit.obj
 0003:00001790       ?program_name@?1???$common_configure_argv@D@@YAHW4_crt_argv_mode@@@Z@4PADA 10034790     libucrt:argv_parsing.obj
 0003:000018c0       ?ctrlc_action@@3V?$dual_state_global@P6AXH@Z@__crt_state_management@@A 100348c0     libucrt:signal.obj
 0003:000018c4       ?ctrlbreak_action@@3V?$dual_state_global@P6AXH@Z@__crt_state_management@@A 100348c4     libucrt:signal.obj
 0003:000018c8       ?abort_action@@3V?$dual_state_global@P6AXH@Z@__crt_state_management@@A 100348c8     libucrt:signal.obj
 0003:000018cc       ?term_action@@3V?$dual_state_global@P6AXH@Z@__crt_state_management@@A 100348cc     libucrt:signal.obj
 0003:000018d0       ?internal_state@?1??_mbtowc_l@@9@4U_Mbstatet@@A 100348d0     libucrt:mbtowc.obj
 0003:00001af0       ?module_handles@@3PAPAUHINSTANCE__@@A 10034af0     libucrt:winapi_thunks.obj
 0003:00001b40       ?encoded_function_pointers@@3PAPAXA 10034b40     libucrt:winapi_thunks.obj
 0003:00001bc8       ?static_enum_proc@?1??enum_system_locales_ex_nolock@@YAHQ6GHPA_WKJ@Z@Z@4P6GH0KJ@ZA 10034bc8     libucrt:winapi_thunks.obj
 0003:00001bdc       ?_tzname@@3V?$dual_state_global@PAPAD@__crt_state_management@@A 10034bdc     libucrt:timeset.obj
 0003:00001be0       ?tz_api_used@@3HA          10034be0     libucrt:tzset.obj
 0003:00001be8       ?tz_info@@3U_TIME_ZONE_INFORMATION@@A 10034be8     libucrt:tzset.obj
 0003:00001ca0       ?fSystemSet@@3HA           10034ca0     libucrt:mbctype.obj
 0003:00001ca4       ?initialized@?1??__acrt_initialize_multibyte@@9@4_NA 10034ca4     libucrt:mbctype.obj
 0003:00001cc4       ?user_matherr@@3V?$dual_state_global@P6AHPAU_exception@@@Z@__crt_state_management@@A 10034cc4     libucrt:matherr.obj
 0003:00001cc8       ?__acrt_global_new_mode@@3V?$dual_state_global@J@__crt_state_management@@A 10034cc8     libucrt:new_mode.obj
 0003:00001ccc       __pmatherr_set             10034ccc     libucrt:libm_error.obj
 0003:00001cd0       ?internal_pst@?1??__mbrtoc32_utf8@__crt_mbstring@@YAIPA_UPBDIPAU_Mbstatet@@@Z@4U3@A 10034cd0     libucrt:mbrtoc32.obj
 0003:00001cd8       ?__acrt_app_type@@3W4_crt_app_type@@A 10034cd8     libucrt:report_runtime_error.obj
 0003:00001cdc       ?internal_pst@?1??__c16rtomb_utf8@__crt_mbstring@@YAIPAD_SPAU_Mbstatet@@@Z@4U3@A 10034cdc     libucrt:c16rtomb.obj
 0004:00000060       $R000000                   10035060     * linker generated manifest res *

 Exports

  ordinal    name

        1    __register_NTDirect32_
               exported name: _register_NTDirect32_
